<?xml version="1.0" encoding="ISO-8859-1" ?>
<link_info>
   <banner>TMS320C2000 Linker PC v18.1.3.LTS</banner>
   <copyright>Copyright (c) 1996-2017 Texas Instruments Incorporated</copyright>
   <link_time>0x5c03ed50</link_time>
   <link_errors>0x0</link_errors>
   <output_file>Q32_1604_WAVE_PLOT_F2833X_CCS8.out</output_file>
   <entry_point>
      <name>_c_int00</name>
      <address>0xb428</address>
   </entry_point>
   <input_file_list>
      <input_file id="fl-2">
         <path>.\DSP2833x_common\source\</path>
         <kind>object</kind>
         <file>DSP2833x_ADC_cal.obj</file>
         <name>DSP2833x_ADC_cal.obj</name>
      </input_file>
      <input_file id="fl-3">
         <path>.\DSP2833x_common\source\</path>
         <kind>object</kind>
         <file>DSP2833x_Adc.obj</file>
         <name>DSP2833x_Adc.obj</name>
      </input_file>
      <input_file id="fl-4">
         <path>.\DSP2833x_common\source\</path>
         <kind>object</kind>
         <file>DSP2833x_CSMPasswords.obj</file>
         <name>DSP2833x_CSMPasswords.obj</name>
      </input_file>
      <input_file id="fl-5">
         <path>.\DSP2833x_common\source\</path>
         <kind>object</kind>
         <file>DSP2833x_CodeStartBranch.obj</file>
         <name>DSP2833x_CodeStartBranch.obj</name>
      </input_file>
      <input_file id="fl-6">
         <path>.\DSP2833x_common\source\</path>
         <kind>object</kind>
         <file>DSP2833x_CpuTimers.obj</file>
         <name>DSP2833x_CpuTimers.obj</name>
      </input_file>
      <input_file id="fl-7">
         <path>.\DSP2833x_common\source\</path>
         <kind>object</kind>
         <file>DSP2833x_DBGIER.obj</file>
         <name>DSP2833x_DBGIER.obj</name>
      </input_file>
      <input_file id="fl-8">
         <path>.\DSP2833x_common\source\</path>
         <kind>object</kind>
         <file>DSP2833x_DMA.obj</file>
         <name>DSP2833x_DMA.obj</name>
      </input_file>
      <input_file id="fl-9">
         <path>.\DSP2833x_common\source\</path>
         <kind>object</kind>
         <file>DSP2833x_DefaultIsr.obj</file>
         <name>DSP2833x_DefaultIsr.obj</name>
      </input_file>
      <input_file id="fl-a">
         <path>.\DSP2833x_common\source\</path>
         <kind>object</kind>
         <file>DSP2833x_DisInt.obj</file>
         <name>DSP2833x_DisInt.obj</name>
      </input_file>
      <input_file id="fl-b">
         <path>.\DSP2833x_common\source\</path>
         <kind>object</kind>
         <file>DSP2833x_ECan.obj</file>
         <name>DSP2833x_ECan.obj</name>
      </input_file>
      <input_file id="fl-c">
         <path>.\DSP2833x_common\source\</path>
         <kind>object</kind>
         <file>DSP2833x_ECap.obj</file>
         <name>DSP2833x_ECap.obj</name>
      </input_file>
      <input_file id="fl-d">
         <path>.\DSP2833x_common\source\</path>
         <kind>object</kind>
         <file>DSP2833x_EPwm.obj</file>
         <name>DSP2833x_EPwm.obj</name>
      </input_file>
      <input_file id="fl-e">
         <path>.\DSP2833x_common\source\</path>
         <kind>object</kind>
         <file>DSP2833x_EQep.obj</file>
         <name>DSP2833x_EQep.obj</name>
      </input_file>
      <input_file id="fl-f">
         <path>.\DSP2833x_common\source\</path>
         <kind>object</kind>
         <file>DSP2833x_Gpio.obj</file>
         <name>DSP2833x_Gpio.obj</name>
      </input_file>
      <input_file id="fl-10">
         <path>.\DSP2833x_common\source\</path>
         <kind>object</kind>
         <file>DSP2833x_I2C.obj</file>
         <name>DSP2833x_I2C.obj</name>
      </input_file>
      <input_file id="fl-11">
         <path>.\DSP2833x_common\source\</path>
         <kind>object</kind>
         <file>DSP2833x_Mcbsp.obj</file>
         <name>DSP2833x_Mcbsp.obj</name>
      </input_file>
      <input_file id="fl-12">
         <path>.\DSP2833x_common\source\</path>
         <kind>object</kind>
         <file>DSP2833x_MemCopy.obj</file>
         <name>DSP2833x_MemCopy.obj</name>
      </input_file>
      <input_file id="fl-13">
         <path>.\DSP2833x_common\source\</path>
         <kind>object</kind>
         <file>DSP2833x_PieCtrl.obj</file>
         <name>DSP2833x_PieCtrl.obj</name>
      </input_file>
      <input_file id="fl-14">
         <path>.\DSP2833x_common\source\</path>
         <kind>object</kind>
         <file>DSP2833x_PieVect.obj</file>
         <name>DSP2833x_PieVect.obj</name>
      </input_file>
      <input_file id="fl-15">
         <path>.\DSP2833x_common\source\</path>
         <kind>object</kind>
         <file>DSP2833x_Sci.obj</file>
         <name>DSP2833x_Sci.obj</name>
      </input_file>
      <input_file id="fl-16">
         <path>.\DSP2833x_common\source\</path>
         <kind>object</kind>
         <file>DSP2833x_Spi.obj</file>
         <name>DSP2833x_Spi.obj</name>
      </input_file>
      <input_file id="fl-17">
         <path>.\DSP2833x_common\source\</path>
         <kind>object</kind>
         <file>DSP2833x_SysCtrl.obj</file>
         <name>DSP2833x_SysCtrl.obj</name>
      </input_file>
      <input_file id="fl-18">
         <path>.\DSP2833x_common\source\</path>
         <kind>object</kind>
         <file>DSP2833x_Xintf.obj</file>
         <name>DSP2833x_Xintf.obj</name>
      </input_file>
      <input_file id="fl-19">
         <path>.\DSP2833x_common\source\</path>
         <kind>object</kind>
         <file>DSP2833x_usDelay.obj</file>
         <name>DSP2833x_usDelay.obj</name>
      </input_file>
      <input_file id="fl-1a">
         <path>.\DSP2833x_headers\source\</path>
         <kind>object</kind>
         <file>DSP2833x_GlobalVariableDefs.obj</file>
         <name>DSP2833x_GlobalVariableDefs.obj</name>
      </input_file>
      <input_file id="fl-1b">
         <path>.\src\</path>
         <kind>object</kind>
         <file>adc.obj</file>
         <name>adc.obj</name>
      </input_file>
      <input_file id="fl-1c">
         <path>.\src\</path>
         <kind>object</kind>
         <file>key.obj</file>
         <name>key.obj</name>
      </input_file>
      <input_file id="fl-1d">
         <path>.\src\</path>
         <kind>object</kind>
         <file>lcd.obj</file>
         <name>lcd.obj</name>
      </input_file>
      <input_file id="fl-1e">
         <path>.\src\</path>
         <kind>object</kind>
         <file>lcd12864.obj</file>
         <name>lcd12864.obj</name>
      </input_file>
      <input_file id="fl-1f">
         <path>.\src\</path>
         <kind>object</kind>
         <file>lcd_const.obj</file>
         <name>lcd_const.obj</name>
      </input_file>
      <input_file id="fl-20">
         <path>.\src\</path>
         <kind>object</kind>
         <file>main.obj</file>
         <name>main.obj</name>
      </input_file>
      <input_file id="fl-21">
         <path>.\src\</path>
         <kind>object</kind>
         <file>queue.obj</file>
         <name>queue.obj</name>
      </input_file>
      <input_file id="fl-22">
         <path>.\src\</path>
         <kind>object</kind>
         <file>sci.obj</file>
         <name>sci.obj</name>
      </input_file>
      <input_file id="fl-27">
         <kind>object</kind>
         <file>&lt;internal&gt;</file>
         <name>&lt;internal&gt;</name>
      </input_file>
      <input_file id="fl-33">
         <path>C:\opt\ti\CCSv8.2.0\ccsv8\tools\compiler\ti-cgt-c2000_18.1.3.LTS\lib\</path>
         <kind>archive</kind>
         <file>rts2800_fpu32.lib</file>
         <name>boot28.asm.obj</name>
      </input_file>
      <input_file id="fl-34">
         <path>C:\opt\ti\CCSv8.2.0\ccsv8\tools\compiler\ti-cgt-c2000_18.1.3.LTS\lib\</path>
         <kind>archive</kind>
         <file>rts2800_fpu32.lib</file>
         <name>fs_div28.asm.obj</name>
      </input_file>
      <input_file id="fl-35">
         <path>C:\opt\ti\CCSv8.2.0\ccsv8\tools\compiler\ti-cgt-c2000_18.1.3.LTS\lib\</path>
         <kind>archive</kind>
         <file>rts2800_fpu32.lib</file>
         <name>l_div28.asm.obj</name>
      </input_file>
      <input_file id="fl-36">
         <path>C:\opt\ti\CCSv8.2.0\ccsv8\tools\compiler\ti-cgt-c2000_18.1.3.LTS\lib\</path>
         <kind>archive</kind>
         <file>rts2800_fpu32.lib</file>
         <name>cpy_tbl.c.obj</name>
      </input_file>
      <input_file id="fl-37">
         <path>C:\opt\ti\CCSv8.2.0\ccsv8\tools\compiler\ti-cgt-c2000_18.1.3.LTS\lib\</path>
         <kind>archive</kind>
         <file>rts2800_fpu32.lib</file>
         <name>memcpy.c.obj</name>
      </input_file>
      <input_file id="fl-38">
         <path>C:\opt\ti\CCSv8.2.0\ccsv8\tools\compiler\ti-cgt-c2000_18.1.3.LTS\lib\</path>
         <kind>archive</kind>
         <file>rts2800_fpu32.lib</file>
         <name>pre_init.c.obj</name>
      </input_file>
      <input_file id="fl-39">
         <path>C:\opt\ti\CCSv8.2.0\ccsv8\tools\compiler\ti-cgt-c2000_18.1.3.LTS\lib\</path>
         <kind>archive</kind>
         <file>rts2800_fpu32.lib</file>
         <name>startup.c.obj</name>
      </input_file>
      <input_file id="fl-3a">
         <path>C:\opt\ti\CCSv8.2.0\ccsv8\tools\compiler\ti-cgt-c2000_18.1.3.LTS\lib\</path>
         <kind>archive</kind>
         <file>rts2800_fpu32.lib</file>
         <name>exit.c.obj</name>
      </input_file>
      <input_file id="fl-3b">
         <path>C:\opt\ti\CCSv8.2.0\ccsv8\tools\compiler\ti-cgt-c2000_18.1.3.LTS\lib\</path>
         <kind>archive</kind>
         <file>rts2800_fpu32.lib</file>
         <name>memory.c.obj</name>
      </input_file>
      <input_file id="fl-3c">
         <path>C:\opt\ti\CCSv8.2.0\ccsv8\tools\compiler\ti-cgt-c2000_18.1.3.LTS\lib\</path>
         <kind>archive</kind>
         <file>rts2800_fpu32.lib</file>
         <name>_lock.c.obj</name>
      </input_file>
      <input_file id="fl-3d">
         <path>C:\opt\ti\CCSv8.2.0\ccsv8\tools\compiler\ti-cgt-c2000_18.1.3.LTS\lib\</path>
         <kind>archive</kind>
         <file>rts2800_fpu32.lib</file>
         <name>args_main.c.obj</name>
      </input_file>
      <input_file id="fl-3e">
         <path>C:\opt\ti\CCSv8.2.0\ccsv8\tools\compiler\ti-cgt-c2000_18.1.3.LTS\lib\</path>
         <kind>archive</kind>
         <file>rts2800_fpu32.lib</file>
         <name>sprintf.c.obj</name>
      </input_file>
      <input_file id="fl-3f">
         <path>C:\opt\ti\CCSv8.2.0\ccsv8\tools\compiler\ti-cgt-c2000_18.1.3.LTS\lib\</path>
         <kind>archive</kind>
         <file>rts2800_fpu32.lib</file>
         <name>_printfi.c.obj</name>
      </input_file>
      <input_file id="fl-40">
         <path>C:\opt\ti\CCSv8.2.0\ccsv8\tools\compiler\ti-cgt-c2000_18.1.3.LTS\lib\</path>
         <kind>archive</kind>
         <file>rts2800_fpu32.lib</file>
         <name>atoi.c.obj</name>
      </input_file>
      <input_file id="fl-41">
         <path>C:\opt\ti\CCSv8.2.0\ccsv8\tools\compiler\ti-cgt-c2000_18.1.3.LTS\lib\</path>
         <kind>archive</kind>
         <file>rts2800_fpu32.lib</file>
         <name>ctype.c.obj</name>
      </input_file>
      <input_file id="fl-42">
         <path>C:\opt\ti\CCSv8.2.0\ccsv8\tools\compiler\ti-cgt-c2000_18.1.3.LTS\lib\</path>
         <kind>archive</kind>
         <file>rts2800_fpu32.lib</file>
         <name>ltoa.c.obj</name>
      </input_file>
      <input_file id="fl-43">
         <path>C:\opt\ti\CCSv8.2.0\ccsv8\tools\compiler\ti-cgt-c2000_18.1.3.LTS\lib\</path>
         <kind>archive</kind>
         <file>rts2800_fpu32.lib</file>
         <name>memccpy.c.obj</name>
      </input_file>
      <input_file id="fl-44">
         <path>C:\opt\ti\CCSv8.2.0\ccsv8\tools\compiler\ti-cgt-c2000_18.1.3.LTS\lib\</path>
         <kind>archive</kind>
         <file>rts2800_fpu32.lib</file>
         <name>memset.c.obj</name>
      </input_file>
      <input_file id="fl-45">
         <path>C:\opt\ti\CCSv8.2.0\ccsv8\tools\compiler\ti-cgt-c2000_18.1.3.LTS\lib\</path>
         <kind>archive</kind>
         <file>rts2800_fpu32.lib</file>
         <name>strchr.c.obj</name>
      </input_file>
      <input_file id="fl-46">
         <path>C:\opt\ti\CCSv8.2.0\ccsv8\tools\compiler\ti-cgt-c2000_18.1.3.LTS\lib\</path>
         <kind>archive</kind>
         <file>rts2800_fpu32.lib</file>
         <name>strcpy.c.obj</name>
      </input_file>
      <input_file id="fl-47">
         <path>C:\opt\ti\CCSv8.2.0\ccsv8\tools\compiler\ti-cgt-c2000_18.1.3.LTS\lib\</path>
         <kind>archive</kind>
         <file>rts2800_fpu32.lib</file>
         <name>strlen.c.obj</name>
      </input_file>
      <input_file id="fl-48">
         <path>C:\opt\ti\CCSv8.2.0\ccsv8\tools\compiler\ti-cgt-c2000_18.1.3.LTS\lib\</path>
         <kind>archive</kind>
         <file>rts2800_fpu32.lib</file>
         <name>wcslen.c.obj</name>
      </input_file>
      <input_file id="fl-49">
         <path>C:\opt\ti\CCSv8.2.0\ccsv8\tools\compiler\ti-cgt-c2000_18.1.3.LTS\lib\</path>
         <kind>archive</kind>
         <file>rts2800_fpu32.lib</file>
         <name>s_frexp.c.obj</name>
      </input_file>
      <input_file id="fl-4a">
         <path>C:\opt\ti\CCSv8.2.0\ccsv8\tools\compiler\ti-cgt-c2000_18.1.3.LTS\lib\</path>
         <kind>archive</kind>
         <file>rts2800_fpu32.lib</file>
         <name>s_scalbn.c.obj</name>
      </input_file>
      <input_file id="fl-4b">
         <path>C:\opt\ti\CCSv8.2.0\ccsv8\tools\compiler\ti-cgt-c2000_18.1.3.LTS\lib\</path>
         <kind>archive</kind>
         <file>rts2800_fpu32.lib</file>
         <name>fd_add28.asm.obj</name>
      </input_file>
      <input_file id="fl-4c">
         <path>C:\opt\ti\CCSv8.2.0\ccsv8\tools\compiler\ti-cgt-c2000_18.1.3.LTS\lib\</path>
         <kind>archive</kind>
         <file>rts2800_fpu32.lib</file>
         <name>fd_cmp28.asm.obj</name>
      </input_file>
      <input_file id="fl-4d">
         <path>C:\opt\ti\CCSv8.2.0\ccsv8\tools\compiler\ti-cgt-c2000_18.1.3.LTS\lib\</path>
         <kind>archive</kind>
         <file>rts2800_fpu32.lib</file>
         <name>fd_div28.asm.obj</name>
      </input_file>
      <input_file id="fl-4e">
         <path>C:\opt\ti\CCSv8.2.0\ccsv8\tools\compiler\ti-cgt-c2000_18.1.3.LTS\lib\</path>
         <kind>archive</kind>
         <file>rts2800_fpu32.lib</file>
         <name>fd_mpy28.asm.obj</name>
      </input_file>
      <input_file id="fl-4f">
         <path>C:\opt\ti\CCSv8.2.0\ccsv8\tools\compiler\ti-cgt-c2000_18.1.3.LTS\lib\</path>
         <kind>archive</kind>
         <file>rts2800_fpu32.lib</file>
         <name>fd_neg28.asm.obj</name>
      </input_file>
      <input_file id="fl-50">
         <path>C:\opt\ti\CCSv8.2.0\ccsv8\tools\compiler\ti-cgt-c2000_18.1.3.LTS\lib\</path>
         <kind>archive</kind>
         <file>rts2800_fpu32.lib</file>
         <name>fd_sub28.asm.obj</name>
      </input_file>
      <input_file id="fl-51">
         <path>C:\opt\ti\CCSv8.2.0\ccsv8\tools\compiler\ti-cgt-c2000_18.1.3.LTS\lib\</path>
         <kind>archive</kind>
         <file>rts2800_fpu32.lib</file>
         <name>fd_toi28.asm.obj</name>
      </input_file>
      <input_file id="fl-52">
         <path>C:\opt\ti\CCSv8.2.0\ccsv8\tools\compiler\ti-cgt-c2000_18.1.3.LTS\lib\</path>
         <kind>archive</kind>
         <file>rts2800_fpu32.lib</file>
         <name>fd_tol28.asm.obj</name>
      </input_file>
      <input_file id="fl-53">
         <path>C:\opt\ti\CCSv8.2.0\ccsv8\tools\compiler\ti-cgt-c2000_18.1.3.LTS\lib\</path>
         <kind>archive</kind>
         <file>rts2800_fpu32.lib</file>
         <name>ll_aox28.asm.obj</name>
      </input_file>
      <input_file id="fl-54">
         <path>C:\opt\ti\CCSv8.2.0\ccsv8\tools\compiler\ti-cgt-c2000_18.1.3.LTS\lib\</path>
         <kind>archive</kind>
         <file>rts2800_fpu32.lib</file>
         <name>ll_cmp28.asm.obj</name>
      </input_file>
      <input_file id="fl-55">
         <path>C:\opt\ti\CCSv8.2.0\ccsv8\tools\compiler\ti-cgt-c2000_18.1.3.LTS\lib\</path>
         <kind>archive</kind>
         <file>rts2800_fpu32.lib</file>
         <name>ll_div28.asm.obj</name>
      </input_file>
      <input_file id="fl-56">
         <path>C:\opt\ti\CCSv8.2.0\ccsv8\tools\compiler\ti-cgt-c2000_18.1.3.LTS\lib\</path>
         <kind>archive</kind>
         <file>rts2800_fpu32.lib</file>
         <name>i_tofd28.asm.obj</name>
      </input_file>
      <input_file id="fl-57">
         <path>C:\opt\ti\CCSv8.2.0\ccsv8\tools\compiler\ti-cgt-c2000_18.1.3.LTS\lib\</path>
         <kind>archive</kind>
         <file>rts2800_fpu32.lib</file>
         <name>l_tofd28.asm.obj</name>
      </input_file>
      <input_file id="fl-58">
         <path>C:\opt\ti\CCSv8.2.0\ccsv8\tools\compiler\ti-cgt-c2000_18.1.3.LTS\lib\</path>
         <kind>archive</kind>
         <file>rts2800_fpu32.lib</file>
         <name>fs_tofdfpu32.asm.obj</name>
      </input_file>
      <input_file id="fl-59">
         <path>C:\opt\ti\CCSv8.2.0\ccsv8\tools\compiler\ti-cgt-c2000_18.1.3.LTS\lib\</path>
         <kind>archive</kind>
         <file>rts2800_fpu32.lib</file>
         <name>errno.c.obj</name>
      </input_file>
      <input_file id="fl-5a">
         <path>C:\opt\ti\CCSv8.2.0\ccsv8\tools\compiler\ti-cgt-c2000_18.1.3.LTS\lib\</path>
         <kind>archive</kind>
         <file>rts2800_fpu32.lib</file>
         <name>s_copysign.c.obj</name>
      </input_file>
   </input_file_list>
   <object_component_list>
      <object_component id="oc-5a">
         <name>codestart</name>
         <load_address>0x0</load_address>
         <run_address>0x0</run_address>
         <size>0x2</size>
         <input_file_ref idref="fl-5"/>
      </object_component>
      <object_component id="oc-c0">
         <name>ramfuncs</name>
         <load_address>0x832e</load_address>
         <run_address>0x832e</run_address>
         <size>0x4</size>
         <input_file_ref idref="fl-19"/>
      </object_component>
      <object_component id="oc-20f">
         <name>.text</name>
         <load_address>0x9000</load_address>
         <run_address>0x9000</run_address>
         <size>0xd5d</size>
         <input_file_ref idref="fl-3f"/>
      </object_component>
      <object_component id="oc-1fb">
         <name>.text</name>
         <load_address>0x9d5d</load_address>
         <run_address>0x9d5d</run_address>
         <size>0x3c7</size>
         <input_file_ref idref="fl-1d"/>
      </object_component>
      <object_component id="oc-1fd">
         <name>.text</name>
         <load_address>0xa124</load_address>
         <run_address>0xa124</run_address>
         <size>0x367</size>
         <input_file_ref idref="fl-20"/>
      </object_component>
      <object_component id="oc-70">
         <name>.text:retain</name>
         <load_address>0xa48b</load_address>
         <run_address>0xa48b</run_address>
         <size>0x316</size>
         <input_file_ref idref="fl-9"/>
      </object_component>
      <object_component id="oc-200">
         <name>.text</name>
         <load_address>0xa7a1</load_address>
         <run_address>0xa7a1</run_address>
         <size>0x25e</size>
         <input_file_ref idref="fl-21"/>
      </object_component>
      <object_component id="oc-20c">
         <name>.text</name>
         <load_address>0xa9ff</load_address>
         <run_address>0xa9ff</run_address>
         <size>0x1d2</size>
         <input_file_ref idref="fl-3b"/>
      </object_component>
      <object_component id="oc-1d9">
         <name>.text</name>
         <load_address>0xabd1</load_address>
         <run_address>0xabd1</run_address>
         <size>0x107</size>
         <input_file_ref idref="fl-55"/>
      </object_component>
      <object_component id="oc-201">
         <name>.text</name>
         <load_address>0xacd8</load_address>
         <run_address>0xacd8</run_address>
         <size>0xf8</size>
         <input_file_ref idref="fl-17"/>
      </object_component>
      <object_component id="oc-203">
         <name>.text</name>
         <load_address>0xadd0</load_address>
         <run_address>0xadd0</run_address>
         <size>0xe4</size>
         <input_file_ref idref="fl-1c"/>
      </object_component>
      <object_component id="oc-117">
         <name>.text:retain</name>
         <load_address>0xaeb4</load_address>
         <run_address>0xaeb4</run_address>
         <size>0xbc</size>
         <input_file_ref idref="fl-20"/>
      </object_component>
      <object_component id="oc-215">
         <name>.text</name>
         <load_address>0xaf70</load_address>
         <run_address>0xaf70</run_address>
         <size>0xae</size>
         <input_file_ref idref="fl-4a"/>
      </object_component>
      <object_component id="oc-207">
         <name>.text</name>
         <load_address>0xb01e</load_address>
         <run_address>0xb01e</run_address>
         <size>0xae</size>
         <input_file_ref idref="fl-22"/>
      </object_component>
      <object_component id="oc-1a7">
         <name>.text</name>
         <load_address>0xb0cc</load_address>
         <run_address>0xb0cc</run_address>
         <size>0x9c</size>
         <input_file_ref idref="fl-4b"/>
      </object_component>
      <object_component id="oc-1b1">
         <name>.text</name>
         <load_address>0xb168</load_address>
         <run_address>0xb168</run_address>
         <size>0x8b</size>
         <input_file_ref idref="fl-4d"/>
      </object_component>
      <object_component id="oc-12e">
         <name>.text</name>
         <load_address>0xb1f3</load_address>
         <run_address>0xb1f3</run_address>
         <size>0x88</size>
         <input_file_ref idref="fl-34"/>
      </object_component>
      <object_component id="oc-1b6">
         <name>.text</name>
         <load_address>0xb27b</load_address>
         <run_address>0xb27b</run_address>
         <size>0x83</size>
         <input_file_ref idref="fl-4e"/>
      </object_component>
      <object_component id="oc-206">
         <name>.text</name>
         <load_address>0xb2fe</load_address>
         <run_address>0xb2fe</run_address>
         <size>0x73</size>
         <input_file_ref idref="fl-6"/>
      </object_component>
      <object_component id="oc-123">
         <name>.text:retain</name>
         <load_address>0xb371</load_address>
         <run_address>0xb371</run_address>
         <size>0x5d</size>
         <input_file_ref idref="fl-22"/>
      </object_component>
      <object_component id="oc-214">
         <name>.text</name>
         <load_address>0xb3ce</load_address>
         <run_address>0xb3ce</run_address>
         <size>0x5a</size>
         <input_file_ref idref="fl-49"/>
      </object_component>
      <object_component id="oc-4c">
         <name>.text</name>
         <load_address>0xb428</load_address>
         <run_address>0xb428</run_address>
         <size>0x56</size>
         <input_file_ref idref="fl-33"/>
      </object_component>
      <object_component id="oc-20e">
         <name>.text</name>
         <load_address>0xb47e</load_address>
         <run_address>0xb47e</run_address>
         <size>0x4e</size>
         <input_file_ref idref="fl-15"/>
      </object_component>
      <object_component id="oc-209">
         <name>.text</name>
         <load_address>0xb4cc</load_address>
         <run_address>0xb4cc</run_address>
         <size>0x32</size>
         <input_file_ref idref="fl-3e"/>
      </object_component>
      <object_component id="oc-211">
         <name>.text</name>
         <load_address>0xb4fe</load_address>
         <run_address>0xb4fe</run_address>
         <size>0x31</size>
         <input_file_ref idref="fl-40"/>
      </object_component>
      <object_component id="oc-213">
         <name>.text</name>
         <load_address>0xb52f</load_address>
         <run_address>0xb52f</run_address>
         <size>0x2e</size>
         <input_file_ref idref="fl-42"/>
      </object_component>
      <object_component id="oc-1ac">
         <name>.text</name>
         <load_address>0xb55d</load_address>
         <run_address>0xb55d</run_address>
         <size>0x2a</size>
         <input_file_ref idref="fl-4c"/>
      </object_component>
      <object_component id="oc-133">
         <name>.text</name>
         <load_address>0xb587</load_address>
         <run_address>0xb587</run_address>
         <size>0x2a</size>
         <input_file_ref idref="fl-35"/>
      </object_component>
      <object_component id="oc-1fa">
         <name>.text</name>
         <load_address>0xb5b1</load_address>
         <run_address>0xb5b1</run_address>
         <size>0x29</size>
         <input_file_ref idref="fl-3a"/>
      </object_component>
      <object_component id="oc-204">
         <name>.text</name>
         <load_address>0xb5da</load_address>
         <run_address>0xb5da</run_address>
         <size>0x28</size>
         <input_file_ref idref="fl-13"/>
      </object_component>
      <object_component id="oc-21c">
         <name>.text</name>
         <load_address>0xb602</load_address>
         <run_address>0xb602</run_address>
         <size>0x25</size>
         <input_file_ref idref="fl-5a"/>
      </object_component>
      <object_component id="oc-1f7">
         <name>.text</name>
         <load_address>0xb627</load_address>
         <run_address>0xb627</run_address>
         <size>0x24</size>
         <input_file_ref idref="fl-36"/>
      </object_component>
      <object_component id="oc-1c5">
         <name>.text</name>
         <load_address>0xb64b</load_address>
         <run_address>0xb64b</run_address>
         <size>0x21</size>
         <input_file_ref idref="fl-51"/>
      </object_component>
      <object_component id="oc-205">
         <name>.text</name>
         <load_address>0xb66c</load_address>
         <run_address>0xb66c</run_address>
         <size>0x20</size>
         <input_file_ref idref="fl-14"/>
      </object_component>
      <object_component id="oc-1ca">
         <name>.text</name>
         <load_address>0xb68c</load_address>
         <run_address>0xb68c</run_address>
         <size>0x1f</size>
         <input_file_ref idref="fl-52"/>
      </object_component>
      <object_component id="oc-1d4">
         <name>.text</name>
         <load_address>0xb6ab</load_address>
         <run_address>0xb6ab</run_address>
         <size>0x1e</size>
         <input_file_ref idref="fl-54"/>
      </object_component>
      <object_component id="oc-1de">
         <name>.text</name>
         <load_address>0xb6c9</load_address>
         <run_address>0xb6c9</run_address>
         <size>0x1d</size>
         <input_file_ref idref="fl-56"/>
      </object_component>
      <object_component id="oc-1fc">
         <name>.text</name>
         <load_address>0xb6e6</load_address>
         <run_address>0xb6e6</run_address>
         <size>0x1d</size>
         <input_file_ref idref="fl-37"/>
      </object_component>
      <object_component id="oc-1e8">
         <name>.text</name>
         <load_address>0xb703</load_address>
         <run_address>0xb703</run_address>
         <size>0x1c</size>
         <input_file_ref idref="fl-58"/>
      </object_component>
      <object_component id="oc-1e3">
         <name>.text</name>
         <load_address>0xb71f</load_address>
         <run_address>0xb71f</run_address>
         <size>0x1c</size>
         <input_file_ref idref="fl-57"/>
      </object_component>
      <object_component id="oc-1f9">
         <name>.text</name>
         <load_address>0xb73b</load_address>
         <run_address>0xb73b</run_address>
         <size>0x19</size>
         <input_file_ref idref="fl-3d"/>
      </object_component>
      <object_component id="oc-1cf">
         <name>.text</name>
         <load_address>0xb754</load_address>
         <run_address>0xb754</run_address>
         <size>0x18</size>
         <input_file_ref idref="fl-53"/>
      </object_component>
      <object_component id="oc-202">
         <name>.text</name>
         <load_address>0xb76c</load_address>
         <run_address>0xb76c</run_address>
         <size>0x17</size>
         <input_file_ref idref="fl-f"/>
      </object_component>
      <object_component id="oc-208">
         <name>.text</name>
         <load_address>0xb783</load_address>
         <run_address>0xb783</run_address>
         <size>0x14</size>
         <input_file_ref idref="fl-3"/>
      </object_component>
      <object_component id="oc-1c0">
         <name>.text</name>
         <load_address>0xb797</load_address>
         <run_address>0xb797</run_address>
         <size>0xe</size>
         <input_file_ref idref="fl-50"/>
      </object_component>
      <object_component id="oc-219">
         <name>.text</name>
         <load_address>0xb7a5</load_address>
         <run_address>0xb7a5</run_address>
         <size>0xd</size>
         <input_file_ref idref="fl-43"/>
      </object_component>
      <object_component id="oc-217">
         <name>.text</name>
         <load_address>0xb7b2</load_address>
         <run_address>0xb7b2</run_address>
         <size>0xc</size>
         <input_file_ref idref="fl-44"/>
      </object_component>
      <object_component id="oc-216">
         <name>.text</name>
         <load_address>0xb7be</load_address>
         <run_address>0xb7be</run_address>
         <size>0xc</size>
         <input_file_ref idref="fl-45"/>
      </object_component>
      <object_component id="oc-20a">
         <name>.text</name>
         <load_address>0xb7ca</load_address>
         <run_address>0xb7ca</run_address>
         <size>0x9</size>
         <input_file_ref idref="fl-3c"/>
      </object_component>
      <object_component id="oc-1bb">
         <name>.text</name>
         <load_address>0xb7d3</load_address>
         <run_address>0xb7d3</run_address>
         <size>0x9</size>
         <input_file_ref idref="fl-4f"/>
      </object_component>
      <object_component id="oc-21a">
         <name>.text</name>
         <load_address>0xb7dc</load_address>
         <run_address>0xb7dc</run_address>
         <size>0x9</size>
         <input_file_ref idref="fl-48"/>
      </object_component>
      <object_component id="oc-59">
         <name>.text</name>
         <load_address>0xb7e5</load_address>
         <run_address>0xb7e5</run_address>
         <size>0x8</size>
         <input_file_ref idref="fl-5"/>
      </object_component>
      <object_component id="oc-212">
         <name>.text</name>
         <load_address>0xb7ed</load_address>
         <run_address>0xb7ed</run_address>
         <size>0x8</size>
         <input_file_ref idref="fl-47"/>
      </object_component>
      <object_component id="oc-75">
         <name>.text</name>
         <load_address>0xb7f5</load_address>
         <run_address>0xb7f5</run_address>
         <size>0x7</size>
         <input_file_ref idref="fl-a"/>
      </object_component>
      <object_component id="oc-218">
         <name>.text</name>
         <load_address>0xb7fc</load_address>
         <run_address>0xb7fc</run_address>
         <size>0x5</size>
         <input_file_ref idref="fl-46"/>
      </object_component>
      <object_component id="oc-65">
         <name>.text</name>
         <load_address>0xb801</load_address>
         <run_address>0xb801</run_address>
         <size>0x3</size>
         <input_file_ref idref="fl-7"/>
      </object_component>
      <object_component id="oc-1f6">
         <name>.text</name>
         <load_address>0xb804</load_address>
         <run_address>0xb804</run_address>
         <size>0x2</size>
         <input_file_ref idref="fl-38"/>
      </object_component>
      <object_component id="oc-1f8">
         <name>.text</name>
         <load_address>0xb806</load_address>
         <run_address>0xb806</run_address>
         <size>0x1</size>
         <input_file_ref idref="fl-39"/>
      </object_component>
      <object_component id="oc-111">
         <name>.cinit</name>
         <load_address>0x8000</load_address>
         <run_address>0x8000</run_address>
         <size>0x203</size>
         <input_file_ref idref="fl-1f"/>
      </object_component>
      <object_component id="oc-103">
         <name>.cinit</name>
         <load_address>0x8203</load_address>
         <run_address>0x8203</run_address>
         <size>0xa2</size>
         <input_file_ref idref="fl-1d"/>
      </object_component>
      <object_component id="oc-115">
         <name>.cinit</name>
         <load_address>0x82a5</load_address>
         <run_address>0x82a5</run_address>
         <size>0x47</size>
         <input_file_ref idref="fl-20"/>
      </object_component>
      <object_component id="oc-fc">
         <name>.cinit</name>
         <load_address>0x82ec</load_address>
         <run_address>0x82ec</run_address>
         <size>0x20</size>
         <input_file_ref idref="fl-1c"/>
      </object_component>
      <object_component id="oc-14d">
         <name>.cinit</name>
         <load_address>0x830c</load_address>
         <run_address>0x830c</run_address>
         <size>0xe</size>
         <input_file_ref idref="fl-3a"/>
      </object_component>
      <object_component id="oc-1ff">
         <name>.cinit:__lock</name>
         <load_address>0x831a</load_address>
         <run_address>0x831a</run_address>
         <size>0x5</size>
         <input_file_ref idref="fl-3c"/>
      </object_component>
      <object_component id="oc-20b">
         <name>.cinit:__unlock</name>
         <load_address>0x831f</load_address>
         <run_address>0x831f</run_address>
         <size>0x5</size>
         <input_file_ref idref="fl-3c"/>
      </object_component>
      <object_component id="oc-1ee">
         <name>.cinit</name>
         <load_address>0x8324</load_address>
         <run_address>0x8324</run_address>
         <size>0x4</size>
         <input_file_ref idref="fl-59"/>
      </object_component>
      <object_component id="oc-154">
         <name>.cinit</name>
         <load_address>0x8328</load_address>
         <run_address>0x8328</run_address>
         <size>0x4</size>
         <input_file_ref idref="fl-3b"/>
      </object_component>
      <object_component id="oc-128">
         <name>.stack</name>
         <uninitialized>true</uninitialized>
         <run_address>0x200000</run_address>
         <size>0x0</size>
         <input_file_ref idref="fl-33"/>
      </object_component>
      <object_component id="oc-274">
         <name>.stack</name>
         <uninitialized>true</uninitialized>
         <run_address>0x200000</run_address>
         <size>0x0</size>
      </object_component>
      <object_component id="oc-60">
         <name>.ebss</name>
         <uninitialized>true</uninitialized>
         <run_address>0xc2c2</run_address>
         <size>0x18</size>
         <input_file_ref idref="fl-6"/>
      </object_component>
      <object_component id="oc-fd">
         <name>.ebss</name>
         <uninitialized>true</uninitialized>
         <run_address>0xc2da</run_address>
         <size>0x16</size>
         <input_file_ref idref="fl-1c"/>
      </object_component>
      <object_component id="oc-104">
         <name>.ebss</name>
         <uninitialized>true</uninitialized>
         <run_address>0xc200</run_address>
         <size>0xc1</size>
         <input_file_ref idref="fl-1d"/>
      </object_component>
      <object_component id="oc-10a">
         <name>.ebss</name>
         <uninitialized>true</uninitialized>
         <run_address>0xc3c0</run_address>
         <size>0x14</size>
         <input_file_ref idref="fl-1e"/>
      </object_component>
      <object_component id="oc-112">
         <name>.ebss</name>
         <uninitialized>true</uninitialized>
         <run_address>0xc000</run_address>
         <size>0x200</size>
         <input_file_ref idref="fl-1f"/>
      </object_component>
      <object_component id="oc-116">
         <name>.ebss</name>
         <uninitialized>true</uninitialized>
         <run_address>0xc300</run_address>
         <size>0xc0</size>
         <input_file_ref idref="fl-20"/>
      </object_component>
      <object_component id="oc-14e">
         <name>.ebss</name>
         <uninitialized>true</uninitialized>
         <run_address>0xc2f8</run_address>
         <size>0x6</size>
         <input_file_ref idref="fl-3a"/>
      </object_component>
      <object_component id="oc-155">
         <name>.ebss</name>
         <uninitialized>true</uninitialized>
         <run_address>0xc2f0</run_address>
         <size>0x8</size>
         <input_file_ref idref="fl-3b"/>
      </object_component>
      <object_component id="oc-210">
         <name>.ebss:__unlock</name>
         <uninitialized>true</uninitialized>
         <run_address>0xc3d4</run_address>
         <size>0x2</size>
         <input_file_ref idref="fl-3c"/>
      </object_component>
      <object_component id="oc-1fe">
         <name>.ebss:__lock</name>
         <uninitialized>true</uninitialized>
         <run_address>0xc2fe</run_address>
         <size>0x2</size>
         <input_file_ref idref="fl-3c"/>
      </object_component>
      <object_component id="oc-1ef">
         <name>.ebss</name>
         <uninitialized>true</uninitialized>
         <run_address>0xc2c1</run_address>
         <size>0x1</size>
         <input_file_ref idref="fl-59"/>
      </object_component>
      <object_component id="oc-21b">
         <name>.econst:.string:__ctypes_</name>
         <load_address>0xd000</load_address>
         <run_address>0xd000</run_address>
         <size>0x101</size>
         <input_file_ref idref="fl-41"/>
      </object_component>
      <object_component id="oc-20d">
         <name>.econst:_PieVectTableInit</name>
         <load_address>0xd102</load_address>
         <run_address>0xd102</run_address>
         <size>0x100</size>
         <input_file_ref idref="fl-14"/>
      </object_component>
      <object_component id="oc-118">
         <name>.econst:.string</name>
         <load_address>0xd202</load_address>
         <run_address>0xd202</run_address>
         <size>0x27</size>
         <input_file_ref idref="fl-20"/>
      </object_component>
      <object_component id="oc-16c">
         <name>.econst:.string</name>
         <load_address>0xd22a</load_address>
         <run_address>0xd22a</run_address>
         <size>0x26</size>
         <input_file_ref idref="fl-3f"/>
      </object_component>
      <object_component id="oc-16b">
         <name>.econst</name>
         <load_address>0xd250</load_address>
         <run_address>0xd250</run_address>
         <size>0x1c</size>
         <input_file_ref idref="fl-3f"/>
      </object_component>
      <object_component id="oc-1a2">
         <name>.econst</name>
         <load_address>0xd26c</load_address>
         <run_address>0xd26c</run_address>
         <size>0x1c</size>
         <input_file_ref idref="fl-4a"/>
      </object_component>
      <object_component id="oc-10b">
         <name>.econst:.string</name>
         <load_address>0xd288</load_address>
         <run_address>0xd288</run_address>
         <size>0xf</size>
         <input_file_ref idref="fl-1e"/>
      </object_component>
      <object_component id="oc-19c">
         <name>.econst</name>
         <load_address>0xd298</load_address>
         <run_address>0xd298</run_address>
         <size>0x8</size>
         <input_file_ref idref="fl-49"/>
      </object_component>
      <object_component id="oc-129">
         <name>.reset</name>
         <load_address>0x3fffc0</load_address>
         <run_address>0x3fffc0</run_address>
         <size>0x2</size>
         <input_file_ref idref="fl-33"/>
      </object_component>
      <object_component id="oc-58">
         <name>csm_rsvd</name>
         <load_address>0x33ff80</load_address>
         <run_address>0x33ff80</run_address>
         <size>0x76</size>
         <input_file_ref idref="fl-4"/>
      </object_component>
      <object_component id="oc-57">
         <name>csmpasswds</name>
         <load_address>0x33fff8</load_address>
         <run_address>0x33fff8</run_address>
         <size>0x8</size>
         <input_file_ref idref="fl-4"/>
      </object_component>
      <object_component id="oc-4d">
         <name>.adc_cal</name>
         <load_address>0x380080</load_address>
         <run_address>0x380080</run_address>
         <size>0x7</size>
         <input_file_ref idref="fl-2"/>
      </object_component>
      <object_component id="oc-f7">
         <name>PieVectTableFile</name>
         <uninitialized>true</uninitialized>
         <run_address>0xd00</run_address>
         <size>0x100</size>
         <input_file_ref idref="fl-1a"/>
      </object_component>
      <object_component id="oc-f3">
         <name>DevEmuRegsFile</name>
         <uninitialized>true</uninitialized>
         <run_address>0x880</run_address>
         <size>0xd0</size>
         <input_file_ref idref="fl-1a"/>
      </object_component>
      <object_component id="oc-c9">
         <name>FlashRegsFile</name>
         <uninitialized>true</uninitialized>
         <run_address>0xa80</run_address>
         <size>0x8</size>
         <input_file_ref idref="fl-1a"/>
      </object_component>
      <object_component id="oc-d1">
         <name>CsmRegsFile</name>
         <uninitialized>true</uninitialized>
         <run_address>0xae0</run_address>
         <size>0x10</size>
         <input_file_ref idref="fl-1a"/>
      </object_component>
      <object_component id="oc-d2">
         <name>AdcMirrorFile</name>
         <uninitialized>true</uninitialized>
         <run_address>0xb00</run_address>
         <size>0x10</size>
         <input_file_ref idref="fl-1a"/>
      </object_component>
      <object_component id="oc-d6">
         <name>XintfRegsFile</name>
         <uninitialized>true</uninitialized>
         <run_address>0xb20</run_address>
         <size>0x1e</size>
         <input_file_ref idref="fl-1a"/>
      </object_component>
      <object_component id="oc-ca">
         <name>CpuTimer0RegsFile</name>
         <uninitialized>true</uninitialized>
         <run_address>0xc00</run_address>
         <size>0x8</size>
         <input_file_ref idref="fl-1a"/>
      </object_component>
      <object_component id="oc-cb">
         <name>CpuTimer1RegsFile</name>
         <uninitialized>true</uninitialized>
         <run_address>0xc08</run_address>
         <size>0x8</size>
         <input_file_ref idref="fl-1a"/>
      </object_component>
      <object_component id="oc-c7">
         <name>CpuTimer2RegsFile</name>
         <uninitialized>true</uninitialized>
         <run_address>0xc10</run_address>
         <size>0x8</size>
         <input_file_ref idref="fl-1a"/>
      </object_component>
      <object_component id="oc-d4">
         <name>PieCtrlRegsFile</name>
         <uninitialized>true</uninitialized>
         <run_address>0xce0</run_address>
         <size>0x1a</size>
         <input_file_ref idref="fl-1a"/>
      </object_component>
      <object_component id="oc-f4">
         <name>DmaRegsFile</name>
         <uninitialized>true</uninitialized>
         <run_address>0x1000</run_address>
         <size>0xe0</size>
         <input_file_ref idref="fl-1a"/>
      </object_component>
      <object_component id="oc-e7">
         <name>McbspaRegsFile</name>
         <uninitialized>true</uninitialized>
         <run_address>0x5000</run_address>
         <size>0x25</size>
         <input_file_ref idref="fl-1a"/>
      </object_component>
      <object_component id="oc-e6">
         <name>McbspbRegsFile</name>
         <uninitialized>true</uninitialized>
         <run_address>0x5040</run_address>
         <size>0x25</size>
         <input_file_ref idref="fl-1a"/>
      </object_component>
      <object_component id="oc-e9">
         <name>ECanaRegsFile</name>
         <uninitialized>true</uninitialized>
         <run_address>0x6000</run_address>
         <size>0x34</size>
         <input_file_ref idref="fl-1a"/>
      </object_component>
      <object_component id="oc-ed">
         <name>ECanaLAMRegsFile</name>
         <uninitialized>true</uninitialized>
         <run_address>0x6040</run_address>
         <size>0x40</size>
         <input_file_ref idref="fl-1a"/>
      </object_component>
      <object_component id="oc-f6">
         <name>ECanaMboxesFile</name>
         <uninitialized>true</uninitialized>
         <run_address>0x6100</run_address>
         <size>0x100</size>
         <input_file_ref idref="fl-1a"/>
      </object_component>
      <object_component id="oc-ee">
         <name>ECanaMOTSRegsFile</name>
         <uninitialized>true</uninitialized>
         <run_address>0x6080</run_address>
         <size>0x40</size>
         <input_file_ref idref="fl-1a"/>
      </object_component>
      <object_component id="oc-eb">
         <name>ECanaMOTORegsFile</name>
         <uninitialized>true</uninitialized>
         <run_address>0x60c0</run_address>
         <size>0x40</size>
         <input_file_ref idref="fl-1a"/>
      </object_component>
      <object_component id="oc-ea">
         <name>ECanbRegsFile</name>
         <uninitialized>true</uninitialized>
         <run_address>0x6200</run_address>
         <size>0x34</size>
         <input_file_ref idref="fl-1a"/>
      </object_component>
      <object_component id="oc-f2">
         <name>ECanbLAMRegsFile</name>
         <uninitialized>true</uninitialized>
         <run_address>0x6240</run_address>
         <size>0x40</size>
         <input_file_ref idref="fl-1a"/>
      </object_component>
      <object_component id="oc-f5">
         <name>ECanbMboxesFile</name>
         <uninitialized>true</uninitialized>
         <run_address>0x6300</run_address>
         <size>0x100</size>
         <input_file_ref idref="fl-1a"/>
      </object_component>
      <object_component id="oc-ec">
         <name>ECanbMOTSRegsFile</name>
         <uninitialized>true</uninitialized>
         <run_address>0x6280</run_address>
         <size>0x40</size>
         <input_file_ref idref="fl-1a"/>
      </object_component>
      <object_component id="oc-ef">
         <name>ECanbMOTORegsFile</name>
         <uninitialized>true</uninitialized>
         <run_address>0x62c0</run_address>
         <size>0x40</size>
         <input_file_ref idref="fl-1a"/>
      </object_component>
      <object_component id="oc-e4">
         <name>EPwm1RegsFile</name>
         <uninitialized>true</uninitialized>
         <run_address>0x6800</run_address>
         <size>0x22</size>
         <input_file_ref idref="fl-1a"/>
      </object_component>
      <object_component id="oc-df">
         <name>EPwm2RegsFile</name>
         <uninitialized>true</uninitialized>
         <run_address>0x6840</run_address>
         <size>0x22</size>
         <input_file_ref idref="fl-1a"/>
      </object_component>
      <object_component id="oc-e0">
         <name>EPwm3RegsFile</name>
         <uninitialized>true</uninitialized>
         <run_address>0x6880</run_address>
         <size>0x22</size>
         <input_file_ref idref="fl-1a"/>
      </object_component>
      <object_component id="oc-e5">
         <name>EPwm4RegsFile</name>
         <uninitialized>true</uninitialized>
         <run_address>0x68c0</run_address>
         <size>0x22</size>
         <input_file_ref idref="fl-1a"/>
      </object_component>
      <object_component id="oc-e2">
         <name>EPwm5RegsFile</name>
         <uninitialized>true</uninitialized>
         <run_address>0x6900</run_address>
         <size>0x22</size>
         <input_file_ref idref="fl-1a"/>
      </object_component>
      <object_component id="oc-e3">
         <name>EPwm6RegsFile</name>
         <uninitialized>true</uninitialized>
         <run_address>0x6940</run_address>
         <size>0x22</size>
         <input_file_ref idref="fl-1a"/>
      </object_component>
      <object_component id="oc-d9">
         <name>ECap1RegsFile</name>
         <uninitialized>true</uninitialized>
         <run_address>0x6a00</run_address>
         <size>0x20</size>
         <input_file_ref idref="fl-1a"/>
      </object_component>
      <object_component id="oc-da">
         <name>ECap2RegsFile</name>
         <uninitialized>true</uninitialized>
         <run_address>0x6a20</run_address>
         <size>0x20</size>
         <input_file_ref idref="fl-1a"/>
      </object_component>
      <object_component id="oc-d7">
         <name>ECap3RegsFile</name>
         <uninitialized>true</uninitialized>
         <run_address>0x6a40</run_address>
         <size>0x20</size>
         <input_file_ref idref="fl-1a"/>
      </object_component>
      <object_component id="oc-d8">
         <name>ECap4RegsFile</name>
         <uninitialized>true</uninitialized>
         <run_address>0x6a60</run_address>
         <size>0x20</size>
         <input_file_ref idref="fl-1a"/>
      </object_component>
      <object_component id="oc-dd">
         <name>ECap5RegsFile</name>
         <uninitialized>true</uninitialized>
         <run_address>0x6a80</run_address>
         <size>0x20</size>
         <input_file_ref idref="fl-1a"/>
      </object_component>
      <object_component id="oc-de">
         <name>ECap6RegsFile</name>
         <uninitialized>true</uninitialized>
         <run_address>0x6aa0</run_address>
         <size>0x20</size>
         <input_file_ref idref="fl-1a"/>
      </object_component>
      <object_component id="oc-f0">
         <name>EQep1RegsFile</name>
         <uninitialized>true</uninitialized>
         <run_address>0x6b00</run_address>
         <size>0x40</size>
         <input_file_ref idref="fl-1a"/>
      </object_component>
      <object_component id="oc-f1">
         <name>EQep2RegsFile</name>
         <uninitialized>true</uninitialized>
         <run_address>0x6b40</run_address>
         <size>0x40</size>
         <input_file_ref idref="fl-1a"/>
      </object_component>
      <object_component id="oc-e8">
         <name>GpioCtrlRegsFile</name>
         <uninitialized>true</uninitialized>
         <run_address>0x6f80</run_address>
         <size>0x2e</size>
         <input_file_ref idref="fl-1a"/>
      </object_component>
      <object_component id="oc-db">
         <name>GpioDataRegsFile</name>
         <uninitialized>true</uninitialized>
         <run_address>0x6fc0</run_address>
         <size>0x20</size>
         <input_file_ref idref="fl-1a"/>
      </object_component>
      <object_component id="oc-cc">
         <name>GpioIntRegsFile</name>
         <uninitialized>true</uninitialized>
         <run_address>0x6fe0</run_address>
         <size>0xa</size>
         <input_file_ref idref="fl-1a"/>
      </object_component>
      <object_component id="oc-dc">
         <name>SysCtrlRegsFile</name>
         <uninitialized>true</uninitialized>
         <run_address>0x7010</run_address>
         <size>0x20</size>
         <input_file_ref idref="fl-1a"/>
      </object_component>
      <object_component id="oc-cd">
         <name>SpiaRegsFile</name>
         <uninitialized>true</uninitialized>
         <run_address>0x7040</run_address>
         <size>0x10</size>
         <input_file_ref idref="fl-1a"/>
      </object_component>
      <object_component id="oc-d0">
         <name>SciaRegsFile</name>
         <uninitialized>true</uninitialized>
         <run_address>0x7050</run_address>
         <size>0x10</size>
         <input_file_ref idref="fl-1a"/>
      </object_component>
      <object_component id="oc-d3">
         <name>XIntruptRegsFile</name>
         <uninitialized>true</uninitialized>
         <run_address>0x7070</run_address>
         <size>0x10</size>
         <input_file_ref idref="fl-1a"/>
      </object_component>
      <object_component id="oc-d5">
         <name>AdcRegsFile</name>
         <uninitialized>true</uninitialized>
         <run_address>0x7100</run_address>
         <size>0x1e</size>
         <input_file_ref idref="fl-1a"/>
      </object_component>
      <object_component id="oc-ce">
         <name>ScibRegsFile</name>
         <uninitialized>true</uninitialized>
         <run_address>0x7750</run_address>
         <size>0x10</size>
         <input_file_ref idref="fl-1a"/>
      </object_component>
      <object_component id="oc-cf">
         <name>ScicRegsFile</name>
         <uninitialized>true</uninitialized>
         <run_address>0x7770</run_address>
         <size>0x10</size>
         <input_file_ref idref="fl-1a"/>
      </object_component>
      <object_component id="oc-e1">
         <name>I2caRegsFile</name>
         <uninitialized>true</uninitialized>
         <run_address>0x7900</run_address>
         <size>0x22</size>
         <input_file_ref idref="fl-1a"/>
      </object_component>
      <object_component id="oc-c8">
         <name>CsmPwlFile</name>
         <uninitialized>true</uninitialized>
         <run_address>0x33fff8</run_address>
         <size>0x8</size>
         <input_file_ref idref="fl-1a"/>
      </object_component>
      <object_component id="oc-c6">
         <name>PartIdRegsFile</name>
         <uninitialized>true</uninitialized>
         <run_address>0x380090</run_address>
         <size>0x1</size>
         <input_file_ref idref="fl-1a"/>
      </object_component>
      <object_component id="oc-4e">
         <name>.debug_info</name>
         <load_address>0x0</load_address>
         <run_address>0x0</run_address>
         <size>0x121</size>
         <input_file_ref idref="fl-2"/>
      </object_component>
      <object_component id="oc-52">
         <name>.debug_info</name>
         <load_address>0x121</load_address>
         <run_address>0x121</run_address>
         <size>0x1f6a</size>
         <input_file_ref idref="fl-3"/>
      </object_component>
      <object_component id="oc-5b">
         <name>.debug_info</name>
         <load_address>0x208b</load_address>
         <run_address>0x208b</run_address>
         <size>0x16f</size>
         <input_file_ref idref="fl-5"/>
      </object_component>
      <object_component id="oc-5f">
         <name>.debug_info</name>
         <load_address>0x21fa</load_address>
         <run_address>0x21fa</run_address>
         <size>0xa26</size>
         <input_file_ref idref="fl-6"/>
      </object_component>
      <object_component id="oc-66">
         <name>.debug_info</name>
         <load_address>0x2c20</load_address>
         <run_address>0x2c20</run_address>
         <size>0x11f</size>
         <input_file_ref idref="fl-7"/>
      </object_component>
      <object_component id="oc-6a">
         <name>.debug_info</name>
         <load_address>0x2d3f</load_address>
         <run_address>0x2d3f</run_address>
         <size>0x1759</size>
         <input_file_ref idref="fl-8"/>
      </object_component>
      <object_component id="oc-6f">
         <name>.debug_info</name>
         <load_address>0x4498</load_address>
         <run_address>0x4498</run_address>
         <size>0x2e67</size>
         <input_file_ref idref="fl-9"/>
      </object_component>
      <object_component id="oc-76">
         <name>.debug_info</name>
         <load_address>0x72ff</load_address>
         <run_address>0x72ff</run_address>
         <size>0x125</size>
         <input_file_ref idref="fl-a"/>
      </object_component>
      <object_component id="oc-7a">
         <name>.debug_info</name>
         <load_address>0x7424</load_address>
         <run_address>0x7424</run_address>
         <size>0x5dc0</size>
         <input_file_ref idref="fl-b"/>
      </object_component>
      <object_component id="oc-7f">
         <name>.debug_info</name>
         <load_address>0xd1e4</load_address>
         <run_address>0xd1e4</run_address>
         <size>0x1bce</size>
         <input_file_ref idref="fl-c"/>
      </object_component>
      <object_component id="oc-84">
         <name>.debug_info</name>
         <load_address>0xedb2</load_address>
         <run_address>0xedb2</run_address>
         <size>0x1bce</size>
         <input_file_ref idref="fl-d"/>
      </object_component>
      <object_component id="oc-89">
         <name>.debug_info</name>
         <load_address>0x10980</load_address>
         <run_address>0x10980</run_address>
         <size>0x1bce</size>
         <input_file_ref idref="fl-e"/>
      </object_component>
      <object_component id="oc-8e">
         <name>.debug_info</name>
         <load_address>0x1254e</load_address>
         <run_address>0x1254e</run_address>
         <size>0x1c4f</size>
         <input_file_ref idref="fl-f"/>
      </object_component>
      <object_component id="oc-93">
         <name>.debug_info</name>
         <load_address>0x1419d</load_address>
         <run_address>0x1419d</run_address>
         <size>0x1bcd</size>
         <input_file_ref idref="fl-10"/>
      </object_component>
      <object_component id="oc-98">
         <name>.debug_info</name>
         <load_address>0x15d6a</load_address>
         <run_address>0x15d6a</run_address>
         <size>0x49ed</size>
         <input_file_ref idref="fl-11"/>
      </object_component>
      <object_component id="oc-9d">
         <name>.debug_info</name>
         <load_address>0x1a757</load_address>
         <run_address>0x1a757</run_address>
         <size>0x399</size>
         <input_file_ref idref="fl-12"/>
      </object_component>
      <object_component id="oc-a2">
         <name>.debug_info</name>
         <load_address>0x1aaf0</load_address>
         <run_address>0x1aaf0</run_address>
         <size>0xbce</size>
         <input_file_ref idref="fl-13"/>
      </object_component>
      <object_component id="oc-a7">
         <name>.debug_info</name>
         <load_address>0x1b6be</load_address>
         <run_address>0x1b6be</run_address>
         <size>0x232c</size>
         <input_file_ref idref="fl-14"/>
      </object_component>
      <object_component id="oc-ac">
         <name>.debug_info</name>
         <load_address>0x1d9ea</load_address>
         <run_address>0x1d9ea</run_address>
         <size>0x1eb3</size>
         <input_file_ref idref="fl-15"/>
      </object_component>
      <object_component id="oc-b1">
         <name>.debug_info</name>
         <load_address>0x1f89d</load_address>
         <run_address>0x1f89d</run_address>
         <size>0x1bcd</size>
         <input_file_ref idref="fl-16"/>
      </object_component>
      <object_component id="oc-b6">
         <name>.debug_info</name>
         <load_address>0x2146a</load_address>
         <run_address>0x2146a</run_address>
         <size>0x219f</size>
         <input_file_ref idref="fl-17"/>
      </object_component>
      <object_component id="oc-bb">
         <name>.debug_info</name>
         <load_address>0x23609</load_address>
         <run_address>0x23609</run_address>
         <size>0x2185</size>
         <input_file_ref idref="fl-18"/>
      </object_component>
      <object_component id="oc-c1">
         <name>.debug_info</name>
         <load_address>0x2578e</load_address>
         <run_address>0x2578e</run_address>
         <size>0x121</size>
         <input_file_ref idref="fl-19"/>
      </object_component>
      <object_component id="oc-c5">
         <name>.debug_info</name>
         <load_address>0x258af</load_address>
         <run_address>0x258af</run_address>
         <size>0x1343b</size>
         <input_file_ref idref="fl-1a"/>
      </object_component>
      <object_component id="oc-f9">
         <name>.debug_info</name>
         <load_address>0x38cea</load_address>
         <run_address>0x38cea</run_address>
         <size>0x180</size>
         <input_file_ref idref="fl-1b"/>
      </object_component>
      <object_component id="oc-fb">
         <name>.debug_info</name>
         <load_address>0x38e6a</load_address>
         <run_address>0x38e6a</run_address>
         <size>0x2149</size>
         <input_file_ref idref="fl-1c"/>
      </object_component>
      <object_component id="oc-102">
         <name>.debug_info</name>
         <load_address>0x3afb3</load_address>
         <run_address>0x3afb3</run_address>
         <size>0x33bc</size>
         <input_file_ref idref="fl-1d"/>
      </object_component>
      <object_component id="oc-109">
         <name>.debug_info</name>
         <load_address>0x3e36f</load_address>
         <run_address>0x3e36f</run_address>
         <size>0x1e0c</size>
         <input_file_ref idref="fl-1e"/>
      </object_component>
      <object_component id="oc-110">
         <name>.debug_info</name>
         <load_address>0x4017b</load_address>
         <run_address>0x4017b</run_address>
         <size>0x1ae</size>
         <input_file_ref idref="fl-1f"/>
      </object_component>
      <object_component id="oc-114">
         <name>.debug_info</name>
         <load_address>0x40329</load_address>
         <run_address>0x40329</run_address>
         <size>0x667b</size>
         <input_file_ref idref="fl-20"/>
      </object_component>
      <object_component id="oc-11d">
         <name>.debug_info</name>
         <load_address>0x469a4</load_address>
         <run_address>0x469a4</run_address>
         <size>0x119e</size>
         <input_file_ref idref="fl-21"/>
      </object_component>
      <object_component id="oc-122">
         <name>.debug_info</name>
         <load_address>0x47b42</load_address>
         <run_address>0x47b42</run_address>
         <size>0x1ac3</size>
         <input_file_ref idref="fl-22"/>
      </object_component>
      <object_component id="oc-12a">
         <name>.debug_info</name>
         <load_address>0x49605</load_address>
         <run_address>0x49605</run_address>
         <size>0x16b</size>
         <input_file_ref idref="fl-33"/>
      </object_component>
      <object_component id="oc-12f">
         <name>.debug_info</name>
         <load_address>0x49770</load_address>
         <run_address>0x49770</run_address>
         <size>0x10c</size>
         <input_file_ref idref="fl-34"/>
      </object_component>
      <object_component id="oc-134">
         <name>.debug_info</name>
         <load_address>0x4987c</load_address>
         <run_address>0x4987c</run_address>
         <size>0x19d</size>
         <input_file_ref idref="fl-35"/>
      </object_component>
      <object_component id="oc-138">
         <name>.debug_info</name>
         <load_address>0x49a19</load_address>
         <run_address>0x49a19</run_address>
         <size>0x57f</size>
         <input_file_ref idref="fl-36"/>
      </object_component>
      <object_component id="oc-13d">
         <name>.debug_info</name>
         <load_address>0x49f98</load_address>
         <run_address>0x49f98</run_address>
         <size>0x47a</size>
         <input_file_ref idref="fl-37"/>
      </object_component>
      <object_component id="oc-142">
         <name>.debug_info</name>
         <load_address>0x4a412</load_address>
         <run_address>0x4a412</run_address>
         <size>0x3ed</size>
         <input_file_ref idref="fl-38"/>
      </object_component>
      <object_component id="oc-147">
         <name>.debug_info</name>
         <load_address>0x4a7ff</load_address>
         <run_address>0x4a7ff</run_address>
         <size>0x3ea</size>
         <input_file_ref idref="fl-39"/>
      </object_component>
      <object_component id="oc-14c">
         <name>.debug_info</name>
         <load_address>0x4abe9</load_address>
         <run_address>0x4abe9</run_address>
         <size>0x584</size>
         <input_file_ref idref="fl-3a"/>
      </object_component>
      <object_component id="oc-153">
         <name>.debug_info</name>
         <load_address>0x4b16d</load_address>
         <run_address>0x4b16d</run_address>
         <size>0xb24</size>
         <input_file_ref idref="fl-3b"/>
      </object_component>
      <object_component id="oc-15b">
         <name>.debug_info</name>
         <load_address>0x4bc91</load_address>
         <run_address>0x4bc91</run_address>
         <size>0x50c</size>
         <input_file_ref idref="fl-3c"/>
      </object_component>
      <object_component id="oc-160">
         <name>.debug_info</name>
         <load_address>0x4c19d</load_address>
         <run_address>0x4c19d</run_address>
         <size>0x4a7</size>
         <input_file_ref idref="fl-3d"/>
      </object_component>
      <object_component id="oc-165">
         <name>.debug_info</name>
         <load_address>0x4c644</load_address>
         <run_address>0x4c644</run_address>
         <size>0x670</size>
         <input_file_ref idref="fl-3e"/>
      </object_component>
      <object_component id="oc-16a">
         <name>.debug_info</name>
         <load_address>0x4ccb4</load_address>
         <run_address>0x4ccb4</run_address>
         <size>0x2632</size>
         <input_file_ref idref="fl-3f"/>
      </object_component>
      <object_component id="oc-171">
         <name>.debug_info</name>
         <load_address>0x4f2e6</load_address>
         <run_address>0x4f2e6</run_address>
         <size>0x45f</size>
         <input_file_ref idref="fl-40"/>
      </object_component>
      <object_component id="oc-176">
         <name>.debug_info</name>
         <load_address>0x4f745</load_address>
         <run_address>0x4f745</run_address>
         <size>0x1dc</size>
         <input_file_ref idref="fl-41"/>
      </object_component>
      <object_component id="oc-178">
         <name>.debug_info</name>
         <load_address>0x4f921</load_address>
         <run_address>0x4f921</run_address>
         <size>0x49f</size>
         <input_file_ref idref="fl-42"/>
      </object_component>
      <object_component id="oc-17d">
         <name>.debug_info</name>
         <load_address>0x4fdc0</load_address>
         <run_address>0x4fdc0</run_address>
         <size>0x478</size>
         <input_file_ref idref="fl-43"/>
      </object_component>
      <object_component id="oc-182">
         <name>.debug_info</name>
         <load_address>0x50238</load_address>
         <run_address>0x50238</run_address>
         <size>0x532</size>
         <input_file_ref idref="fl-44"/>
      </object_component>
      <object_component id="oc-187">
         <name>.debug_info</name>
         <load_address>0x5076a</load_address>
         <run_address>0x5076a</run_address>
         <size>0x521</size>
         <input_file_ref idref="fl-45"/>
      </object_component>
      <object_component id="oc-18c">
         <name>.debug_info</name>
         <load_address>0x50c8b</load_address>
         <run_address>0x50c8b</run_address>
         <size>0x514</size>
         <input_file_ref idref="fl-46"/>
      </object_component>
      <object_component id="oc-191">
         <name>.debug_info</name>
         <load_address>0x5119f</load_address>
         <run_address>0x5119f</run_address>
         <size>0x4da</size>
         <input_file_ref idref="fl-47"/>
      </object_component>
      <object_component id="oc-196">
         <name>.debug_info</name>
         <load_address>0x51679</load_address>
         <run_address>0x51679</run_address>
         <size>0x42c</size>
         <input_file_ref idref="fl-48"/>
      </object_component>
      <object_component id="oc-19b">
         <name>.debug_info</name>
         <load_address>0x51aa5</load_address>
         <run_address>0x51aa5</run_address>
         <size>0x4d6</size>
         <input_file_ref idref="fl-49"/>
      </object_component>
      <object_component id="oc-1a1">
         <name>.debug_info</name>
         <load_address>0x51f7b</load_address>
         <run_address>0x51f7b</run_address>
         <size>0x562</size>
         <input_file_ref idref="fl-4a"/>
      </object_component>
      <object_component id="oc-1a8">
         <name>.debug_info</name>
         <load_address>0x524dd</load_address>
         <run_address>0x524dd</run_address>
         <size>0x10c</size>
         <input_file_ref idref="fl-4b"/>
      </object_component>
      <object_component id="oc-1ad">
         <name>.debug_info</name>
         <load_address>0x525e9</load_address>
         <run_address>0x525e9</run_address>
         <size>0x118</size>
         <input_file_ref idref="fl-4c"/>
      </object_component>
      <object_component id="oc-1b2">
         <name>.debug_info</name>
         <load_address>0x52701</load_address>
         <run_address>0x52701</run_address>
         <size>0x10c</size>
         <input_file_ref idref="fl-4d"/>
      </object_component>
      <object_component id="oc-1b7">
         <name>.debug_info</name>
         <load_address>0x5280d</load_address>
         <run_address>0x5280d</run_address>
         <size>0x10c</size>
         <input_file_ref idref="fl-4e"/>
      </object_component>
      <object_component id="oc-1bc">
         <name>.debug_info</name>
         <load_address>0x52919</load_address>
         <run_address>0x52919</run_address>
         <size>0x10c</size>
         <input_file_ref idref="fl-4f"/>
      </object_component>
      <object_component id="oc-1c1">
         <name>.debug_info</name>
         <load_address>0x52a25</load_address>
         <run_address>0x52a25</run_address>
         <size>0x11a</size>
         <input_file_ref idref="fl-50"/>
      </object_component>
      <object_component id="oc-1c6">
         <name>.debug_info</name>
         <load_address>0x52b3f</load_address>
         <run_address>0x52b3f</run_address>
         <size>0x10c</size>
         <input_file_ref idref="fl-51"/>
      </object_component>
      <object_component id="oc-1cb">
         <name>.debug_info</name>
         <load_address>0x52c4b</load_address>
         <run_address>0x52c4b</run_address>
         <size>0x10c</size>
         <input_file_ref idref="fl-52"/>
      </object_component>
      <object_component id="oc-1d0">
         <name>.debug_info</name>
         <load_address>0x52d57</load_address>
         <run_address>0x52d57</run_address>
         <size>0x16e</size>
         <input_file_ref idref="fl-53"/>
      </object_component>
      <object_component id="oc-1d5">
         <name>.debug_info</name>
         <load_address>0x52ec5</load_address>
         <run_address>0x52ec5</run_address>
         <size>0x146</size>
         <input_file_ref idref="fl-54"/>
      </object_component>
      <object_component id="oc-1da">
         <name>.debug_info</name>
         <load_address>0x5300b</load_address>
         <run_address>0x5300b</run_address>
         <size>0x229</size>
         <input_file_ref idref="fl-55"/>
      </object_component>
      <object_component id="oc-1df">
         <name>.debug_info</name>
         <load_address>0x53234</load_address>
         <run_address>0x53234</run_address>
         <size>0x110</size>
         <input_file_ref idref="fl-56"/>
      </object_component>
      <object_component id="oc-1e4">
         <name>.debug_info</name>
         <load_address>0x53344</load_address>
         <run_address>0x53344</run_address>
         <size>0x110</size>
         <input_file_ref idref="fl-57"/>
      </object_component>
      <object_component id="oc-1e9">
         <name>.debug_info</name>
         <load_address>0x53454</load_address>
         <run_address>0x53454</run_address>
         <size>0x112</size>
         <input_file_ref idref="fl-58"/>
      </object_component>
      <object_component id="oc-1ed">
         <name>.debug_info</name>
         <load_address>0x53566</load_address>
         <run_address>0x53566</run_address>
         <size>0x1bb</size>
         <input_file_ref idref="fl-59"/>
      </object_component>
      <object_component id="oc-1f1">
         <name>.debug_info</name>
         <load_address>0x53721</load_address>
         <run_address>0x53721</run_address>
         <size>0x463</size>
         <input_file_ref idref="fl-5a"/>
      </object_component>
      <object_component id="oc-276">
         <name>.debug_info</name>
         <load_address>0x53b84</load_address>
         <run_address>0x53b84</run_address>
         <size>0xac</size>
      </object_component>
      <object_component id="oc-4f">
         <name>.debug_line</name>
         <load_address>0x0</load_address>
         <run_address>0x0</run_address>
         <size>0x60</size>
         <input_file_ref idref="fl-2"/>
      </object_component>
      <object_component id="oc-54">
         <name>.debug_line</name>
         <load_address>0x60</load_address>
         <run_address>0x60</run_address>
         <size>0x68</size>
         <input_file_ref idref="fl-3"/>
      </object_component>
      <object_component id="oc-5c">
         <name>.debug_line</name>
         <load_address>0xc8</load_address>
         <run_address>0xc8</run_address>
         <size>0x78</size>
         <input_file_ref idref="fl-5"/>
      </object_component>
      <object_component id="oc-62">
         <name>.debug_line</name>
         <load_address>0x140</load_address>
         <run_address>0x140</run_address>
         <size>0x9b</size>
         <input_file_ref idref="fl-6"/>
      </object_component>
      <object_component id="oc-67">
         <name>.debug_line</name>
         <load_address>0x1db</load_address>
         <run_address>0x1db</run_address>
         <size>0x5e</size>
         <input_file_ref idref="fl-7"/>
      </object_component>
      <object_component id="oc-6c">
         <name>.debug_line</name>
         <load_address>0x239</load_address>
         <run_address>0x239</run_address>
         <size>0x49</size>
         <input_file_ref idref="fl-8"/>
      </object_component>
      <object_component id="oc-72">
         <name>.debug_line</name>
         <load_address>0x282</load_address>
         <run_address>0x282</run_address>
         <size>0x765</size>
         <input_file_ref idref="fl-9"/>
      </object_component>
      <object_component id="oc-77">
         <name>.debug_line</name>
         <load_address>0x9e7</load_address>
         <run_address>0x9e7</run_address>
         <size>0x62</size>
         <input_file_ref idref="fl-a"/>
      </object_component>
      <object_component id="oc-7c">
         <name>.debug_line</name>
         <load_address>0xa49</load_address>
         <run_address>0xa49</run_address>
         <size>0x4a</size>
         <input_file_ref idref="fl-b"/>
      </object_component>
      <object_component id="oc-81">
         <name>.debug_line</name>
         <load_address>0xa93</load_address>
         <run_address>0xa93</run_address>
         <size>0x4a</size>
         <input_file_ref idref="fl-c"/>
      </object_component>
      <object_component id="oc-86">
         <name>.debug_line</name>
         <load_address>0xadd</load_address>
         <run_address>0xadd</run_address>
         <size>0x4a</size>
         <input_file_ref idref="fl-d"/>
      </object_component>
      <object_component id="oc-8b">
         <name>.debug_line</name>
         <load_address>0xb27</load_address>
         <run_address>0xb27</run_address>
         <size>0x4a</size>
         <input_file_ref idref="fl-e"/>
      </object_component>
      <object_component id="oc-90">
         <name>.debug_line</name>
         <load_address>0xb71</load_address>
         <run_address>0xb71</run_address>
         <size>0x71</size>
         <input_file_ref idref="fl-f"/>
      </object_component>
      <object_component id="oc-95">
         <name>.debug_line</name>
         <load_address>0xbe2</load_address>
         <run_address>0xbe2</run_address>
         <size>0x49</size>
         <input_file_ref idref="fl-10"/>
      </object_component>
      <object_component id="oc-9a">
         <name>.debug_line</name>
         <load_address>0xc2b</load_address>
         <run_address>0xc2b</run_address>
         <size>0x4b</size>
         <input_file_ref idref="fl-11"/>
      </object_component>
      <object_component id="oc-9f">
         <name>.debug_line</name>
         <load_address>0xc76</load_address>
         <run_address>0xc76</run_address>
         <size>0x4d</size>
         <input_file_ref idref="fl-12"/>
      </object_component>
      <object_component id="oc-a4">
         <name>.debug_line</name>
         <load_address>0xcc3</load_address>
         <run_address>0xcc3</run_address>
         <size>0x9d</size>
         <input_file_ref idref="fl-13"/>
      </object_component>
      <object_component id="oc-a9">
         <name>.debug_line</name>
         <load_address>0xd60</load_address>
         <run_address>0xd60</run_address>
         <size>0x7f</size>
         <input_file_ref idref="fl-14"/>
      </object_component>
      <object_component id="oc-ae">
         <name>.debug_line</name>
         <load_address>0xddf</load_address>
         <run_address>0xddf</run_address>
         <size>0xe2</size>
         <input_file_ref idref="fl-15"/>
      </object_component>
      <object_component id="oc-b3">
         <name>.debug_line</name>
         <load_address>0xec1</load_address>
         <run_address>0xec1</run_address>
         <size>0x49</size>
         <input_file_ref idref="fl-16"/>
      </object_component>
      <object_component id="oc-b8">
         <name>.debug_line</name>
         <load_address>0xf0a</load_address>
         <run_address>0xf0a</run_address>
         <size>0x15c</size>
         <input_file_ref idref="fl-17"/>
      </object_component>
      <object_component id="oc-bd">
         <name>.debug_line</name>
         <load_address>0x1066</load_address>
         <run_address>0x1066</run_address>
         <size>0x4b</size>
         <input_file_ref idref="fl-18"/>
      </object_component>
      <object_component id="oc-c2">
         <name>.debug_line</name>
         <load_address>0x10b1</load_address>
         <run_address>0x10b1</run_address>
         <size>0x5f</size>
         <input_file_ref idref="fl-19"/>
      </object_component>
      <object_component id="oc-ff">
         <name>.debug_line</name>
         <load_address>0x1110</load_address>
         <run_address>0x1110</run_address>
         <size>0x150</size>
         <input_file_ref idref="fl-1c"/>
      </object_component>
      <object_component id="oc-106">
         <name>.debug_line</name>
         <load_address>0x1260</load_address>
         <run_address>0x1260</run_address>
         <size>0x4b7</size>
         <input_file_ref idref="fl-1d"/>
      </object_component>
      <object_component id="oc-10d">
         <name>.debug_line</name>
         <load_address>0x1717</load_address>
         <run_address>0x1717</run_address>
         <size>0x32</size>
[...]
      </symbol>
      <symbol id="sm-3a2">
         <name>_DelayKeys</name>
         <value>0x9e7b</value>
         <object_component_ref idref="oc-1fb"/>
      </symbol>
      <symbol id="sm-3b1">
         <name>_float_data</name>
         <value>0xc3c4</value>
         <object_component_ref idref="oc-10a"/>
      </symbol>
      <symbol id="sm-3b2">
         <name>_double_data</name>
         <value>0xc3c2</value>
         <object_component_ref idref="oc-10a"/>
      </symbol>
      <symbol id="sm-3b3">
         <name>_AsciiBuff</name>
         <value>0xc3c6</value>
         <object_component_ref idref="oc-10a"/>
      </symbol>
      <symbol id="sm-3b4">
         <name>_DATA</name>
         <value>0xc3c0</value>
         <object_component_ref idref="oc-10a"/>
      </symbol>
      <symbol id="sm-3bf">
         <name>_bmp1</name>
         <value>0xc000</value>
         <object_component_ref idref="oc-112"/>
      </symbol>
      <symbol id="sm-405">
         <name>_main</name>
         <value>0xa124</value>
         <object_component_ref idref="oc-1fd"/>
      </symbol>
      <symbol id="sm-406">
         <name>_is_enable_high_level_trigger</name>
         <value>0xc301</value>
         <object_component_ref idref="oc-116"/>
      </symbol>
      <symbol id="sm-407">
         <name>_adc_isr</name>
         <value>0xaeb4</value>
         <object_component_ref idref="oc-117"/>
      </symbol>
      <symbol id="sm-408">
         <name>_max_A</name>
         <value>0xc30e</value>
         <object_component_ref idref="oc-116"/>
      </symbol>
      <symbol id="sm-409">
         <name>_max_F</name>
         <value>0xc318</value>
         <object_component_ref idref="oc-116"/>
      </symbol>
      <symbol id="sm-40a">
         <name>_max_value</name>
         <value>0xc306</value>
         <object_component_ref idref="oc-116"/>
      </symbol>
      <symbol id="sm-40b">
         <name>_min_value</name>
         <value>0xc304</value>
         <object_component_ref idref="oc-116"/>
      </symbol>
      <symbol id="sm-40c">
         <name>_tint0_isr</name>
         <value>0xaf22</value>
         <object_component_ref idref="oc-117"/>
      </symbol>
      <symbol id="sm-40d">
         <name>_refresh_count</name>
         <value>0xc302</value>
         <object_component_ref idref="oc-116"/>
      </symbol>
      <symbol id="sm-40e">
         <name>_adc_count</name>
         <value>0xc307</value>
         <object_component_ref idref="oc-116"/>
      </symbol>
      <symbol id="sm-40f">
         <name>_is_enable_low_level_trigger</name>
         <value>0xc300</value>
         <object_component_ref idref="oc-116"/>
      </symbol>
      <symbol id="sm-410">
         <name>_period_count</name>
         <value>0xc308</value>
         <object_component_ref idref="oc-116"/>
      </symbol>
      <symbol id="sm-411">
         <name>_timer_data</name>
         <value>0xc314</value>
         <object_component_ref idref="oc-116"/>
      </symbol>
      <symbol id="sm-412">
         <name>_delta_A</name>
         <value>0xc312</value>
         <object_component_ref idref="oc-116"/>
      </symbol>
      <symbol id="sm-413">
         <name>_delta_F</name>
         <value>0xc30c</value>
         <object_component_ref idref="oc-116"/>
      </symbol>
      <symbol id="sm-414">
         <name>_adc_buffer</name>
         <value>0xc340</value>
         <object_component_ref idref="oc-116"/>
      </symbol>
      <symbol id="sm-415">
         <name>_is_display_wave</name>
         <value>0xc303</value>
         <object_component_ref idref="oc-116"/>
      </symbol>
      <symbol id="sm-416">
         <name>_queue</name>
         <value>0xc31a</value>
         <object_component_ref idref="oc-116"/>
      </symbol>
      <symbol id="sm-417">
         <name>_count</name>
         <value>0xc305</value>
         <object_component_ref idref="oc-116"/>
      </symbol>
      <symbol id="sm-418">
         <name>_N</name>
         <value>0xc316</value>
         <object_component_ref idref="oc-116"/>
      </symbol>
      <symbol id="sm-419">
         <name>_F</name>
         <value>0xc30a</value>
         <object_component_ref idref="oc-116"/>
      </symbol>
      <symbol id="sm-41a">
         <name>_A</name>
         <value>0xc310</value>
         <object_component_ref idref="oc-116"/>
      </symbol>
      <symbol id="sm-444">
         <name>_loop_queue_get_max_value</name>
         <value>0xa899</value>
         <object_component_ref idref="oc-200"/>
      </symbol>
      <symbol id="sm-445">
         <name>_loop_queue_get_min_value</name>
         <value>0xa8dd</value>
         <object_component_ref idref="oc-200"/>
      </symbol>
      <symbol id="sm-446">
         <name>_loop_queue_get_size</name>
         <value>0xa872</value>
         <object_component_ref idref="oc-200"/>
      </symbol>
      <symbol id="sm-447">
         <name>_loop_queue_is_empty</name>
         <value>0xa87a</value>
         <object_component_ref idref="oc-200"/>
      </symbol>
      <symbol id="sm-448">
         <name>_new_queue</name>
         <value>0xa9f3</value>
         <object_component_ref idref="oc-200"/>
      </symbol>
      <symbol id="sm-449">
         <name>___init</name>
         <value>0xa991</value>
         <object_component_ref idref="oc-200"/>
      </symbol>
      <symbol id="sm-44a">
         <name>___resize</name>
         <value>0xa7a1</value>
         <object_component_ref idref="oc-200"/>
      </symbol>
      <symbol id="sm-44b">
         <name>_loop_queue_dequeue_all</name>
         <value>0xa921</value>
         <object_component_ref idref="oc-200"/>
      </symbol>
      <symbol id="sm-44c">
         <name>_loop_queue_append</name>
         <value>0xa976</value>
         <object_component_ref idref="oc-200"/>
      </symbol>
      <symbol id="sm-44d">
         <name>_loop_queue_get_front</name>
         <value>0xa85e</value>
         <object_component_ref idref="oc-200"/>
      </symbol>
      <symbol id="sm-44e">
         <name>_loop_queue_dequeue_len</name>
         <value>0xa940</value>
         <object_component_ref idref="oc-200"/>
      </symbol>
      <symbol id="sm-44f">
         <name>_loop_queue_queue</name>
         <value>0xa7e1</value>
         <object_component_ref idref="oc-200"/>
      </symbol>
      <symbol id="sm-450">
         <name>_loop_queue_init</name>
         <value>0xa892</value>
         <object_component_ref idref="oc-200"/>
      </symbol>
      <symbol id="sm-451">
         <name>_loop_queue_get_capacity</name>
         <value>0xa88a</value>
         <object_component_ref idref="oc-200"/>
      </symbol>
      <symbol id="sm-452">
         <name>_loop_queue_dequeue</name>
         <value>0xa815</value>
         <object_component_ref idref="oc-200"/>
      </symbol>
      <symbol id="sm-471">
         <name>_scibRxFifoIsr</name>
         <value>0xb394</value>
         <object_component_ref idref="oc-123"/>
      </symbol>
      <symbol id="sm-472">
         <name>_scicRxFifoIsr</name>
         <value>0xb3b1</value>
         <object_component_ref idref="oc-123"/>
      </symbol>
      <symbol id="sm-473">
         <name>_sciaRxFifoIsr</name>
         <value>0xb371</value>
         <object_component_ref idref="oc-123"/>
      </symbol>
      <symbol id="sm-474">
         <name>_SCI_INIT</name>
         <value>0xb01e</value>
         <object_component_ref idref="oc-207"/>
      </symbol>
      <symbol id="sm-475">
         <name>_scia_xmit</name>
         <value>0xb027</value>
         <object_component_ref idref="oc-207"/>
      </symbol>
      <symbol id="sm-476">
         <name>_scib_xmit</name>
         <value>0xb048</value>
         <object_component_ref idref="oc-207"/>
      </symbol>
      <symbol id="sm-477">
         <name>_scic_xmit</name>
         <value>0xb069</value>
         <object_component_ref idref="oc-207"/>
      </symbol>
      <symbol id="sm-478">
         <name>_scia_msg</name>
         <value>0xb035</value>
         <object_component_ref idref="oc-207"/>
      </symbol>
      <symbol id="sm-479">
         <name>_scia_fifo_init</name>
         <value>0xb08a</value>
         <object_component_ref idref="oc-207"/>
      </symbol>
      <symbol id="sm-47a">
         <name>_scib_fifo_init</name>
         <value>0xb0a0</value>
         <object_component_ref idref="oc-207"/>
      </symbol>
      <symbol id="sm-47b">
         <name>_scic_fifo_init</name>
         <value>0xb0b6</value>
         <object_component_ref idref="oc-207"/>
      </symbol>
      <symbol id="sm-47c">
         <name>_scic_msg</name>
         <value>0xb077</value>
         <object_component_ref idref="oc-207"/>
      </symbol>
      <symbol id="sm-47d">
         <name>_scib_msg</name>
         <value>0xb056</value>
         <object_component_ref idref="oc-207"/>
      </symbol>
      <symbol id="sm-498">
         <name>_c_int00</name>
         <value>0xb428</value>
         <object_component_ref idref="oc-4c"/>
      </symbol>
      <symbol id="sm-499">
         <name>__stack</name>
         <value>0x200000</value>
         <object_component_ref idref="oc-128"/>
      </symbol>
      <symbol id="sm-4aa">
         <name>FS$$DIV</name>
         <value>0xb1f3</value>
         <object_component_ref idref="oc-12e"/>
      </symbol>
      <symbol id="sm-4b6">
         <name>UL$$MOD</name>
         <value>0xb5ab</value>
         <object_component_ref idref="oc-133"/>
      </symbol>
      <symbol id="sm-4b7">
         <name>L$$MOD</name>
         <value>0xb596</value>
         <object_component_ref idref="oc-133"/>
      </symbol>
      <symbol id="sm-4b8">
         <name>L$$DIV</name>
         <value>0xb587</value>
         <object_component_ref idref="oc-133"/>
      </symbol>
      <symbol id="sm-4b9">
         <name>UL$$DIV</name>
         <value>0xb5a4</value>
         <object_component_ref idref="oc-133"/>
      </symbol>
      <symbol id="sm-4c8">
         <name>_copy_in</name>
         <value>0xb627</value>
         <object_component_ref idref="oc-1f7"/>
      </symbol>
      <symbol id="sm-4d9">
         <name>_memcpy</name>
         <value>0xb6e6</value>
         <object_component_ref idref="oc-1fc"/>
      </symbol>
      <symbol id="sm-4e5">
         <name>__system_pre_init</name>
         <value>0xb804</value>
         <object_component_ref idref="oc-1f6"/>
      </symbol>
      <symbol id="sm-4f2">
         <name>__system_post_cinit</name>
         <value>0xb806</value>
         <object_component_ref idref="oc-1f8"/>
      </symbol>
      <symbol id="sm-506">
         <name>C$$EXIT</name>
         <value>0xb5b1</value>
         <object_component_ref idref="oc-1fa"/>
      </symbol>
      <symbol id="sm-507">
         <name>_exit</name>
         <value>0xb5b3</value>
         <object_component_ref idref="oc-1fa"/>
      </symbol>
      <symbol id="sm-508">
         <name>___TI_cleanup_ptr</name>
         <value>0xc2fa</value>
         <object_component_ref idref="oc-14e"/>
      </symbol>
      <symbol id="sm-509">
         <name>___TI_enable_exit_profile_output</name>
         <value>0xc2f8</value>
         <object_component_ref idref="oc-14e"/>
      </symbol>
      <symbol id="sm-50a">
         <name>_abort</name>
         <value>0xb5b1</value>
         <object_component_ref idref="oc-1fa"/>
      </symbol>
      <symbol id="sm-50b">
         <name>___TI_dtors_ptr</name>
         <value>0xc2fc</value>
         <object_component_ref idref="oc-14e"/>
      </symbol>
      <symbol id="sm-552">
         <name>__sys_memory</name>
         <value>0xe000</value>
         <object_component_ref idref="oc-156"/>
      </symbol>
      <symbol id="sm-553">
         <name>_chkheap</name>
         <value>0xabb8</value>
         <object_component_ref idref="oc-20c"/>
      </symbol>
      <symbol id="sm-554">
         <name>_realloc</name>
         <value>0xaac6</value>
         <object_component_ref idref="oc-20c"/>
      </symbol>
      <symbol id="sm-555">
         <name>_free_memory</name>
         <value>0xab9a</value>
         <object_component_ref idref="oc-20c"/>
      </symbol>
      <symbol id="sm-556">
         <name>_max_free</name>
         <value>0xab78</value>
         <object_component_ref idref="oc-20c"/>
      </symbol>
      <symbol id="sm-557">
         <name>_free</name>
         <value>0xa9ff</value>
         <object_component_ref idref="oc-20c"/>
      </symbol>
      <symbol id="sm-558">
         <name>_calloc</name>
         <value>0xabba</value>
         <object_component_ref idref="oc-20c"/>
      </symbol>
      <symbol id="sm-559">
         <name>_malloc</name>
         <value>0xaa68</value>
         <object_component_ref idref="oc-20c"/>
      </symbol>
      <symbol id="sm-55a">
         <name>_minit</name>
         <value>0xaa43</value>
         <object_component_ref idref="oc-20c"/>
      </symbol>
      <symbol id="sm-56e">
         <name>__unlock</name>
         <value>0xc3d4</value>
         <object_component_ref idref="oc-210"/>
      </symbol>
      <symbol id="sm-56f">
         <name>__lock</name>
         <value>0xc2fe</value>
         <object_component_ref idref="oc-1fe"/>
      </symbol>
      <symbol id="sm-570">
         <name>__register_lock</name>
         <value>0xb7ce</value>
         <object_component_ref idref="oc-20a"/>
      </symbol>
      <symbol id="sm-571">
         <name>__nop</name>
         <value>0xb7d2</value>
         <object_component_ref idref="oc-20a"/>
      </symbol>
      <symbol id="sm-572">
         <name>__register_unlock</name>
         <value>0xb7ca</value>
         <object_component_ref idref="oc-20a"/>
      </symbol>
      <symbol id="sm-581">
         <name>__args_main</name>
         <value>0xb73b</value>
         <object_component_ref idref="oc-1f9"/>
      </symbol>
      <symbol id="sm-58f">
         <name>_sprintf</name>
         <value>0xb4cc</value>
         <object_component_ref idref="oc-209"/>
      </symbol>
      <symbol id="sm-6e9">
         <name>___TI_printfi</name>
         <value>0x9bbe</value>
         <object_component_ref idref="oc-20f"/>
      </symbol>
      <symbol id="sm-6fd">
         <name>_atoi</name>
         <value>0xb4fe</value>
         <object_component_ref idref="oc-211"/>
      </symbol>
      <symbol id="sm-705">
         <name>__ctypes_</name>
         <value>0xd000</value>
         <object_component_ref idref="oc-21b"/>
      </symbol>
      <symbol id="sm-713">
         <name>_ltoa</name>
         <value>0xb52f</value>
         <object_component_ref idref="oc-213"/>
      </symbol>
      <symbol id="sm-722">
         <name>_memccpy</name>
         <value>0xb7a5</value>
         <object_component_ref idref="oc-219"/>
      </symbol>
      <symbol id="sm-730">
         <name>_memset</name>
         <value>0xb7b2</value>
         <object_component_ref idref="oc-217"/>
      </symbol>
      <symbol id="sm-73f">
         <name>_strchr</name>
         <value>0xb7be</value>
         <object_component_ref idref="oc-216"/>
      </symbol>
      <symbol id="sm-74c">
         <name>_strcpy</name>
         <value>0xb7fc</value>
         <object_component_ref idref="oc-218"/>
      </symbol>
      <symbol id="sm-759">
         <name>_strlen</name>
         <value>0xb7ed</value>
         <object_component_ref idref="oc-212"/>
      </symbol>
      <symbol id="sm-767">
         <name>_wcslen</name>
         <value>0xb7dc</value>
         <object_component_ref idref="oc-21a"/>
      </symbol>
      <symbol id="sm-77a">
         <name>_frexpl</name>
         <value>0xb3ce</value>
         <object_component_ref idref="oc-214"/>
      </symbol>
      <symbol id="sm-798">
         <name>_scalbnl</name>
         <value>0xaf70</value>
         <object_component_ref idref="oc-215"/>
      </symbol>
      <symbol id="sm-799">
         <name>_ldexpl</name>
         <value>0xaf70</value>
         <object_component_ref idref="oc-215"/>
      </symbol>
      <symbol id="sm-7b4">
         <name>FD$$ADD</name>
         <value>0xb0cc</value>
         <object_component_ref idref="oc-1a7"/>
      </symbol>
      <symbol id="sm-7c4">
         <name>FD$$CMP</name>
         <value>0xb55d</value>
         <object_component_ref idref="oc-1ac"/>
      </symbol>
      <symbol id="sm-7db">
         <name>FD$$DIV</name>
         <value>0xb168</value>
         <object_component_ref idref="oc-1b1"/>
      </symbol>
      <symbol id="sm-7ed">
         <name>FD$$MPY</name>
         <value>0xb27b</value>
         <object_component_ref idref="oc-1b6"/>
      </symbol>
      <symbol id="sm-7fa">
         <name>FD$$NEG</name>
         <value>0xb7d3</value>
         <object_component_ref idref="oc-1bb"/>
      </symbol>
      <symbol id="sm-806">
         <name>FD$$SUB</name>
         <value>0xb797</value>
         <object_component_ref idref="oc-1c0"/>
      </symbol>
      <symbol id="sm-815">
         <name>FD$$TOI</name>
         <value>0xb64b</value>
         <object_component_ref idref="oc-1c5"/>
      </symbol>
      <symbol id="sm-824">
         <name>FD$$TOL</name>
         <value>0xb68c</value>
         <object_component_ref idref="oc-1ca"/>
      </symbol>
      <symbol id="sm-830">
         <name>LL$$AND</name>
         <value>0xb754</value>
         <object_component_ref idref="oc-1cf"/>
      </symbol>
      <symbol id="sm-831">
         <name>LL$$OR</name>
         <value>0xb75c</value>
         <object_component_ref idref="oc-1cf"/>
      </symbol>
      <symbol id="sm-832">
         <name>LL$$XOR</name>
         <value>0xb764</value>
         <object_component_ref idref="oc-1cf"/>
      </symbol>
      <symbol id="sm-840">
         <name>ULL$$CMP</name>
         <value>0xb6bd</value>
         <object_component_ref idref="oc-1d4"/>
      </symbol>
      <symbol id="sm-841">
         <name>LL$$CMP</name>
         <value>0xb6ab</value>
         <object_component_ref idref="oc-1d4"/>
      </symbol>
      <symbol id="sm-86d">
         <name>ULL$$MOD</name>
         <value>0xac76</value>
         <object_component_ref idref="oc-1d9"/>
      </symbol>
      <symbol id="sm-86e">
         <name>ULL$$DIV</name>
         <value>0xac47</value>
         <object_component_ref idref="oc-1d9"/>
      </symbol>
      <symbol id="sm-86f">
         <name>LL$$MOD</name>
         <value>0xac0d</value>
         <object_component_ref idref="oc-1d9"/>
      </symbol>
      <symbol id="sm-870">
         <name>LL$$DIV</name>
         <value>0xabd1</value>
         <object_component_ref idref="oc-1d9"/>
      </symbol>
      <symbol id="sm-880">
         <name>I$$TOFD</name>
         <value>0xb6c9</value>
         <object_component_ref idref="oc-1de"/>
      </symbol>
      <symbol id="sm-890">
         <name>L$$TOFD</name>
         <value>0xb71f</value>
         <object_component_ref idref="oc-1e3"/>
      </symbol>
      <symbol id="sm-8a0">
         <name>FS$$TOFD</name>
         <value>0xb703</value>
         <object_component_ref idref="oc-1e8"/>
      </symbol>
      <symbol id="sm-8aa">
         <name>_errno</name>
         <value>0xc2c1</value>
         <object_component_ref idref="oc-1ef"/>
      </symbol>
      <symbol id="sm-8b7">
         <name>_copysignl</name>
         <value>0xb602</value>
         <object_component_ref idref="oc-21c"/>
      </symbol>
   </symbol_table>
   <title>Link successful</title>
</link_info>
