******************************************************************************
             TMS320C2000 Linker PC v18.1.3                     
******************************************************************************
>> Linked Sun Dec  2 22:33:52 2018

OUTPUT FILE NAME:   <Q32_1604_WAVE_PLOT_F2833X_CCS8.out>
ENTRY POINT SYMBOL: "_c_int00"  address: 0000b428


MEMORY CONFIGURATION

         name            origin    length      used     unused   attr    fill
----------------------  --------  ---------  --------  --------  ----  --------
PAGE 0:
  BEGIN                 00000000   00000002  00000002  00000000  RWIX
  RAMM0                 00000050   000003b0  00000000  000003b0  RWIX
  RAML0                 00008000   00001000  00000332  00000cce  RWIX
  RAML1                 00009000   00003000  00002807  000007f9  RWIX
  ZONE7A                00200000   00100000  00000300  000ffd00  RWIX
  CSM_RSVD              0033ff80   00000076  00000000  00000076  RWIX
  CSM_PWL               0033fff8   00000008  00000000  00000008  RWIX
  ADC_CAL               00380080   00000009  00000007  00000002  RWIX
  IQTABLES              003fe000   00000b50  00000000  00000b50  RWIX
  IQTABLES2             003feb50   0000008c  00000000  0000008c  RWIX
  FPUTABLES             003febdc   000006a0  00000000  000006a0  RWIX
  BOOTROM               003ff27c   00000d44  00000000  00000d44  RWIX
  RESET                 003fffc0   00000002  00000000  00000002  RWIX

PAGE 1:
  BOOT_RSVD             00000002   0000004e  00000000  0000004e  RWIX
  RAMM1                 00000400   00000400  00000000  00000400  RWIX
  DEV_EMU               00000880   00000180  000000d0  000000b0  RWIX
  FLASH_REGS            00000a80   00000060  00000008  00000058  RWIX
  CSM                   00000ae0   00000010  00000010  00000000  RWIX
  ADC_MIRROR            00000b00   00000010  00000010  00000000  RWIX
  XINTF                 00000b20   00000020  0000001e  00000002  RWIX
  CPU_TIMER0            00000c00   00000008  00000008  00000000  RWIX
  CPU_TIMER1            00000c08   00000008  00000008  00000000  RWIX
  CPU_TIMER2            00000c10   00000008  00000008  00000000  RWIX
  PIE_CTRL              00000ce0   00000020  0000001a  00000006  RWIX
  PIE_VECT              00000d00   00000100  00000100  00000000  RWIX
  DMA                   00001000   00000200  000000e0  00000120  RWIX
  MCBSPA                00005000   00000040  00000025  0000001b  RWIX
  MCBSPB                00005040   00000040  00000025  0000001b  RWIX
  ECANA                 00006000   00000040  00000034  0000000c  RWIX
  ECANA_LAM             00006040   00000040  00000040  00000000  RWIX
  ECANA_MOTS            00006080   00000040  00000040  00000000  RWIX
  ECANA_MOTO            000060c0   00000040  00000040  00000000  RWIX
  ECANA_MBOX            00006100   00000100  00000100  00000000  RWIX
  ECANB                 00006200   00000040  00000034  0000000c  RWIX
  ECANB_LAM             00006240   00000040  00000040  00000000  RWIX
  ECANB_MOTS            00006280   00000040  00000040  00000000  RWIX
  ECANB_MOTO            000062c0   00000040  00000040  00000000  RWIX
  ECANB_MBOX            00006300   00000100  00000100  00000000  RWIX
  EPWM1                 00006800   00000022  00000022  00000000  RWIX
  EPWM2                 00006840   00000022  00000022  00000000  RWIX
  EPWM3                 00006880   00000022  00000022  00000000  RWIX
  EPWM4                 000068c0   00000022  00000022  00000000  RWIX
  EPWM5                 00006900   00000022  00000022  00000000  RWIX
  EPWM6                 00006940   00000022  00000022  00000000  RWIX
  ECAP1                 00006a00   00000020  00000020  00000000  RWIX
  ECAP2                 00006a20   00000020  00000020  00000000  RWIX
  ECAP3                 00006a40   00000020  00000020  00000000  RWIX
  ECAP4                 00006a60   00000020  00000020  00000000  RWIX
  ECAP5                 00006a80   00000020  00000020  00000000  RWIX
  ECAP6                 00006aa0   00000020  00000020  00000000  RWIX
  EQEP1                 00006b00   00000040  00000040  00000000  RWIX
  EQEP2                 00006b40   00000040  00000040  00000000  RWIX
  GPIOCTRL              00006f80   00000040  0000002e  00000012  RWIX
  GPIODAT               00006fc0   00000020  00000020  00000000  RWIX
  GPIOINT               00006fe0   00000020  0000000a  00000016  RWIX
  SYSTEM                00007010   00000020  00000020  00000000  RWIX
  SPIA                  00007040   00000010  00000010  00000000  RWIX
  SCIA                  00007050   00000010  00000010  00000000  RWIX
  XINTRUPT              00007070   00000010  00000010  00000000  RWIX
  ADC                   00007100   00000020  0000001e  00000002  RWIX
  SCIB                  00007750   00000010  00000010  00000000  RWIX
  SCIC                  00007770   00000010  00000010  00000000  RWIX
  I2CA                  00007900   00000040  00000022  0000001e  RWIX
  RAML4                 0000c000   00001000  000003d6  00000c2a  RWIX
  RAML5                 0000d000   00001000  000002a0  00000d60  RWIX
  RAML6                 0000e000   00001000  00001000  00000000  RWIX
  RAML7                 0000f000   00001000  00000000  00001000  RWIX
  CSM_PWL               0033fff8   00000008  00000008  00000000  RWIX
  PARTID                00380090   00000001  00000001  00000000  RWIX

PAGE 2:
  USER_RAMH0            003f8000   00100000  00000000  00100000  RWIX


SECTION ALLOCATION MAP

 output                                  attributes/
section   page    origin      length       input sections
--------  ----  ----------  ----------   ----------------
codestart 
*          0    00000000    00000002     
                  00000000    00000002     DSP2833x_CodeStartBranch.obj (codestart)

ramfuncs   0    0000832e    00000004     
                  0000832e    00000004     DSP2833x_usDelay.obj (ramfuncs)

.text      0    00009000    00002807     
                  00009000    00000d5d     rts2800_fpu32.lib : _printfi.c.obj (.text)
                  00009d5d    000003c7     lcd.obj (.text)
                  0000a124    00000367     main.obj (.text)
                  0000a48b    00000316     DSP2833x_DefaultIsr.obj (.text:retain)
                  0000a7a1    0000025e     queue.obj (.text)
                  0000a9ff    000001d2     rts2800_fpu32.lib : memory.c.obj (.text)
                  0000abd1    00000107                       : ll_div28.asm.obj (.text)
                  0000acd8    000000f8     DSP2833x_SysCtrl.obj (.text)
                  0000add0    000000e4     key.obj (.text)
                  0000aeb4    000000bc     main.obj (.text:retain)
                  0000af70    000000ae     rts2800_fpu32.lib : s_scalbn.c.obj (.text)
                  0000b01e    000000ae     sci.obj (.text)
                  0000b0cc    0000009c     rts2800_fpu32.lib : fd_add28.asm.obj (.text)
                  0000b168    0000008b                       : fd_div28.asm.obj (.text)
                  0000b1f3    00000088                       : fs_div28.asm.obj (.text)
                  0000b27b    00000083                       : fd_mpy28.asm.obj (.text)
                  0000b2fe    00000073     DSP2833x_CpuTimers.obj (.text)
                  0000b371    0000005d     sci.obj (.text:retain)
                  0000b3ce    0000005a     rts2800_fpu32.lib : s_frexp.c.obj (.text)
                  0000b428    00000056                       : boot28.asm.obj (.text)
                  0000b47e    0000004e     DSP2833x_Sci.obj (.text)
                  0000b4cc    00000032     rts2800_fpu32.lib : sprintf.c.obj (.text)
                  0000b4fe    00000031                       : atoi.c.obj (.text)
                  0000b52f    0000002e                       : ltoa.c.obj (.text)
                  0000b55d    0000002a                       : fd_cmp28.asm.obj (.text)
                  0000b587    0000002a                       : l_div28.asm.obj (.text)
                  0000b5b1    00000029                       : exit.c.obj (.text)
                  0000b5da    00000028     DSP2833x_PieCtrl.obj (.text)
                  0000b602    00000025     rts2800_fpu32.lib : s_copysign.c.obj (.text)
                  0000b627    00000024                       : cpy_tbl.c.obj (.text)
                  0000b64b    00000021                       : fd_toi28.asm.obj (.text)
                  0000b66c    00000020     DSP2833x_PieVect.obj (.text)
                  0000b68c    0000001f     rts2800_fpu32.lib : fd_tol28.asm.obj (.text)
                  0000b6ab    0000001e                       : ll_cmp28.asm.obj (.text)
                  0000b6c9    0000001d                       : i_tofd28.asm.obj (.text)
                  0000b6e6    0000001d                       : memcpy.c.obj (.text)
                  0000b703    0000001c                       : fs_tofdfpu32.asm.obj (.text)
                  0000b71f    0000001c                       : l_tofd28.asm.obj (.text)
                  0000b73b    00000019                       : args_main.c.obj (.text)
                  0000b754    00000018                       : ll_aox28.asm.obj (.text)
                  0000b76c    00000017     DSP2833x_Gpio.obj (.text)
                  0000b783    00000014     DSP2833x_Adc.obj (.text)
                  0000b797    0000000e     rts2800_fpu32.lib : fd_sub28.asm.obj (.text)
                  0000b7a5    0000000d                       : memccpy.c.obj (.text)
                  0000b7b2    0000000c                       : memset.c.obj (.text)
                  0000b7be    0000000c                       : strchr.c.obj (.text)
                  0000b7ca    00000009                       : _lock.c.obj (.text)
                  0000b7d3    00000009                       : fd_neg28.asm.obj (.text)
                  0000b7dc    00000009                       : wcslen.c.obj (.text)
                  0000b7e5    00000008     DSP2833x_CodeStartBranch.obj (.text)
                  0000b7ed    00000008     rts2800_fpu32.lib : strlen.c.obj (.text)
                  0000b7f5    00000007     DSP2833x_DisInt.obj (.text)
                  0000b7fc    00000005     rts2800_fpu32.lib : strcpy.c.obj (.text)
                  0000b801    00000003     DSP2833x_DBGIER.obj (.text)
                  0000b804    00000002     rts2800_fpu32.lib : pre_init.c.obj (.text)
                  0000b806    00000001                       : startup.c.obj (.text)

.cinit     0    00008000    0000032e     
                  00008000    00000203     lcd_const.obj (.cinit)
                  00008203    000000a2     lcd.obj (.cinit)
                  000082a5    00000047     main.obj (.cinit)
                  000082ec    00000020     key.obj (.cinit)
                  0000830c    0000000e     rts2800_fpu32.lib : exit.c.obj (.cinit)
                  0000831a    00000005                       : _lock.c.obj (.cinit:__lock)
                  0000831f    00000005                       : _lock.c.obj (.cinit:__unlock)
                  00008324    00000004                       : errno.c.obj (.cinit)
                  00008328    00000004                       : memory.c.obj (.cinit)
                  0000832c    00000002     --HOLE-- [fill = 0]

.pinit     0    00008000    00000000     UNINITIALIZED

.stack     0    00200000    00000300     UNINITIALIZED
                  00200000    00000300     --HOLE--

.ebss      1    0000c000    000003d6     UNINITIALIZED
                  0000c000    00000200     lcd_const.obj (.ebss)
                  0000c200    000000c1     lcd.obj (.ebss)
                  0000c2c1    00000001     rts2800_fpu32.lib : errno.c.obj (.ebss)
                  0000c2c2    00000018     DSP2833x_CpuTimers.obj (.ebss)
                  0000c2da    00000016     key.obj (.ebss)
                  0000c2f0    00000008     rts2800_fpu32.lib : memory.c.obj (.ebss)
                  0000c2f8    00000006                       : exit.c.obj (.ebss)
                  0000c2fe    00000002                       : _lock.c.obj (.ebss:__lock)
                  0000c300    000000c0     main.obj (.ebss)
                  0000c3c0    00000014     lcd12864.obj (.ebss)
                  0000c3d4    00000002     rts2800_fpu32.lib : _lock.c.obj (.ebss:__unlock)

.econst    1    0000d000    000002a0     
                  0000d000    00000101     rts2800_fpu32.lib : ctype.c.obj (.econst:.string:__ctypes_)
                  0000d101    00000001     --HOLE-- [fill = 0]
                  0000d102    00000100     DSP2833x_PieVect.obj (.econst:_PieVectTableInit)
                  0000d202    00000027     main.obj (.econst:.string)
                  0000d229    00000001     --HOLE-- [fill = 0]
                  0000d22a    00000026     rts2800_fpu32.lib : _printfi.c.obj (.econst:.string)
                  0000d250    0000001c                       : _printfi.c.obj (.econst)
                  0000d26c    0000001c                       : s_scalbn.c.obj (.econst)
                  0000d288    0000000f     lcd12864.obj (.econst:.string)
                  0000d297    00000001     --HOLE-- [fill = 0]
                  0000d298    00000008     rts2800_fpu32.lib : s_frexp.c.obj (.econst)

.reset     0    003fffc0    00000002     DSECT
                  003fffc0    00000002     rts2800_fpu32.lib : boot28.asm.obj (.reset)

csm_rsvd   0    0033ff80    00000076     DSECT
                  0033ff80    00000076     DSP2833x_CSMPasswords.obj (csm_rsvd)

csmpasswds 
*          0    0033fff8    00000008     DSECT
                  0033fff8    00000008     DSP2833x_CSMPasswords.obj (csmpasswds)

.adc_cal   0    00380080    00000007     NOLOAD SECTION
                  00380080    00000007     DSP2833x_ADC_cal.obj (.adc_cal)

DevEmuRegsFile 
*          1    00000880    000000d0     UNINITIALIZED
                  00000880    000000d0     DSP2833x_GlobalVariableDefs.obj (DevEmuRegsFile)

FlashRegsFile 
*          1    00000a80    00000008     UNINITIALIZED
                  00000a80    00000008     DSP2833x_GlobalVariableDefs.obj (FlashRegsFile)

CsmRegsFile 
*          1    00000ae0    00000010     UNINITIALIZED
                  00000ae0    00000010     DSP2833x_GlobalVariableDefs.obj (CsmRegsFile)

AdcMirrorFile 
*          1    00000b00    00000010     UNINITIALIZED
                  00000b00    00000010     DSP2833x_GlobalVariableDefs.obj (AdcMirrorFile)

XintfRegsFile 
*          1    00000b20    0000001e     UNINITIALIZED
                  00000b20    0000001e     DSP2833x_GlobalVariableDefs.obj (XintfRegsFile)

CpuTimer0RegsFile 
*          1    00000c00    00000008     UNINITIALIZED
                  00000c00    00000008     DSP2833x_GlobalVariableDefs.obj (CpuTimer0RegsFile)

CpuTimer1RegsFile 
*          1    00000c08    00000008     UNINITIALIZED
                  00000c08    00000008     DSP2833x_GlobalVariableDefs.obj (CpuTimer1RegsFile)

CpuTimer2RegsFile 
*          1    00000c10    00000008     UNINITIALIZED
                  00000c10    00000008     DSP2833x_GlobalVariableDefs.obj (CpuTimer2RegsFile)

PieCtrlRegsFile 
*          1    00000ce0    0000001a     UNINITIALIZED
                  00000ce0    0000001a     DSP2833x_GlobalVariableDefs.obj (PieCtrlRegsFile)

PieVectTableFile 
*          1    00000d00    00000100     UNINITIALIZED
                  00000d00    00000100     DSP2833x_GlobalVariableDefs.obj (PieVectTableFile)

DmaRegsFile 
*          1    00001000    000000e0     UNINITIALIZED
                  00001000    000000e0     DSP2833x_GlobalVariableDefs.obj (DmaRegsFile)

McbspaRegsFile 
*          1    00005000    00000025     UNINITIALIZED
                  00005000    00000025     DSP2833x_GlobalVariableDefs.obj (McbspaRegsFile)

McbspbRegsFile 
*          1    00005040    00000025     UNINITIALIZED
                  00005040    00000025     DSP2833x_GlobalVariableDefs.obj (McbspbRegsFile)

ECanaRegsFile 
*          1    00006000    00000034     UNINITIALIZED
                  00006000    00000034     DSP2833x_GlobalVariableDefs.obj (ECanaRegsFile)

ECanaLAMRegsFile 
*          1    00006040    00000040     UNINITIALIZED
                  00006040    00000040     DSP2833x_GlobalVariableDefs.obj (ECanaLAMRegsFile)

ECanaMOTSRegsFile 
*          1    00006080    00000040     UNINITIALIZED
                  00006080    00000040     DSP2833x_GlobalVariableDefs.obj (ECanaMOTSRegsFile)

ECanaMOTORegsFile 
*          1    000060c0    00000040     UNINITIALIZED
                  000060c0    00000040     DSP2833x_GlobalVariableDefs.obj (ECanaMOTORegsFile)

ECanaMboxesFile 
*          1    00006100    00000100     UNINITIALIZED
                  00006100    00000100     DSP2833x_GlobalVariableDefs.obj (ECanaMboxesFile)

ECanbRegsFile 
*          1    00006200    00000034     UNINITIALIZED
                  00006200    00000034     DSP2833x_GlobalVariableDefs.obj (ECanbRegsFile)

ECanbLAMRegsFile 
*          1    00006240    00000040     UNINITIALIZED
                  00006240    00000040     DSP2833x_GlobalVariableDefs.obj (ECanbLAMRegsFile)

ECanbMOTSRegsFile 
*          1    00006280    00000040     UNINITIALIZED
                  00006280    00000040     DSP2833x_GlobalVariableDefs.obj (ECanbMOTSRegsFile)

ECanbMOTORegsFile 
*          1    000062c0    00000040     UNINITIALIZED
                  000062c0    00000040     DSP2833x_GlobalVariableDefs.obj (ECanbMOTORegsFile)

ECanbMboxesFile 
*          1    00006300    00000100     UNINITIALIZED
                  00006300    00000100     DSP2833x_GlobalVariableDefs.obj (ECanbMboxesFile)

EPwm1RegsFile 
*          1    00006800    00000022     UNINITIALIZED
                  00006800    00000022     DSP2833x_GlobalVariableDefs.obj (EPwm1RegsFile)

EPwm2RegsFile 
*          1    00006840    00000022     UNINITIALIZED
                  00006840    00000022     DSP2833x_GlobalVariableDefs.obj (EPwm2RegsFile)

EPwm3RegsFile 
*          1    00006880    00000022     UNINITIALIZED
                  00006880    00000022     DSP2833x_GlobalVariableDefs.obj (EPwm3RegsFile)

EPwm4RegsFile 
*          1    000068c0    00000022     UNINITIALIZED
                  000068c0    00000022     DSP2833x_GlobalVariableDefs.obj (EPwm4RegsFile)

EPwm5RegsFile 
*          1    00006900    00000022     UNINITIALIZED
                  00006900    00000022     DSP2833x_GlobalVariableDefs.obj (EPwm5RegsFile)

EPwm6RegsFile 
*          1    00006940    00000022     UNINITIALIZED
                  00006940    00000022     DSP2833x_GlobalVariableDefs.obj (EPwm6RegsFile)

ECap1RegsFile 
*          1    00006a00    00000020     UNINITIALIZED
                  00006a00    00000020     DSP2833x_GlobalVariableDefs.obj (ECap1RegsFile)

ECap2RegsFile 
*          1    00006a20    00000020     UNINITIALIZED
                  00006a20    00000020     DSP2833x_GlobalVariableDefs.obj (ECap2RegsFile)

ECap3RegsFile 
*          1    00006a40    00000020     UNINITIALIZED
                  00006a40    00000020     DSP2833x_GlobalVariableDefs.obj (ECap3RegsFile)

ECap4RegsFile 
*          1    00006a60    00000020     UNINITIALIZED
                  00006a60    00000020     DSP2833x_GlobalVariableDefs.obj (ECap4RegsFile)

ECap5RegsFile 
*          1    00006a80    00000020     UNINITIALIZED
                  00006a80    00000020     DSP2833x_GlobalVariableDefs.obj (ECap5RegsFile)

ECap6RegsFile 
*          1    00006aa0    00000020     UNINITIALIZED
                  00006aa0    00000020     DSP2833x_GlobalVariableDefs.obj (ECap6RegsFile)

EQep1RegsFile 
*          1    00006b00    00000040     UNINITIALIZED
                  00006b00    00000040     DSP2833x_GlobalVariableDefs.obj (EQep1RegsFile)

EQep2RegsFile 
*          1    00006b40    00000040     UNINITIALIZED
                  00006b40    00000040     DSP2833x_GlobalVariableDefs.obj (EQep2RegsFile)

GpioCtrlRegsFile 
*          1    00006f80    0000002e     UNINITIALIZED
                  00006f80    0000002e     DSP2833x_GlobalVariableDefs.obj (GpioCtrlRegsFile)

GpioDataRegsFile 
*          1    00006fc0    00000020     UNINITIALIZED
                  00006fc0    00000020     DSP2833x_GlobalVariableDefs.obj (GpioDataRegsFile)

GpioIntRegsFile 
*          1    00006fe0    0000000a     UNINITIALIZED
                  00006fe0    0000000a     DSP2833x_GlobalVariableDefs.obj (GpioIntRegsFile)

SysCtrlRegsFile 
*          1    00007010    00000020     UNINITIALIZED
                  00007010    00000020     DSP2833x_GlobalVariableDefs.obj (SysCtrlRegsFile)

SpiaRegsFile 
*          1    00007040    00000010     UNINITIALIZED
                  00007040    00000010     DSP2833x_GlobalVariableDefs.obj (SpiaRegsFile)

SciaRegsFile 
*          1    00007050    00000010     UNINITIALIZED
                  00007050    00000010     DSP2833x_GlobalVariableDefs.obj (SciaRegsFile)

XIntruptRegsFile 
*          1    00007070    00000010     UNINITIALIZED
                  00007070    00000010     DSP2833x_GlobalVariableDefs.obj (XIntruptRegsFile)

AdcRegsFile 
*          1    00007100    0000001e     UNINITIALIZED
                  00007100    0000001e     DSP2833x_GlobalVariableDefs.obj (AdcRegsFile)

ScibRegsFile 
*          1    00007750    00000010     UNINITIALIZED
                  00007750    00000010     DSP2833x_GlobalVariableDefs.obj (ScibRegsFile)

ScicRegsFile 
*          1    00007770    00000010     UNINITIALIZED
                  00007770    00000010     DSP2833x_GlobalVariableDefs.obj (ScicRegsFile)

I2caRegsFile 
*          1    00007900    00000022     UNINITIALIZED
                  00007900    00000022     DSP2833x_GlobalVariableDefs.obj (I2caRegsFile)

CsmPwlFile 
*          1    0033fff8    00000008     UNINITIALIZED
                  0033fff8    00000008     DSP2833x_GlobalVariableDefs.obj (CsmPwlFile)

PartIdRegsFile 
*          1    00380090    00000001     UNINITIALIZED
                  00380090    00000001     DSP2833x_GlobalVariableDefs.obj (PartIdRegsFile)

.esysmem   1    0000e000    00001000     UNINITIALIZED
                  0000e000    00000001     rts2800_fpu32.lib : memory.c.obj (.esysmem)
                  0000e001    00000fff     --HOLE--

MODULE SUMMARY

       Module                            code    initialized data   uninitialized data
       ------                            ----    ----------------   ------------------
    .\DSP2833x_common\source\
       DSP2833x_DefaultIsr.obj           790     0                  0                 
       DSP2833x_PieVect.obj              32      256                0                 
       DSP2833x_SysCtrl.obj              248     0                  0                 
       DSP2833x_CpuTimers.obj            115     0                  24                
       DSP2833x_Sci.obj                  78      0                  0                 
       DSP2833x_PieCtrl.obj              40      0                  0                 
       DSP2833x_Gpio.obj                 23      0                  0                 
       DSP2833x_Adc.obj                  20      0                  0                 
       DSP2833x_CodeStartBranch.obj      10      0                  0                 
       DSP2833x_ADC_cal.obj              7       0                  0                 
       DSP2833x_DisInt.obj               7       0                  0                 
       DSP2833x_usDelay.obj              4       0                  0                 
       DSP2833x_DBGIER.obj               3       0                  0                 
    +--+---------------------------------+-------+------------------+--------------------+
       Total:                            1377    256                24                
                                                                                      
    .\DSP2833x_headers\source\
       DSP2833x_GlobalVariableDefs.obj   0       0                  2679              
    +--+---------------------------------+-------+------------------+--------------------+
       Total:                            0       0                  2679              
                                                                                      
    .\src\
       main.obj                          1059    110                192               
       lcd.obj                           967     162                193               
       lcd_const.obj                     0       515                512               
       queue.obj                         606     0                  0                 
       key.obj                           228     32                 22                
       sci.obj                           267     0                  0                 
       lcd12864.obj                      0       15                 20                
    +--+---------------------------------+-------+------------------+--------------------+
       Total:                            3127    834                939               
                                                                                      
    C:\opt\ti\CCSv8.2.0\ccsv8\tools\compiler\ti-cgt-c2000_18.1.3.LTS\lib\rts2800_fpu32.lib
       _printfi.c.obj                    3421    66                 0                 
       memory.c.obj                      466     4                  8                 
       ll_div28.asm.obj                  263     0                  0                 
       ctype.c.obj                       0       257                0                 
       s_scalbn.c.obj                    174     28                 0                 
       fd_add28.asm.obj                  156     0                  0                 
       fd_div28.asm.obj                  139     0                  0                 
       fs_div28.asm.obj                  136     0                  0                 
       fd_mpy28.asm.obj                  131     0                  0                 
       s_frexp.c.obj                     90      8                  0                 
       boot28.asm.obj                    86      0                  0                 
       exit.c.obj                        41      14                 6                 
       sprintf.c.obj                     50      0                  0                 
       atoi.c.obj                        49      0                  0                 
       ltoa.c.obj                        46      0                  0                 
       fd_cmp28.asm.obj                  42      0                  0                 
       l_div28.asm.obj                   42      0                  0                 
       s_copysign.c.obj                  37      0                  0                 
       cpy_tbl.c.obj                     36      0                  0                 
       fd_toi28.asm.obj                  33      0                  0                 
       fd_tol28.asm.obj                  31      0                  0                 
       ll_cmp28.asm.obj                  30      0                  0                 
       i_tofd28.asm.obj                  29      0                  0                 
       memcpy.c.obj                      29      0                  0                 
       fs_tofdfpu32.asm.obj              28      0                  0                 
       l_tofd28.asm.obj                  28      0                  0                 
       args_main.c.obj                   25      0                  0                 
       ll_aox28.asm.obj                  24      0                  0                 
       _lock.c.obj                       9       10                 4                 
       fd_sub28.asm.obj                  14      0                  0                 
       memccpy.c.obj                     13      0                  0                 
       memset.c.obj                      12      0                  0                 
       strchr.c.obj                      12      0                  0                 
       fd_neg28.asm.obj                  9       0                  0                 
       wcslen.c.obj                      9       0                  0                 
       strlen.c.obj                      8       0                  0                 
       errno.c.obj                       0       4                  1                 
       strcpy.c.obj                      5       0                  0                 
       pre_init.c.obj                    2       0                  0                 
       startup.c.obj                     1       0                  0                 
    +--+---------------------------------+-------+------------------+--------------------+
       Total:                            5756    391                19                
                                                                                      
       Heap:                             0       0                  4096              
       Stack:                            0       0                  768               
    +--+---------------------------------+-------+------------------+--------------------+
       Grand Total:                      10260   1481               8525              


GLOBAL DATA SYMBOLS: SORTED BY DATA PAGE

address     data page           name
--------    ----------------    ----
00000880      22 (00000880)     _DevEmuRegs

00000a80      2a (00000a80)     _FlashRegs

00000ae0      2b (00000ac0)     _CsmRegs

00000b00      2c (00000b00)     _AdcMirror
00000b20      2c (00000b00)     _XintfRegs

00000c00      30 (00000c00)     _CpuTimer0Regs
00000c08      30 (00000c00)     _CpuTimer1Regs
00000c10      30 (00000c00)     _CpuTimer2Regs

00000ce0      33 (00000cc0)     _PieCtrlRegs

00000d00      34 (00000d00)     _PieVectTable

00001000      40 (00001000)     _DmaRegs

00005000     140 (00005000)     _McbspaRegs

00005040     141 (00005040)     _McbspbRegs

00006000     180 (00006000)     _ECanaRegs

00006040     181 (00006040)     _ECanaLAMRegs

00006080     182 (00006080)     _ECanaMOTSRegs

000060c0     183 (000060c0)     _ECanaMOTORegs

00006100     184 (00006100)     _ECanaMboxes

00006200     188 (00006200)     _ECanbRegs

00006240     189 (00006240)     _ECanbLAMRegs

00006280     18a (00006280)     _ECanbMOTSRegs

000062c0     18b (000062c0)     _ECanbMOTORegs

00006300     18c (00006300)     _ECanbMboxes

00006800     1a0 (00006800)     _EPwm1Regs

00006840     1a1 (00006840)     _EPwm2Regs

00006880     1a2 (00006880)     _EPwm3Regs

000068c0     1a3 (000068c0)     _EPwm4Regs

00006900     1a4 (00006900)     _EPwm5Regs

00006940     1a5 (00006940)     _EPwm6Regs

00006a00     1a8 (00006a00)     _ECap1Regs
00006a20     1a8 (00006a00)     _ECap2Regs

00006a40     1a9 (00006a40)     _ECap3Regs
00006a60     1a9 (00006a40)     _ECap4Regs

00006a80     1aa (00006a80)     _ECap5Regs
00006aa0     1aa (00006a80)     _ECap6Regs

00006b00     1ac (00006b00)     _EQep1Regs

00006b40     1ad (00006b40)     _EQep2Regs

00006f80     1be (00006f80)     _GpioCtrlRegs

00006fc0     1bf (00006fc0)     _GpioDataRegs
00006fe0     1bf (00006fc0)     _GpioIntRegs

00007010     1c0 (00007000)     _SysCtrlRegs

00007040     1c1 (00007040)     _SpiaRegs
00007050     1c1 (00007040)     _SciaRegs
00007070     1c1 (00007040)     _XIntruptRegs

00007100     1c4 (00007100)     _AdcRegs

00007750     1dd (00007740)     _ScibRegs
00007770     1dd (00007740)     _ScicRegs

00007900     1e4 (00007900)     _I2caRegs

0000c000     300 (0000c000)     _bmp1

0000c200     308 (0000c200)     _Keyy
0000c201     308 (0000c200)     _str2
0000c212     308 (0000c200)     _AC_TABLE

0000c240     309 (0000c240)     _sign

0000c280     30a (0000c280)     _str1

0000c2c1     30b (0000c2c0)     _errno
0000c2c2     30b (0000c2c0)     _CpuTimer1
0000c2ca     30b (0000c2c0)     _CpuTimer2
0000c2d2     30b (0000c2c0)     _CpuTimer0
0000c2da     30b (0000c2c0)     _KX_On
0000c2db     30b (0000c2c0)     _Key
0000c2dc     30b (0000c2c0)     _KY_On
0000c2dd     30b (0000c2c0)     _KX_Status
0000c2e2     30b (0000c2c0)     _KX_Tim
0000c2e7     30b (0000c2c0)     _Keys
0000c2f8     30b (0000c2c0)     ___TI_enable_exit_profile_output
0000c2fa     30b (0000c2c0)     ___TI_cleanup_ptr
0000c2fc     30b (0000c2c0)     ___TI_dtors_ptr
0000c2fe     30b (0000c2c0)     __lock

0000c300     30c (0000c300)     _is_enable_low_level_trigger
0000c301     30c (0000c300)     _is_enable_high_level_trigger
0000c302     30c (0000c300)     _refresh_count
0000c303     30c (0000c300)     _is_display_wave
0000c304     30c (0000c300)     _min_value
0000c305     30c (0000c300)     _count
0000c306     30c (0000c300)     _max_value
0000c307     30c (0000c300)     _adc_count
0000c308     30c (0000c300)     _period_count
0000c30a     30c (0000c300)     _F
0000c30c     30c (0000c300)     _delta_F
0000c30e     30c (0000c300)     _max_A
0000c310     30c (0000c300)     _A
0000c312     30c (0000c300)     _delta_A
0000c314     30c (0000c300)     _timer_data
0000c316     30c (0000c300)     _N
0000c318     30c (0000c300)     _max_F
0000c31a     30c (0000c300)     _queue

0000c340     30d (0000c340)     _adc_buffer

0000c3c0     30f (0000c3c0)     _DATA
0000c3c2     30f (0000c3c0)     _double_data
0000c3c4     30f (0000c3c0)     _float_data
0000c3c6     30f (0000c3c0)     _AsciiBuff
0000c3d4     30f (0000c3c0)     __unlock

0000d000     340 (0000d000)     __ctypes_

0000d102     344 (0000d100)     _PieVectTableInit

0000e000     380 (0000e000)     __sys_memory

00200000    8000 (00200000)     __stack

0033fff8    cfff (0033ffc0)     _CsmPwl

00380090    e002 (00380080)     _PartIdRegs


GLOBAL SYMBOLS: SORTED ALPHABETICALLY BY Name 

page  address   name                            
----  -------   ----                            
0     00009000  .text                           
0     0000b5b1  C$$EXIT                         
0     0000b0cc  FD$$ADD                         
0     0000b55d  FD$$CMP                         
0     0000b168  FD$$DIV                         
0     0000b27b  FD$$MPY                         
0     0000b7d3  FD$$NEG                         
0     0000b797  FD$$SUB                         
0     0000b64b  FD$$TOI                         
0     0000b68c  FD$$TOL                         
0     0000b1f3  FS$$DIV                         
0     0000b703  FS$$TOFD                        
0     0000b6c9  I$$TOFD                         
0     0000b587  L$$DIV                          
0     0000b596  L$$MOD                          
0     0000b71f  L$$TOFD                         
0     0000b754  LL$$AND                         
0     0000b6ab  LL$$CMP                         
0     0000abd1  LL$$DIV                         
0     0000ac0d  LL$$MOD                         
0     0000b75c  LL$$OR                          
0     0000b764  LL$$XOR                         
0     0000b5a4  UL$$DIV                         
0     0000b5ab  UL$$MOD                         
0     0000b6bd  ULL$$CMP                        
0     0000ac47  ULL$$DIV                        
0     0000ac76  ULL$$MOD                        
1     0000c310  _A                              
1     0000c212  _AC_TABLE                       
0     0000a571  _ADCINT_ISR                     
0     00380080  _ADC_cal                        
1     00000b00  _AdcMirror                      
1     00007100  _AdcRegs                        
1     0000c3c6  _AsciiBuff                      
0     0000b337  _ConfigCpuTimer                 
1     0000c2d2  _CpuTimer0                      
1     00000c00  _CpuTimer0Regs                  
1     0000c2c2  _CpuTimer1                      
1     00000c08  _CpuTimer1Regs                  
1     0000c2ca  _CpuTimer2                      
1     00000c10  _CpuTimer2Regs                  
1     0033fff8  _CsmPwl                         
1     00000ae0  _CsmRegs                        
0     0000ad9f  _CsmUnlock                      
1     0000c3c0  _DATA                           
0     0000a49f  _DATALOG_ISR                    
0     0000a693  _DINTCH1_ISR                    
0     0000a69d  _DINTCH2_ISR                    
0     0000a6a7  _DINTCH3_ISR                    
0     0000a6b1  _DINTCH4_ISR                    
0     0000a6bb  _DINTCH5_ISR                    
0     0000a6c5  _DINTCH6_ISR                    
0     0000b7f5  _DSP28x_DisableInt              
0     0000b7f9  _DSP28x_RestoreInt              
0     0000832e  _DSP28x_usDelay                 
0     00009d5d  _Delay                          
0     00009e7b  _DelayKeys                      
1     00000880  _DevEmuRegs                     
0     0000aceb  _DisableDog                     
0     00009e55  _DisplayDots                    
1     00001000  _DmaRegs                        
0     0000a013  _DrawDots                       
0     0000a71f  _ECAN0INTA_ISR                  
0     0000a733  _ECAN0INTB_ISR                  
0     0000a729  _ECAN1INTA_ISR                  
0     0000a73d  _ECAN1INTB_ISR                  
0     0000a607  _ECAP1_INT_ISR                  
0     0000a611  _ECAP2_INT_ISR                  
0     0000a61b  _ECAP3_INT_ISR                  
0     0000a625  _ECAP4_INT_ISR                  
0     0000a62f  _ECAP5_INT_ISR                  
0     0000a639  _ECAP6_INT_ISR                  
1     00006040  _ECanaLAMRegs                   
1     000060c0  _ECanaMOTORegs                  
1     00006080  _ECanaMOTSRegs                  
1     00006100  _ECanaMboxes                    
1     00006000  _ECanaRegs                      
1     00006240  _ECanbLAMRegs                   
1     000062c0  _ECanbMOTORegs                  
1     00006280  _ECanbMOTSRegs                  
1     00006300  _ECanbMboxes                    
1     00006200  _ECanbRegs                      
1     00006a00  _ECap1Regs                      
1     00006a20  _ECap2Regs                      
1     00006a40  _ECap3Regs                      
1     00006a60  _ECap4Regs                      
1     00006a80  _ECap5Regs                      
1     00006aa0  _ECap6Regs                      
0     0000a4b3  _EMUINT_ISR                     
0     0000a5cb  _EPWM1_INT_ISR                  
0     0000a58f  _EPWM1_TZINT_ISR                
0     0000a5d5  _EPWM2_INT_ISR                  
0     0000a599  _EPWM2_TZINT_ISR                
0     0000a5df  _EPWM3_INT_ISR                  
0     0000a5a3  _EPWM3_TZINT_ISR                
0     0000a5e9  _EPWM4_INT_ISR                  
0     0000a5ad  _EPWM4_TZINT_ISR                
0     0000a5f3  _EPWM5_INT_ISR                  
0     0000a5b7  _EPWM5_TZINT_ISR                
0     0000a5fd  _EPWM6_INT_ISR                  
0     0000a5c1  _EPWM6_TZINT_ISR                
1     00006800  _EPwm1Regs                      
1     00006840  _EPwm2Regs                      
1     00006880  _EPwm3Regs                      
1     000068c0  _EPwm4Regs                      
1     00006900  _EPwm5Regs                      
1     00006940  _EPwm6Regs                      
0     0000a643  _EQEP1_INT_ISR                  
0     0000a64d  _EQEP2_INT_ISR                  
1     00006b00  _EQep1Regs                      
1     00006b40  _EQep2Regs                      
0     0000b5f9  _EnableInterrupts               
1     0000c30a  _F                              
1     00000a80  _FlashRegs                      
1     00006f80  _GpioCtrlRegs                   
1     00006fc0  _GpioDataRegs                   
1     00006fe0  _GpioIntRegs                    
0     00009eba  _Gpio_select                    
0     0000a6cf  _I2CINT1A_ISR                   
0     0000a6d9  _I2CINT2A_ISR                   
1     00007900  _I2caRegs                       
0     0000a4c7  _ILLEGAL_ISR                    
0     0000a48b  _INT13_ISR                      
0     0000a495  _INT14_ISR                      
0     0000b783  _InitAdc                        
0     0000b2fe  _InitCpuTimers                  
0     0000b76c  _InitGpio                       
0     0000ad44  _InitPeripheralClocks           
0     0000b5da  _InitPieCtrl                    
0     0000b66c  _InitPieVectTable               
0     0000acf3  _InitPll                        
0     0000b47e  _InitSci                        
0     0000b481  _InitSciGpio                    
0     0000b488  _InitSciaGpio                   
0     0000b4a0  _InitScibGpio                   
0     0000b4b6  _InitScicGpio                   
0     0000acd8  _InitSysCtrl                    
0     0000ae76  _Init_KeyGpio                   
0     0000ade8  _KX_AllStatus                   
1     0000c2da  _KX_On                          
1     0000c2dd  _KX_Status                      
1     0000c2e2  _KX_Tim                         
1     0000c2dc  _KY_On                          
1     0000c2db  _Key                            
1     0000c2e7  _Keys                           
1     0000c200  _Keyy                           
0     0000a783  _LUF_ISR                        
0     0000a779  _LVF_ISR                        
0     00009d98  _LcmClearBMP                    
0     00009d84  _LcmClearTXT                    
0     00009d74  _LcmInit                        
0     0000a67f  _MRINTA_ISR                     
0     0000a66b  _MRINTB_ISR                     
0     0000a689  _MXINTA_ISR                     
0     0000a675  _MXINTB_ISR                     
1     00005000  _McbspaRegs                     
1     00005040  _McbspbRegs                     
1     0000c316  _N                              
0     0000a4bd  _NMI_ISR                        
0     0000a78d  _PIE_RESERVED                   
1     00380090  _PartIdRegs                     
1     00000ce0  _PieCtrlRegs                    
1     00000d00  _PieVectTable                   
1     0000d102  _PieVectTableInit               
0     00009e26  _PutBMP                         
0     00009df1  _PutSign                        
0     00009dba  _PutStr                         
0     0000a4a9  _RTOSINT_ISR                    
0     0000ae01  _Read_KX                        
0     0000ae48  _Read_KY                        
0     0000addf  _ResetAllKY                     
0     0000ae32  _Rst_KY                         
0     0000a6f7  _SCIRXINTA_ISR                  
0     0000a70b  _SCIRXINTB_ISR                  
0     0000a6e3  _SCIRXINTC_ISR                  
0     0000a701  _SCITXINTA_ISR                  
0     0000a715  _SCITXINTB_ISR                  
0     0000a6ed  _SCITXINTC_ISR                  
0     0000b01e  _SCI_INIT                       
0     0000a549  _SEQ1INT_ISR                    
0     0000a553  _SEQ2INT_ISR                    
0     0000a657  _SPIRXINTA_ISR                  
0     0000a661  _SPITXINTA_ISR                  
1     00007050  _SciaRegs                       
1     00007750  _ScibRegs                       
1     00007770  _ScicRegs                       
0     0000ace1  _ServiceDog                     
0     0000b801  _SetDBGIER                      
0     0000ae1c  _Set_KY                         
1     00007040  _SpiaRegs                       
1     00007010  _SysCtrlRegs                    
0     0000a57b  _TINT0_ISR                      
0     0000a52b  _USER10_ISR                     
0     0000a535  _USER11_ISR                     
0     0000a53f  _USER12_ISR                     
0     0000a4d1  _USER1_ISR                      
0     0000a4db  _USER2_ISR                      
0     0000a4e5  _USER3_ISR                      
0     0000a4ef  _USER4_ISR                      
0     0000a4f9  _USER5_ISR                      
0     0000a503  _USER6_ISR                      
0     0000a50d  _USER7_ISR                      
0     0000a517  _USER8_ISR                      
0     0000a521  _USER9_ISR                      
0     0000a585  _WAKEINT_ISR                    
0     0000a55d  _XINT1_ISR                      
0     0000a567  _XINT2_ISR                      
0     0000a747  _XINT3_ISR                      
0     0000a751  _XINT4_ISR                      
0     0000a75b  _XINT5_ISR                      
0     0000a765  _XINT6_ISR                      
0     0000a76f  _XINT7_ISR                      
1     00007070  _XIntruptRegs                   
1     00000b20  _XintfRegs                      
0     00200300  __STACK_END                     
abs   00000300  __STACK_SIZE                    
abs   00001000  __SYSMEM_SIZE                   
1     0000c2fa  ___TI_cleanup_ptr               
1     0000c2fc  ___TI_dtors_ptr                 
1     0000c2f8  ___TI_enable_exit_profile_output
abs   ffffffff  ___TI_pprof_out_hndl            
0     00009bbe  ___TI_printfi                   
abs   ffffffff  ___TI_prof_data_size            
abs   ffffffff  ___TI_prof_data_start           
abs   ffffffff  ___binit__                      
abs   ffffffff  ___c_args__                     
0     00008000  ___cinit__                      
0     0000b807  ___etext__                      
0     0000a991  ___init                         
abs   ffffffff  ___pinit__                      
0     0000a7a1  ___resize                       
0     00009000  ___text__                       
0     0000b73b  __args_main                     
1     0000d000  __ctypes_                       
1     0000c2fe  __lock                          
0     0000b7d2  __nop                           
0     0000b7ce  __register_lock                 
0     0000b7ca  __register_unlock               
0     00200000  __stack                         
1     0000e000  __sys_memory                    
0     0000b806  __system_post_cinit             
0     0000b804  __system_pre_init               
1     0000c3d4  __unlock                        
0     0000b5b1  _abort                          
1     0000c340  _adc_buffer                     
1     0000c307  _adc_count                      
0     0000aeb4  _adc_isr                        
0     0000b4fe  _atoi                           
1     0000c000  _bmp1                           
0     0000b428  _c_int00                        
0     0000abba  _calloc                         
0     0000abb8  _chkheap                        
0     00009fab  _clear_lcd_draw                 
0     0000b627  _copy_in                        
0     0000b602  _copysignl                      
1     0000c305  _count                          
0     0000add0  _delay                          
0     00009e9c  _delay_loop_ms                  
0     00009eab  _delay_loops                    
1     0000c312  _delta_A                        
1     0000c30c  _delta_F                        
1     0000c3c2  _double_data                    
1     0000c2c1  _errno                          
0     0000b5b3  _exit                           
1     0000c3c4  _float_data                     
0     0000a9ff  _free                           
0     0000ab9a  _free_memory                    
0     0000b3ce  _frexpl                         
1     0000c303  _is_display_wave                
1     0000c301  _is_enable_high_level_trigger   
1     0000c300  _is_enable_low_level_trigger    
0     0000a107  _lcd_api_put                    
0     0000a10e  _lcd_draw_128p                  
0     00009f8a  _lcd_read_data                  
0     00009fd1  _lcd_set_dot                    
0     00009f40  _lcd_write_cmd                  
0     00009f65  _lcd_write_data                 
0     0000af70  _ldexpl                         
0     0000a976  _loop_queue_append              
0     0000a815  _loop_queue_dequeue             
0     0000a921  _loop_queue_dequeue_all         
0     0000a940  _loop_queue_dequeue_len         
0     0000a88a  _loop_queue_get_capacity        
0     0000a85e  _loop_queue_get_front           
0     0000a899  _loop_queue_get_max_value       
0     0000a8dd  _loop_queue_get_min_value       
0     0000a872  _loop_queue_get_size            
0     0000a892  _loop_queue_init                
0     0000a87a  _loop_queue_is_empty            
0     0000a7e1  _loop_queue_queue               
0     0000b52f  _ltoa                           
0     0000a124  _main                           
0     0000aa68  _malloc                         
1     0000c30e  _max_A                          
1     0000c318  _max_F                          
0     0000ab78  _max_free                       
1     0000c306  _max_value                      
0     0000b7a5  _memccpy                        
0     0000b6e6  _memcpy                         
0     0000b7b2  _memset                         
1     0000c304  _min_value                      
0     0000aa43  _minit                          
0     0000a9f3  _new_queue                      
1     0000c308  _period_count                   
0     0000a0a0  _put_point                      
1     0000c31a  _queue                          
0     00009f0f  _read_byte                      
0     0000aac6  _realloc                        
1     0000c302  _refresh_count                  
0     0000a797  _rsvd_ISR                       
0     0000af70  _scalbnl                        
0     0000b371  _sciaRxFifoIsr                  
0     0000b08a  _scia_fifo_init                 
0     0000b035  _scia_msg                       
0     0000b027  _scia_xmit                      
0     0000b394  _scibRxFifoIsr                  
0     0000b0a0  _scib_fifo_init                 
0     0000b056  _scib_msg                       
0     0000b048  _scib_xmit                      
0     0000b3b1  _scicRxFifoIsr                  
0     0000b0b6  _scic_fifo_init                 
0     0000b077  _scic_msg                       
0     0000b069  _scic_xmit                      
1     0000c240  _sign                           
0     0000b4cc  _sprintf                        
1     0000c280  _str1                           
1     0000c201  _str2                           
0     0000b7be  _strchr                         
0     0000b7fc  _strcpy                         
0     0000b7ed  _strlen                         
1     0000c314  _timer_data                     
0     0000af22  _tint0_isr                      
0     0000b7dc  _wcslen                         
0     00009ec9  _write_byte                     
abs   ffffffff  binit                           
0     00008000  cinit                           
0     00000000  code_start                      
0     0000b807  etext                           
abs   ffffffff  pinit                           


GLOBAL SYMBOLS: SORTED BY Symbol Address 

page  address   name                            
----  -------   ----                            
0     00000000  code_start                      
0     00008000  ___cinit__                      
0     00008000  cinit                           
0     0000832e  _DSP28x_usDelay                 
0     00009000  .text                           
0     00009000  ___text__                       
0     00009bbe  ___TI_printfi                   
0     00009d5d  _Delay                          
0     00009d74  _LcmInit                        
0     00009d84  _LcmClearTXT                    
0     00009d98  _LcmClearBMP                    
0     00009dba  _PutStr                         
0     00009df1  _PutSign                        
0     00009e26  _PutBMP                         
0     00009e55  _DisplayDots                    
0     00009e7b  _DelayKeys                      
0     00009e9c  _delay_loop_ms                  
0     00009eab  _delay_loops                    
0     00009eba  _Gpio_select                    
0     00009ec9  _write_byte                     
0     00009f0f  _read_byte                      
0     00009f40  _lcd_write_cmd                  
0     00009f65  _lcd_write_data                 
0     00009f8a  _lcd_read_data                  
0     00009fab  _clear_lcd_draw                 
0     00009fd1  _lcd_set_dot                    
0     0000a013  _DrawDots                       
0     0000a0a0  _put_point                      
0     0000a107  _lcd_api_put                    
0     0000a10e  _lcd_draw_128p                  
0     0000a124  _main                           
0     0000a48b  _INT13_ISR                      
0     0000a495  _INT14_ISR                      
0     0000a49f  _DATALOG_ISR                    
0     0000a4a9  _RTOSINT_ISR                    
0     0000a4b3  _EMUINT_ISR                     
0     0000a4bd  _NMI_ISR                        
0     0000a4c7  _ILLEGAL_ISR                    
0     0000a4d1  _USER1_ISR                      
0     0000a4db  _USER2_ISR                      
0     0000a4e5  _USER3_ISR                      
0     0000a4ef  _USER4_ISR                      
0     0000a4f9  _USER5_ISR                      
0     0000a503  _USER6_ISR                      
0     0000a50d  _USER7_ISR                      
0     0000a517  _USER8_ISR                      
0     0000a521  _USER9_ISR                      
0     0000a52b  _USER10_ISR                     
0     0000a535  _USER11_ISR                     
0     0000a53f  _USER12_ISR                     
0     0000a549  _SEQ1INT_ISR                    
0     0000a553  _SEQ2INT_ISR                    
0     0000a55d  _XINT1_ISR                      
0     0000a567  _XINT2_ISR                      
0     0000a571  _ADCINT_ISR                     
0     0000a57b  _TINT0_ISR                      
0     0000a585  _WAKEINT_ISR                    
0     0000a58f  _EPWM1_TZINT_ISR                
0     0000a599  _EPWM2_TZINT_ISR                
0     0000a5a3  _EPWM3_TZINT_ISR                
0     0000a5ad  _EPWM4_TZINT_ISR                
0     0000a5b7  _EPWM5_TZINT_ISR                
0     0000a5c1  _EPWM6_TZINT_ISR                
0     0000a5cb  _EPWM1_INT_ISR                  
0     0000a5d5  _EPWM2_INT_ISR                  
0     0000a5df  _EPWM3_INT_ISR                  
0     0000a5e9  _EPWM4_INT_ISR                  
0     0000a5f3  _EPWM5_INT_ISR                  
0     0000a5fd  _EPWM6_INT_ISR                  
0     0000a607  _ECAP1_INT_ISR                  
0     0000a611  _ECAP2_INT_ISR                  
0     0000a61b  _ECAP3_INT_ISR                  
0     0000a625  _ECAP4_INT_ISR                  
0     0000a62f  _ECAP5_INT_ISR                  
0     0000a639  _ECAP6_INT_ISR                  
0     0000a643  _EQEP1_INT_ISR                  
0     0000a64d  _EQEP2_INT_ISR                  
0     0000a657  _SPIRXINTA_ISR                  
0     0000a661  _SPITXINTA_ISR                  
0     0000a66b  _MRINTB_ISR                     
0     0000a675  _MXINTB_ISR                     
0     0000a67f  _MRINTA_ISR                     
0     0000a689  _MXINTA_ISR                     
0     0000a693  _DINTCH1_ISR                    
0     0000a69d  _DINTCH2_ISR                    
0     0000a6a7  _DINTCH3_ISR                    
0     0000a6b1  _DINTCH4_ISR                    
0     0000a6bb  _DINTCH5_ISR                    
0     0000a6c5  _DINTCH6_ISR                    
0     0000a6cf  _I2CINT1A_ISR                   
0     0000a6d9  _I2CINT2A_ISR                   
0     0000a6e3  _SCIRXINTC_ISR                  
0     0000a6ed  _SCITXINTC_ISR                  
0     0000a6f7  _SCIRXINTA_ISR                  
0     0000a701  _SCITXINTA_ISR                  
0     0000a70b  _SCIRXINTB_ISR                  
0     0000a715  _SCITXINTB_ISR                  
0     0000a71f  _ECAN0INTA_ISR                  
0     0000a729  _ECAN1INTA_ISR                  
0     0000a733  _ECAN0INTB_ISR                  
0     0000a73d  _ECAN1INTB_ISR                  
0     0000a747  _XINT3_ISR                      
0     0000a751  _XINT4_ISR                      
0     0000a75b  _XINT5_ISR                      
0     0000a765  _XINT6_ISR                      
0     0000a76f  _XINT7_ISR                      
0     0000a779  _LVF_ISR                        
0     0000a783  _LUF_ISR                        
0     0000a78d  _PIE_RESERVED                   
0     0000a797  _rsvd_ISR                       
0     0000a7a1  ___resize                       
0     0000a7e1  _loop_queue_queue               
0     0000a815  _loop_queue_dequeue             
0     0000a85e  _loop_queue_get_front           
0     0000a872  _loop_queue_get_size            
0     0000a87a  _loop_queue_is_empty            
0     0000a88a  _loop_queue_get_capacity        
0     0000a892  _loop_queue_init                
0     0000a899  _loop_queue_get_max_value       
0     0000a8dd  _loop_queue_get_min_value       
0     0000a921  _loop_queue_dequeue_all         
0     0000a940  _loop_queue_dequeue_len         
0     0000a976  _loop_queue_append              
0     0000a991  ___init                         
0     0000a9f3  _new_queue                      
0     0000a9ff  _free                           
0     0000aa43  _minit                          
0     0000aa68  _malloc                         
0     0000aac6  _realloc                        
0     0000ab78  _max_free                       
0     0000ab9a  _free_memory                    
0     0000abb8  _chkheap                        
0     0000abba  _calloc                         
0     0000abd1  LL$$DIV                         
0     0000ac0d  LL$$MOD                         
0     0000ac47  ULL$$DIV                        
0     0000ac76  ULL$$MOD                        
0     0000acd8  _InitSysCtrl                    
0     0000ace1  _ServiceDog                     
0     0000aceb  _DisableDog                     
0     0000acf3  _InitPll                        
0     0000ad44  _InitPeripheralClocks           
0     0000ad9f  _CsmUnlock                      
0     0000add0  _delay                          
0     0000addf  _ResetAllKY                     
0     0000ade8  _KX_AllStatus                   
0     0000ae01  _Read_KX                        
0     0000ae1c  _Set_KY                         
0     0000ae32  _Rst_KY                         
0     0000ae48  _Read_KY                        
0     0000ae76  _Init_KeyGpio                   
0     0000aeb4  _adc_isr                        
0     0000af22  _tint0_isr                      
0     0000af70  _ldexpl                         
0     0000af70  _scalbnl                        
0     0000b01e  _SCI_INIT                       
0     0000b027  _scia_xmit                      
0     0000b035  _scia_msg                       
0     0000b048  _scib_xmit                      
0     0000b056  _scib_msg                       
0     0000b069  _scic_xmit                      
0     0000b077  _scic_msg                       
0     0000b08a  _scia_fifo_init                 
0     0000b0a0  _scib_fifo_init                 
0     0000b0b6  _scic_fifo_init                 
0     0000b0cc  FD$$ADD                         
0     0000b168  FD$$DIV                         
0     0000b1f3  FS$$DIV                         
0     0000b27b  FD$$MPY                         
0     0000b2fe  _InitCpuTimers                  
0     0000b337  _ConfigCpuTimer                 
0     0000b371  _sciaRxFifoIsr                  
0     0000b394  _scibRxFifoIsr                  
0     0000b3b1  _scicRxFifoIsr                  
0     0000b3ce  _frexpl                         
0     0000b428  _c_int00                        
0     0000b47e  _InitSci                        
0     0000b481  _InitSciGpio                    
0     0000b488  _InitSciaGpio                   
0     0000b4a0  _InitScibGpio                   
0     0000b4b6  _InitScicGpio                   
0     0000b4cc  _sprintf                        
0     0000b4fe  _atoi                           
0     0000b52f  _ltoa                           
0     0000b55d  FD$$CMP                         
0     0000b587  L$$DIV                          
0     0000b596  L$$MOD                          
0     0000b5a4  UL$$DIV                         
0     0000b5ab  UL$$MOD                         
0     0000b5b1  C$$EXIT                         
0     0000b5b1  _abort                          
0     0000b5b3  _exit                           
0     0000b5da  _InitPieCtrl                    
0     0000b5f9  _EnableInterrupts               
0     0000b602  _copysignl                      
0     0000b627  _copy_in                        
0     0000b64b  FD$$TOI                         
0     0000b66c  _InitPieVectTable               
0     0000b68c  FD$$TOL                         
0     0000b6ab  LL$$CMP                         
0     0000b6bd  ULL$$CMP                        
0     0000b6c9  I$$TOFD                         
0     0000b6e6  _memcpy                         
0     0000b703  FS$$TOFD                        
0     0000b71f  L$$TOFD                         
0     0000b73b  __args_main                     
0     0000b754  LL$$AND                         
0     0000b75c  LL$$OR                          
0     0000b764  LL$$XOR                         
0     0000b76c  _InitGpio                       
0     0000b783  _InitAdc                        
0     0000b797  FD$$SUB                         
0     0000b7a5  _memccpy                        
0     0000b7b2  _memset                         
0     0000b7be  _strchr                         
0     0000b7ca  __register_unlock               
0     0000b7ce  __register_lock                 
0     0000b7d2  __nop                           
0     0000b7d3  FD$$NEG                         
0     0000b7dc  _wcslen                         
0     0000b7ed  _strlen                         
0     0000b7f5  _DSP28x_DisableInt              
0     0000b7f9  _DSP28x_RestoreInt              
0     0000b7fc  _strcpy                         
0     0000b801  _SetDBGIER                      
0     0000b804  __system_pre_init               
0     0000b806  __system_post_cinit             
0     0000b807  ___etext__                      
0     0000b807  etext                           
0     00200000  __stack                         
0     00200300  __STACK_END                     
0     00380080  _ADC_cal                        
1     00000880  _DevEmuRegs                     
1     00000a80  _FlashRegs                      
1     00000ae0  _CsmRegs                        
1     00000b00  _AdcMirror                      
1     00000b20  _XintfRegs                      
1     00000c00  _CpuTimer0Regs                  
1     00000c08  _CpuTimer1Regs                  
1     00000c10  _CpuTimer2Regs                  
1     00000ce0  _PieCtrlRegs                    
1     00000d00  _PieVectTable                   
1     00001000  _DmaRegs                        
1     00005000  _McbspaRegs                     
1     00005040  _McbspbRegs                     
1     00006000  _ECanaRegs                      
1     00006040  _ECanaLAMRegs                   
1     00006080  _ECanaMOTSRegs                  
1     000060c0  _ECanaMOTORegs                  
1     00006100  _ECanaMboxes                    
1     00006200  _ECanbRegs                      
1     00006240  _ECanbLAMRegs                   
1     00006280  _ECanbMOTSRegs                  
1     000062c0  _ECanbMOTORegs                  
1     00006300  _ECanbMboxes                    
1     00006800  _EPwm1Regs                      
1     00006840  _EPwm2Regs                      
1     00006880  _EPwm3Regs                      
1     000068c0  _EPwm4Regs                      
1     00006900  _EPwm5Regs                      
1     00006940  _EPwm6Regs                      
1     00006a00  _ECap1Regs                      
1     00006a20  _ECap2Regs                      
1     00006a40  _ECap3Regs                      
1     00006a60  _ECap4Regs                      
1     00006a80  _ECap5Regs                      
1     00006aa0  _ECap6Regs                      
1     00006b00  _EQep1Regs                      
1     00006b40  _EQep2Regs                      
1     00006f80  _GpioCtrlRegs                   
1     00006fc0  _GpioDataRegs                   
1     00006fe0  _GpioIntRegs                    
1     00007010  _SysCtrlRegs                    
1     00007040  _SpiaRegs                       
1     00007050  _SciaRegs                       
1     00007070  _XIntruptRegs                   
1     00007100  _AdcRegs                        
1     00007750  _ScibRegs                       
1     00007770  _ScicRegs                       
1     00007900  _I2caRegs                       
1     0000c000  _bmp1                           
1     0000c200  _Keyy                           
1     0000c201  _str2                           
1     0000c212  _AC_TABLE                       
1     0000c240  _sign                           
1     0000c280  _str1                           
1     0000c2c1  _errno                          
1     0000c2c2  _CpuTimer1                      
1     0000c2ca  _CpuTimer2                      
1     0000c2d2  _CpuTimer0                      
1     0000c2da  _KX_On                          
1     0000c2db  _Key                            
1     0000c2dc  _KY_On                          
1     0000c2dd  _KX_Status                      
1     0000c2e2  _KX_Tim                         
1     0000c2e7  _Keys                           
1     0000c2f8  ___TI_enable_exit_profile_output
1     0000c2fa  ___TI_cleanup_ptr               
1     0000c2fc  ___TI_dtors_ptr                 
1     0000c2fe  __lock                          
1     0000c300  _is_enable_low_level_trigger    
1     0000c301  _is_enable_high_level_trigger   
1     0000c302  _refresh_count                  
1     0000c303  _is_display_wave                
1     0000c304  _min_value                      
1     0000c305  _count                          
1     0000c306  _max_value                      
1     0000c307  _adc_count                      
1     0000c308  _period_count                   
1     0000c30a  _F                              
1     0000c30c  _delta_F                        
1     0000c30e  _max_A                          
1     0000c310  _A                              
1     0000c312  _delta_A                        
1     0000c314  _timer_data                     
1     0000c316  _N                              
1     0000c318  _max_F                          
1     0000c31a  _queue                          
1     0000c340  _adc_buffer                     
1     0000c3c0  _DATA                           
1     0000c3c2  _double_data                    
1     0000c3c4  _float_data                     
1     0000c3c6  _AsciiBuff                      
1     0000c3d4  __unlock                        
1     0000d000  __ctypes_                       
1     0000d102  _PieVectTableInit               
1     0000e000  __sys_memory                    
1     0033fff8  _CsmPwl                         
1     00380090  _PartIdRegs                     
abs   00000300  __STACK_SIZE                    
abs   00001000  __SYSMEM_SIZE                   
abs   ffffffff  ___TI_pprof_out_hndl            
abs   ffffffff  ___TI_prof_data_size            
abs   ffffffff  ___TI_prof_data_start           
abs   ffffffff  ___binit__                      
abs   ffffffff  ___c_args__                     
abs   ffffffff  ___pinit__                      
abs   ffffffff  binit                           
abs   ffffffff  pinit                           

[339 symbols]
