<?xml version="1.0" encoding="ISO-8859-1" ?>
<link_info>
   <banner>TMS320C2000 Linker Unix v18.1.3.LTS</banner>
   <copyright>Copyright (c) 1996-2017 Texas Instruments Incorporated</copyright>
   <link_time>0x5c0b66ae</link_time>
   <link_errors>0x0</link_errors>
   <output_file>Q34_MULTI_T_SAMPLE_F2833X_CCS8.out</output_file>
   <entry_point>
      <name>_c_int00</name>
      <address>0x321943</address>
   </entry_point>
   <input_file_list>
      <input_file id="fl-2">
         <path>./DSP2833x_common/source/</path>
         <kind>object</kind>
         <file>DSP2833x_ADC_cal.obj</file>
         <name>DSP2833x_ADC_cal.obj</name>
      </input_file>
      <input_file id="fl-3">
         <path>./DSP2833x_common/source/</path>
         <kind>object</kind>
         <file>DSP2833x_Adc.obj</file>
         <name>DSP2833x_Adc.obj</name>
      </input_file>
      <input_file id="fl-4">
         <path>./DSP2833x_common/source/</path>
         <kind>object</kind>
         <file>DSP2833x_CSMPasswords.obj</file>
         <name>DSP2833x_CSMPasswords.obj</name>
      </input_file>
      <input_file id="fl-5">
         <path>./DSP2833x_common/source/</path>
         <kind>object</kind>
         <file>DSP2833x_CodeStartBranch.obj</file>
         <name>DSP2833x_CodeStartBranch.obj</name>
      </input_file>
      <input_file id="fl-6">
         <path>./DSP2833x_common/source/</path>
         <kind>object</kind>
         <file>DSP2833x_CpuTimers.obj</file>
         <name>DSP2833x_CpuTimers.obj</name>
      </input_file>
      <input_file id="fl-7">
         <path>./DSP2833x_common/source/</path>
         <kind>object</kind>
         <file>DSP2833x_DBGIER.obj</file>
         <name>DSP2833x_DBGIER.obj</name>
      </input_file>
      <input_file id="fl-8">
         <path>./DSP2833x_common/source/</path>
         <kind>object</kind>
         <file>DSP2833x_DMA.obj</file>
         <name>DSP2833x_DMA.obj</name>
      </input_file>
      <input_file id="fl-9">
         <path>./DSP2833x_common/source/</path>
         <kind>object</kind>
         <file>DSP2833x_DefaultIsr.obj</file>
         <name>DSP2833x_DefaultIsr.obj</name>
      </input_file>
      <input_file id="fl-a">
         <path>./DSP2833x_common/source/</path>
         <kind>object</kind>
         <file>DSP2833x_DisInt.obj</file>
         <name>DSP2833x_DisInt.obj</name>
      </input_file>
      <input_file id="fl-b">
         <path>./DSP2833x_common/source/</path>
         <kind>object</kind>
         <file>DSP2833x_ECan.obj</file>
         <name>DSP2833x_ECan.obj</name>
      </input_file>
      <input_file id="fl-c">
         <path>./DSP2833x_common/source/</path>
         <kind>object</kind>
         <file>DSP2833x_ECap.obj</file>
         <name>DSP2833x_ECap.obj</name>
      </input_file>
      <input_file id="fl-d">
         <path>./DSP2833x_common/source/</path>
         <kind>object</kind>
         <file>DSP2833x_EPwm.obj</file>
         <name>DSP2833x_EPwm.obj</name>
      </input_file>
      <input_file id="fl-e">
         <path>./DSP2833x_common/source/</path>
         <kind>object</kind>
         <file>DSP2833x_EQep.obj</file>
         <name>DSP2833x_EQep.obj</name>
      </input_file>
      <input_file id="fl-f">
         <path>./DSP2833x_common/source/</path>
         <kind>object</kind>
         <file>DSP2833x_Gpio.obj</file>
         <name>DSP2833x_Gpio.obj</name>
      </input_file>
      <input_file id="fl-10">
         <path>./DSP2833x_common/source/</path>
         <kind>object</kind>
         <file>DSP2833x_I2C.obj</file>
         <name>DSP2833x_I2C.obj</name>
      </input_file>
      <input_file id="fl-11">
         <path>./DSP2833x_common/source/</path>
         <kind>object</kind>
         <file>DSP2833x_Mcbsp.obj</file>
         <name>DSP2833x_Mcbsp.obj</name>
      </input_file>
      <input_file id="fl-12">
         <path>./DSP2833x_common/source/</path>
         <kind>object</kind>
         <file>DSP2833x_MemCopy.obj</file>
         <name>DSP2833x_MemCopy.obj</name>
      </input_file>
      <input_file id="fl-13">
         <path>./DSP2833x_common/source/</path>
         <kind>object</kind>
         <file>DSP2833x_PieCtrl.obj</file>
         <name>DSP2833x_PieCtrl.obj</name>
      </input_file>
      <input_file id="fl-14">
         <path>./DSP2833x_common/source/</path>
         <kind>object</kind>
         <file>DSP2833x_PieVect.obj</file>
         <name>DSP2833x_PieVect.obj</name>
      </input_file>
      <input_file id="fl-15">
         <path>./DSP2833x_common/source/</path>
         <kind>object</kind>
         <file>DSP2833x_Sci.obj</file>
         <name>DSP2833x_Sci.obj</name>
      </input_file>
      <input_file id="fl-16">
         <path>./DSP2833x_common/source/</path>
         <kind>object</kind>
         <file>DSP2833x_Spi.obj</file>
         <name>DSP2833x_Spi.obj</name>
      </input_file>
      <input_file id="fl-17">
         <path>./DSP2833x_common/source/</path>
         <kind>object</kind>
         <file>DSP2833x_SysCtrl.obj</file>
         <name>DSP2833x_SysCtrl.obj</name>
      </input_file>
      <input_file id="fl-18">
         <path>./DSP2833x_common/source/</path>
         <kind>object</kind>
         <file>DSP2833x_Xintf.obj</file>
         <name>DSP2833x_Xintf.obj</name>
      </input_file>
      <input_file id="fl-19">
         <path>./DSP2833x_common/source/</path>
         <kind>object</kind>
         <file>DSP2833x_usDelay.obj</file>
         <name>DSP2833x_usDelay.obj</name>
      </input_file>
      <input_file id="fl-1a">
         <path>./DSP2833x_headers/source/</path>
         <kind>object</kind>
         <file>DSP2833x_GlobalVariableDefs.obj</file>
         <name>DSP2833x_GlobalVariableDefs.obj</name>
      </input_file>
      <input_file id="fl-1b">
         <path>./src/</path>
         <kind>object</kind>
         <file>main.obj</file>
         <name>main.obj</name>
      </input_file>
      <input_file id="fl-1c">
         <path>./src/</path>
         <kind>object</kind>
         <file>queue.obj</file>
         <name>queue.obj</name>
      </input_file>
      <input_file id="fl-1d">
         <path>./src/</path>
         <kind>object</kind>
         <file>sci.obj</file>
         <name>sci.obj</name>
      </input_file>
      <input_file id="fl-22">
         <kind>object</kind>
         <file>&lt;internal&gt;</file>
         <name>&lt;internal&gt;</name>
      </input_file>
      <input_file id="fl-2e">
         <path>/opt/ti/ccsv8/tools/compiler/ti-cgt-c2000_18.1.3.LTS/lib/</path>
         <kind>archive</kind>
         <file>rts2800_fpu32.lib</file>
         <name>boot28.asm.obj</name>
      </input_file>
      <input_file id="fl-2f">
         <path>/opt/ti/ccsv8/tools/compiler/ti-cgt-c2000_18.1.3.LTS/lib/</path>
         <kind>archive</kind>
         <file>rts2800_fpu32.lib</file>
         <name>fs_div28.asm.obj</name>
      </input_file>
      <input_file id="fl-30">
         <path>/opt/ti/ccsv8/tools/compiler/ti-cgt-c2000_18.1.3.LTS/lib/</path>
         <kind>archive</kind>
         <file>rts2800_fpu32.lib</file>
         <name>cpy_tbl.c.obj</name>
      </input_file>
      <input_file id="fl-31">
         <path>/opt/ti/ccsv8/tools/compiler/ti-cgt-c2000_18.1.3.LTS/lib/</path>
         <kind>archive</kind>
         <file>rts2800_fpu32.lib</file>
         <name>memcpy.c.obj</name>
      </input_file>
      <input_file id="fl-32">
         <path>/opt/ti/ccsv8/tools/compiler/ti-cgt-c2000_18.1.3.LTS/lib/</path>
         <kind>archive</kind>
         <file>rts2800_fpu32.lib</file>
         <name>pre_init.c.obj</name>
      </input_file>
      <input_file id="fl-33">
         <path>/opt/ti/ccsv8/tools/compiler/ti-cgt-c2000_18.1.3.LTS/lib/</path>
         <kind>archive</kind>
         <file>rts2800_fpu32.lib</file>
         <name>startup.c.obj</name>
      </input_file>
      <input_file id="fl-34">
         <path>/opt/ti/ccsv8/tools/compiler/ti-cgt-c2000_18.1.3.LTS/lib/</path>
         <kind>archive</kind>
         <file>rts2800_fpu32.lib</file>
         <name>exit.c.obj</name>
      </input_file>
      <input_file id="fl-35">
         <path>/opt/ti/ccsv8/tools/compiler/ti-cgt-c2000_18.1.3.LTS/lib/</path>
         <kind>archive</kind>
         <file>rts2800_fpu32.lib</file>
         <name>memory.c.obj</name>
      </input_file>
      <input_file id="fl-36">
         <path>/opt/ti/ccsv8/tools/compiler/ti-cgt-c2000_18.1.3.LTS/lib/</path>
         <kind>archive</kind>
         <file>rts2800_fpu32.lib</file>
         <name>_lock.c.obj</name>
      </input_file>
      <input_file id="fl-37">
         <path>/opt/ti/ccsv8/tools/compiler/ti-cgt-c2000_18.1.3.LTS/lib/</path>
         <kind>archive</kind>
         <file>rts2800_fpu32.lib</file>
         <name>args_main.c.obj</name>
      </input_file>
      <input_file id="fl-38">
         <path>/opt/ti/ccsv8/tools/compiler/ti-cgt-c2000_18.1.3.LTS/lib/</path>
         <kind>archive</kind>
         <file>rts2800_fpu32.lib</file>
         <name>sprintf.c.obj</name>
      </input_file>
      <input_file id="fl-39">
         <path>/opt/ti/ccsv8/tools/compiler/ti-cgt-c2000_18.1.3.LTS/lib/</path>
         <kind>archive</kind>
         <file>rts2800_fpu32.lib</file>
         <name>_printfi.c.obj</name>
      </input_file>
      <input_file id="fl-3a">
         <path>/opt/ti/ccsv8/tools/compiler/ti-cgt-c2000_18.1.3.LTS/lib/</path>
         <kind>archive</kind>
         <file>rts2800_fpu32.lib</file>
         <name>atoi.c.obj</name>
      </input_file>
      <input_file id="fl-3b">
         <path>/opt/ti/ccsv8/tools/compiler/ti-cgt-c2000_18.1.3.LTS/lib/</path>
         <kind>archive</kind>
         <file>rts2800_fpu32.lib</file>
         <name>ctype.c.obj</name>
      </input_file>
      <input_file id="fl-3c">
         <path>/opt/ti/ccsv8/tools/compiler/ti-cgt-c2000_18.1.3.LTS/lib/</path>
         <kind>archive</kind>
         <file>rts2800_fpu32.lib</file>
         <name>ltoa.c.obj</name>
      </input_file>
      <input_file id="fl-3d">
         <path>/opt/ti/ccsv8/tools/compiler/ti-cgt-c2000_18.1.3.LTS/lib/</path>
         <kind>archive</kind>
         <file>rts2800_fpu32.lib</file>
         <name>memccpy.c.obj</name>
      </input_file>
      <input_file id="fl-3e">
         <path>/opt/ti/ccsv8/tools/compiler/ti-cgt-c2000_18.1.3.LTS/lib/</path>
         <kind>archive</kind>
         <file>rts2800_fpu32.lib</file>
         <name>memset.c.obj</name>
      </input_file>
      <input_file id="fl-3f">
         <path>/opt/ti/ccsv8/tools/compiler/ti-cgt-c2000_18.1.3.LTS/lib/</path>
         <kind>archive</kind>
         <file>rts2800_fpu32.lib</file>
         <name>strchr.c.obj</name>
      </input_file>
      <input_file id="fl-40">
         <path>/opt/ti/ccsv8/tools/compiler/ti-cgt-c2000_18.1.3.LTS/lib/</path>
         <kind>archive</kind>
         <file>rts2800_fpu32.lib</file>
         <name>strcpy.c.obj</name>
      </input_file>
      <input_file id="fl-41">
         <path>/opt/ti/ccsv8/tools/compiler/ti-cgt-c2000_18.1.3.LTS/lib/</path>
         <kind>archive</kind>
         <file>rts2800_fpu32.lib</file>
         <name>strlen.c.obj</name>
      </input_file>
      <input_file id="fl-42">
         <path>/opt/ti/ccsv8/tools/compiler/ti-cgt-c2000_18.1.3.LTS/lib/</path>
         <kind>archive</kind>
         <file>rts2800_fpu32.lib</file>
         <name>wcslen.c.obj</name>
      </input_file>
      <input_file id="fl-43">
         <path>/opt/ti/ccsv8/tools/compiler/ti-cgt-c2000_18.1.3.LTS/lib/</path>
         <kind>archive</kind>
         <file>rts2800_fpu32.lib</file>
         <name>s_frexp.c.obj</name>
      </input_file>
      <input_file id="fl-44">
         <path>/opt/ti/ccsv8/tools/compiler/ti-cgt-c2000_18.1.3.LTS/lib/</path>
         <kind>archive</kind>
         <file>rts2800_fpu32.lib</file>
         <name>s_scalbn.c.obj</name>
      </input_file>
      <input_file id="fl-45">
         <path>/opt/ti/ccsv8/tools/compiler/ti-cgt-c2000_18.1.3.LTS/lib/</path>
         <kind>archive</kind>
         <file>rts2800_fpu32.lib</file>
         <name>fd_add28.asm.obj</name>
      </input_file>
      <input_file id="fl-46">
         <path>/opt/ti/ccsv8/tools/compiler/ti-cgt-c2000_18.1.3.LTS/lib/</path>
         <kind>archive</kind>
         <file>rts2800_fpu32.lib</file>
         <name>fd_cmp28.asm.obj</name>
      </input_file>
      <input_file id="fl-47">
         <path>/opt/ti/ccsv8/tools/compiler/ti-cgt-c2000_18.1.3.LTS/lib/</path>
         <kind>archive</kind>
         <file>rts2800_fpu32.lib</file>
         <name>fd_div28.asm.obj</name>
      </input_file>
      <input_file id="fl-48">
         <path>/opt/ti/ccsv8/tools/compiler/ti-cgt-c2000_18.1.3.LTS/lib/</path>
         <kind>archive</kind>
         <file>rts2800_fpu32.lib</file>
         <name>fd_mpy28.asm.obj</name>
      </input_file>
      <input_file id="fl-49">
         <path>/opt/ti/ccsv8/tools/compiler/ti-cgt-c2000_18.1.3.LTS/lib/</path>
         <kind>archive</kind>
         <file>rts2800_fpu32.lib</file>
         <name>fd_neg28.asm.obj</name>
      </input_file>
      <input_file id="fl-4a">
         <path>/opt/ti/ccsv8/tools/compiler/ti-cgt-c2000_18.1.3.LTS/lib/</path>
         <kind>archive</kind>
         <file>rts2800_fpu32.lib</file>
         <name>fd_sub28.asm.obj</name>
      </input_file>
      <input_file id="fl-4b">
         <path>/opt/ti/ccsv8/tools/compiler/ti-cgt-c2000_18.1.3.LTS/lib/</path>
         <kind>archive</kind>
         <file>rts2800_fpu32.lib</file>
         <name>fd_toi28.asm.obj</name>
      </input_file>
      <input_file id="fl-4c">
         <path>/opt/ti/ccsv8/tools/compiler/ti-cgt-c2000_18.1.3.LTS/lib/</path>
         <kind>archive</kind>
         <file>rts2800_fpu32.lib</file>
         <name>fd_tol28.asm.obj</name>
      </input_file>
      <input_file id="fl-4d">
         <path>/opt/ti/ccsv8/tools/compiler/ti-cgt-c2000_18.1.3.LTS/lib/</path>
         <kind>archive</kind>
         <file>rts2800_fpu32.lib</file>
         <name>ll_aox28.asm.obj</name>
      </input_file>
      <input_file id="fl-4e">
         <path>/opt/ti/ccsv8/tools/compiler/ti-cgt-c2000_18.1.3.LTS/lib/</path>
         <kind>archive</kind>
         <file>rts2800_fpu32.lib</file>
         <name>ll_cmp28.asm.obj</name>
      </input_file>
      <input_file id="fl-4f">
         <path>/opt/ti/ccsv8/tools/compiler/ti-cgt-c2000_18.1.3.LTS/lib/</path>
         <kind>archive</kind>
         <file>rts2800_fpu32.lib</file>
         <name>ll_div28.asm.obj</name>
      </input_file>
      <input_file id="fl-50">
         <path>/opt/ti/ccsv8/tools/compiler/ti-cgt-c2000_18.1.3.LTS/lib/</path>
         <kind>archive</kind>
         <file>rts2800_fpu32.lib</file>
         <name>i_tofd28.asm.obj</name>
      </input_file>
      <input_file id="fl-51">
         <path>/opt/ti/ccsv8/tools/compiler/ti-cgt-c2000_18.1.3.LTS/lib/</path>
         <kind>archive</kind>
         <file>rts2800_fpu32.lib</file>
         <name>l_tofd28.asm.obj</name>
      </input_file>
      <input_file id="fl-52">
         <path>/opt/ti/ccsv8/tools/compiler/ti-cgt-c2000_18.1.3.LTS/lib/</path>
         <kind>archive</kind>
         <file>rts2800_fpu32.lib</file>
         <name>l_div28.asm.obj</name>
      </input_file>
      <input_file id="fl-53">
         <path>/opt/ti/ccsv8/tools/compiler/ti-cgt-c2000_18.1.3.LTS/lib/</path>
         <kind>archive</kind>
         <file>rts2800_fpu32.lib</file>
         <name>fs_tofdfpu32.asm.obj</name>
      </input_file>
      <input_file id="fl-54">
         <path>/opt/ti/ccsv8/tools/compiler/ti-cgt-c2000_18.1.3.LTS/lib/</path>
         <kind>archive</kind>
         <file>rts2800_fpu32.lib</file>
         <name>errno.c.obj</name>
      </input_file>
      <input_file id="fl-55">
         <path>/opt/ti/ccsv8/tools/compiler/ti-cgt-c2000_18.1.3.LTS/lib/</path>
         <kind>archive</kind>
         <file>rts2800_fpu32.lib</file>
         <name>s_copysign.c.obj</name>
      </input_file>
   </input_file_list>
   <object_component_list>
      <object_component id="oc-f7">
         <name>PieVectTableFile</name>
         <uninitialized>true</uninitialized>
         <run_address>0xd00</run_address>
         <size>0x100</size>
         <input_file_ref idref="fl-1a"/>
      </object_component>
      <object_component id="oc-f3">
         <name>DevEmuRegsFile</name>
         <uninitialized>true</uninitialized>
         <run_address>0x880</run_address>
         <size>0xd0</size>
         <input_file_ref idref="fl-1a"/>
      </object_component>
      <object_component id="oc-c9">
         <name>FlashRegsFile</name>
         <uninitialized>true</uninitialized>
         <run_address>0xa80</run_address>
         <size>0x8</size>
         <input_file_ref idref="fl-1a"/>
      </object_component>
      <object_component id="oc-d1">
         <name>CsmRegsFile</name>
         <uninitialized>true</uninitialized>
         <run_address>0xae0</run_address>
         <size>0x10</size>
         <input_file_ref idref="fl-1a"/>
      </object_component>
      <object_component id="oc-d2">
         <name>AdcMirrorFile</name>
         <uninitialized>true</uninitialized>
         <run_address>0xb00</run_address>
         <size>0x10</size>
         <input_file_ref idref="fl-1a"/>
      </object_component>
      <object_component id="oc-d6">
         <name>XintfRegsFile</name>
         <uninitialized>true</uninitialized>
         <run_address>0xb20</run_address>
         <size>0x1e</size>
         <input_file_ref idref="fl-1a"/>
      </object_component>
      <object_component id="oc-ca">
         <name>CpuTimer0RegsFile</name>
         <uninitialized>true</uninitialized>
         <run_address>0xc00</run_address>
         <size>0x8</size>
         <input_file_ref idref="fl-1a"/>
      </object_component>
      <object_component id="oc-cb">
         <name>CpuTimer1RegsFile</name>
         <uninitialized>true</uninitialized>
         <run_address>0xc08</run_address>
         <size>0x8</size>
         <input_file_ref idref="fl-1a"/>
      </object_component>
      <object_component id="oc-c7">
         <name>CpuTimer2RegsFile</name>
         <uninitialized>true</uninitialized>
         <run_address>0xc10</run_address>
         <size>0x8</size>
         <input_file_ref idref="fl-1a"/>
      </object_component>
      <object_component id="oc-d4">
         <name>PieCtrlRegsFile</name>
         <uninitialized>true</uninitialized>
         <run_address>0xce0</run_address>
         <size>0x1a</size>
         <input_file_ref idref="fl-1a"/>
      </object_component>
      <object_component id="oc-f4">
         <name>DmaRegsFile</name>
         <uninitialized>true</uninitialized>
         <run_address>0x1000</run_address>
         <size>0xe0</size>
         <input_file_ref idref="fl-1a"/>
      </object_component>
      <object_component id="oc-e7">
         <name>McbspaRegsFile</name>
         <uninitialized>true</uninitialized>
         <run_address>0x5000</run_address>
         <size>0x25</size>
         <input_file_ref idref="fl-1a"/>
      </object_component>
      <object_component id="oc-e6">
         <name>McbspbRegsFile</name>
         <uninitialized>true</uninitialized>
         <run_address>0x5040</run_address>
         <size>0x25</size>
         <input_file_ref idref="fl-1a"/>
      </object_component>
      <object_component id="oc-e9">
         <name>ECanaRegsFile</name>
         <uninitialized>true</uninitialized>
         <run_address>0x6000</run_address>
         <size>0x34</size>
         <input_file_ref idref="fl-1a"/>
      </object_component>
      <object_component id="oc-ed">
         <name>ECanaLAMRegsFile</name>
         <uninitialized>true</uninitialized>
         <run_address>0x6040</run_address>
         <size>0x40</size>
         <input_file_ref idref="fl-1a"/>
      </object_component>
      <object_component id="oc-f6">
         <name>ECanaMboxesFile</name>
         <uninitialized>true</uninitialized>
         <run_address>0x6100</run_address>
         <size>0x100</size>
         <input_file_ref idref="fl-1a"/>
      </object_component>
      <object_component id="oc-ee">
         <name>ECanaMOTSRegsFile</name>
         <uninitialized>true</uninitialized>
         <run_address>0x6080</run_address>
         <size>0x40</size>
         <input_file_ref idref="fl-1a"/>
      </object_component>
      <object_component id="oc-eb">
         <name>ECanaMOTORegsFile</name>
         <uninitialized>true</uninitialized>
         <run_address>0x60c0</run_address>
         <size>0x40</size>
         <input_file_ref idref="fl-1a"/>
      </object_component>
      <object_component id="oc-ea">
         <name>ECanbRegsFile</name>
         <uninitialized>true</uninitialized>
         <run_address>0x6200</run_address>
         <size>0x34</size>
         <input_file_ref idref="fl-1a"/>
      </object_component>
      <object_component id="oc-f2">
         <name>ECanbLAMRegsFile</name>
         <uninitialized>true</uninitialized>
         <run_address>0x6240</run_address>
         <size>0x40</size>
         <input_file_ref idref="fl-1a"/>
      </object_component>
      <object_component id="oc-f5">
         <name>ECanbMboxesFile</name>
         <uninitialized>true</uninitialized>
         <run_address>0x6300</run_address>
         <size>0x100</size>
         <input_file_ref idref="fl-1a"/>
      </object_component>
      <object_component id="oc-ec">
         <name>ECanbMOTSRegsFile</name>
         <uninitialized>true</uninitialized>
         <run_address>0x6280</run_address>
         <size>0x40</size>
         <input_file_ref idref="fl-1a"/>
      </object_component>
      <object_component id="oc-ef">
         <name>ECanbMOTORegsFile</name>
         <uninitialized>true</uninitialized>
         <run_address>0x62c0</run_address>
         <size>0x40</size>
         <input_file_ref idref="fl-1a"/>
      </object_component>
      <object_component id="oc-e4">
         <name>EPwm1RegsFile</name>
         <uninitialized>true</uninitialized>
         <run_address>0x6800</run_address>
         <size>0x22</size>
         <input_file_ref idref="fl-1a"/>
      </object_component>
      <object_component id="oc-df">
         <name>EPwm2RegsFile</name>
         <uninitialized>true</uninitialized>
         <run_address>0x6840</run_address>
         <size>0x22</size>
         <input_file_ref idref="fl-1a"/>
      </object_component>
      <object_component id="oc-e0">
         <name>EPwm3RegsFile</name>
         <uninitialized>true</uninitialized>
         <run_address>0x6880</run_address>
         <size>0x22</size>
         <input_file_ref idref="fl-1a"/>
      </object_component>
      <object_component id="oc-e5">
         <name>EPwm4RegsFile</name>
         <uninitialized>true</uninitialized>
         <run_address>0x68c0</run_address>
         <size>0x22</size>
         <input_file_ref idref="fl-1a"/>
      </object_component>
      <object_component id="oc-e2">
         <name>EPwm5RegsFile</name>
         <uninitialized>true</uninitialized>
         <run_address>0x6900</run_address>
         <size>0x22</size>
         <input_file_ref idref="fl-1a"/>
      </object_component>
      <object_component id="oc-e3">
         <name>EPwm6RegsFile</name>
         <uninitialized>true</uninitialized>
         <run_address>0x6940</run_address>
         <size>0x22</size>
         <input_file_ref idref="fl-1a"/>
      </object_component>
      <object_component id="oc-d9">
         <name>ECap1RegsFile</name>
         <uninitialized>true</uninitialized>
         <run_address>0x6a00</run_address>
         <size>0x20</size>
         <input_file_ref idref="fl-1a"/>
      </object_component>
      <object_component id="oc-da">
         <name>ECap2RegsFile</name>
         <uninitialized>true</uninitialized>
         <run_address>0x6a20</run_address>
         <size>0x20</size>
         <input_file_ref idref="fl-1a"/>
      </object_component>
      <object_component id="oc-d7">
         <name>ECap3RegsFile</name>
         <uninitialized>true</uninitialized>
         <run_address>0x6a40</run_address>
         <size>0x20</size>
         <input_file_ref idref="fl-1a"/>
      </object_component>
      <object_component id="oc-d8">
         <name>ECap4RegsFile</name>
         <uninitialized>true</uninitialized>
         <run_address>0x6a60</run_address>
         <size>0x20</size>
         <input_file_ref idref="fl-1a"/>
      </object_component>
      <object_component id="oc-dd">
         <name>ECap5RegsFile</name>
         <uninitialized>true</uninitialized>
         <run_address>0x6a80</run_address>
         <size>0x20</size>
         <input_file_ref idref="fl-1a"/>
      </object_component>
      <object_component id="oc-de">
         <name>ECap6RegsFile</name>
         <uninitialized>true</uninitialized>
         <run_address>0x6aa0</run_address>
         <size>0x20</size>
         <input_file_ref idref="fl-1a"/>
      </object_component>
      <object_component id="oc-f0">
         <name>EQep1RegsFile</name>
         <uninitialized>true</uninitialized>
         <run_address>0x6b00</run_address>
         <size>0x40</size>
         <input_file_ref idref="fl-1a"/>
      </object_component>
      <object_component id="oc-f1">
         <name>EQep2RegsFile</name>
         <uninitialized>true</uninitialized>
         <run_address>0x6b40</run_address>
         <size>0x40</size>
         <input_file_ref idref="fl-1a"/>
      </object_component>
      <object_component id="oc-e8">
         <name>GpioCtrlRegsFile</name>
         <uninitialized>true</uninitialized>
         <run_address>0x6f80</run_address>
         <size>0x2e</size>
         <input_file_ref idref="fl-1a"/>
      </object_component>
      <object_component id="oc-db">
         <name>GpioDataRegsFile</name>
         <uninitialized>true</uninitialized>
         <run_address>0x6fc0</run_address>
         <size>0x20</size>
         <input_file_ref idref="fl-1a"/>
      </object_component>
      <object_component id="oc-cc">
         <name>GpioIntRegsFile</name>
         <uninitialized>true</uninitialized>
         <run_address>0x6fe0</run_address>
         <size>0xa</size>
         <input_file_ref idref="fl-1a"/>
      </object_component>
      <object_component id="oc-dc">
         <name>SysCtrlRegsFile</name>
         <uninitialized>true</uninitialized>
         <run_address>0x7010</run_address>
         <size>0x20</size>
         <input_file_ref idref="fl-1a"/>
      </object_component>
      <object_component id="oc-cd">
         <name>SpiaRegsFile</name>
         <uninitialized>true</uninitialized>
         <run_address>0x7040</run_address>
         <size>0x10</size>
         <input_file_ref idref="fl-1a"/>
      </object_component>
      <object_component id="oc-d0">
         <name>SciaRegsFile</name>
         <uninitialized>true</uninitialized>
         <run_address>0x7050</run_address>
         <size>0x10</size>
         <input_file_ref idref="fl-1a"/>
      </object_component>
      <object_component id="oc-d3">
         <name>XIntruptRegsFile</name>
         <uninitialized>true</uninitialized>
         <run_address>0x7070</run_address>
         <size>0x10</size>
         <input_file_ref idref="fl-1a"/>
      </object_component>
      <object_component id="oc-d5">
         <name>AdcRegsFile</name>
         <uninitialized>true</uninitialized>
         <run_address>0x7100</run_address>
         <size>0x1e</size>
         <input_file_ref idref="fl-1a"/>
      </object_component>
      <object_component id="oc-ce">
         <name>ScibRegsFile</name>
         <uninitialized>true</uninitialized>
         <run_address>0x7750</run_address>
         <size>0x10</size>
         <input_file_ref idref="fl-1a"/>
      </object_component>
      <object_component id="oc-cf">
         <name>ScicRegsFile</name>
         <uninitialized>true</uninitialized>
         <run_address>0x7770</run_address>
         <size>0x10</size>
         <input_file_ref idref="fl-1a"/>
      </object_component>
      <object_component id="oc-e1">
         <name>I2caRegsFile</name>
         <uninitialized>true</uninitialized>
         <run_address>0x7900</run_address>
         <size>0x22</size>
         <input_file_ref idref="fl-1a"/>
      </object_component>
      <object_component id="oc-c8">
         <name>CsmPwlFile</name>
         <uninitialized>true</uninitialized>
         <run_address>0x33fff8</run_address>
         <size>0x8</size>
         <input_file_ref idref="fl-1a"/>
      </object_component>
      <object_component id="oc-c6">
         <name>PartIdRegsFile</name>
         <uninitialized>true</uninitialized>
         <run_address>0x380090</run_address>
         <size>0x1</size>
         <input_file_ref idref="fl-1a"/>
      </object_component>
      <object_component id="oc-12d">
         <name>.cinit</name>
         <load_address>0x338276</load_address>
         <run_address>0x338276</run_address>
         <size>0xe</size>
         <input_file_ref idref="fl-34"/>
      </object_component>
      <object_component id="oc-1e3">
         <name>.cinit:__lock</name>
         <load_address>0x338284</load_address>
         <run_address>0x338284</run_address>
         <size>0x5</size>
         <input_file_ref idref="fl-36"/>
      </object_component>
      <object_component id="oc-1ee">
         <name>.cinit:__unlock</name>
         <load_address>0x338289</load_address>
         <run_address>0x338289</run_address>
         <size>0x5</size>
         <input_file_ref idref="fl-36"/>
      </object_component>
      <object_component id="oc-fa">
         <name>.cinit</name>
         <load_address>0x33828e</load_address>
         <run_address>0x33828e</run_address>
         <size>0x4</size>
         <input_file_ref idref="fl-1b"/>
      </object_component>
      <object_component id="oc-1d3">
         <name>.cinit</name>
         <load_address>0x338292</load_address>
         <run_address>0x338292</run_address>
         <size>0x4</size>
         <input_file_ref idref="fl-54"/>
      </object_component>
      <object_component id="oc-134">
         <name>.cinit</name>
         <load_address>0x338296</load_address>
         <run_address>0x338296</run_address>
         <size>0x4</size>
         <input_file_ref idref="fl-35"/>
      </object_component>
      <object_component id="oc-1f3">
         <name>.text</name>
         <load_address>0x320000</load_address>
         <run_address>0x320000</run_address>
         <size>0xd5d</size>
         <input_file_ref idref="fl-39"/>
      </object_component>
      <object_component id="oc-70">
         <name>.text:retain</name>
         <load_address>0x320d5d</load_address>
         <run_address>0x320d5d</run_address>
         <size>0x316</size>
         <input_file_ref idref="fl-9"/>
      </object_component>
      <object_component id="oc-fc">
         <name>.text:retain</name>
         <load_address>0x321073</load_address>
         <run_address>0x321073</run_address>
         <size>0x16f</size>
         <input_file_ref idref="fl-1b"/>
      </object_component>
      <object_component id="oc-1b9">
         <name>.text</name>
         <load_address>0x3211e2</load_address>
         <run_address>0x3211e2</run_address>
         <size>0x107</size>
         <input_file_ref idref="fl-4f"/>
      </object_component>
      <object_component id="oc-1e4">
         <name>.text</name>
         <load_address>0x3212e9</load_address>
         <run_address>0x3212e9</run_address>
         <size>0xf8</size>
         <input_file_ref idref="fl-17"/>
      </object_component>
      <object_component id="oc-1eb">
         <name>.text</name>
         <load_address>0x3213e1</load_address>
         <run_address>0x3213e1</run_address>
         <size>0xc8</size>
         <input_file_ref idref="fl-1d"/>
      </object_component>
      <object_component id="oc-1f8">
         <name>.text</name>
         <load_address>0x3214a9</load_address>
         <run_address>0x3214a9</run_address>
         <size>0xae</size>
         <input_file_ref idref="fl-44"/>
      </object_component>
      <object_component id="oc-187">
         <name>.text</name>
         <load_address>0x321557</load_address>
         <run_address>0x321557</run_address>
         <size>0x9c</size>
         <input_file_ref idref="fl-45"/>
      </object_component>
      <object_component id="oc-1e1">
         <name>.text</name>
         <load_address>0x3215f3</load_address>
         <run_address>0x3215f3</run_address>
         <size>0x90</size>
         <input_file_ref idref="fl-1b"/>
      </object_component>
      <object_component id="oc-191">
         <name>.text</name>
         <load_address>0x321683</load_address>
         <run_address>0x321683</run_address>
         <size>0x8b</size>
         <input_file_ref idref="fl-47"/>
      </object_component>
      <object_component id="oc-113">
         <name>.text</name>
         <load_address>0x32170e</load_address>
         <run_address>0x32170e</run_address>
         <size>0x88</size>
         <input_file_ref idref="fl-2f"/>
      </object_component>
      <object_component id="oc-196">
         <name>.text</name>
         <load_address>0x321796</load_address>
         <run_address>0x321796</run_address>
         <size>0x83</size>
         <input_file_ref idref="fl-48"/>
      </object_component>
      <object_component id="oc-1ea">
         <name>.text</name>
         <load_address>0x321819</load_address>
         <run_address>0x321819</run_address>
         <size>0x73</size>
         <input_file_ref idref="fl-6"/>
      </object_component>
      <object_component id="oc-107">
         <name>.text:retain</name>
         <load_address>0x32188c</load_address>
         <run_address>0x32188c</run_address>
         <size>0x5d</size>
         <input_file_ref idref="fl-1d"/>
      </object_component>
      <object_component id="oc-1f7">
         <name>.text</name>
         <load_address>0x3218e9</load_address>
         <run_address>0x3218e9</run_address>
         <size>0x5a</size>
         <input_file_ref idref="fl-43"/>
      </object_component>
      <object_component id="oc-4c">
         <name>.text</name>
         <load_address>0x321943</load_address>
         <run_address>0x321943</run_address>
         <size>0x56</size>
         <input_file_ref idref="fl-2e"/>
      </object_component>
      <object_component id="oc-1f0">
         <name>.text</name>
         <load_address>0x321999</load_address>
         <run_address>0x321999</run_address>
         <size>0x4e</size>
         <input_file_ref idref="fl-15"/>
      </object_component>
      <object_component id="oc-1f1">
         <name>.text</name>
         <load_address>0x3219e7</load_address>
         <run_address>0x3219e7</run_address>
         <size>0x32</size>
         <input_file_ref idref="fl-38"/>
      </object_component>
      <object_component id="oc-1f4">
         <name>.text</name>
         <load_address>0x321a19</load_address>
         <run_address>0x321a19</run_address>
         <size>0x31</size>
         <input_file_ref idref="fl-3a"/>
      </object_component>
      <object_component id="oc-1f6">
         <name>.text</name>
         <load_address>0x321a4a</load_address>
         <run_address>0x321a4a</run_address>
         <size>0x2e</size>
         <input_file_ref idref="fl-3c"/>
      </object_component>
      <object_component id="oc-18c">
         <name>.text</name>
         <load_address>0x321a78</load_address>
         <run_address>0x321a78</run_address>
         <size>0x2a</size>
         <input_file_ref idref="fl-46"/>
      </object_component>
      <object_component id="oc-1c8">
         <name>.text</name>
         <load_address>0x321aa2</load_address>
         <run_address>0x321aa2</run_address>
         <size>0x2a</size>
         <input_file_ref idref="fl-52"/>
      </object_component>
      <object_component id="oc-1df">
         <name>.text</name>
         <load_address>0x321acc</load_address>
         <run_address>0x321acc</run_address>
         <size>0x29</size>
         <input_file_ref idref="fl-34"/>
      </object_component>
      <object_component id="oc-1e8">
         <name>.text</name>
         <load_address>0x321af5</load_address>
         <run_address>0x321af5</run_address>
         <size>0x28</size>
         <input_file_ref idref="fl-13"/>
      </object_component>
      <object_component id="oc-1ff">
         <name>.text</name>
         <load_address>0x321b1d</load_address>
         <run_address>0x321b1d</run_address>
         <size>0x25</size>
         <input_file_ref idref="fl-55"/>
      </object_component>
      <object_component id="oc-1dc">
         <name>.text</name>
         <load_address>0x321b42</load_address>
         <run_address>0x321b42</run_address>
         <size>0x24</size>
         <input_file_ref idref="fl-30"/>
      </object_component>
      <object_component id="oc-1a5">
         <name>.text</name>
         <load_address>0x321b66</load_address>
         <run_address>0x321b66</run_address>
         <size>0x21</size>
         <input_file_ref idref="fl-4b"/>
      </object_component>
      <object_component id="oc-1e9">
         <name>.text</name>
         <load_address>0x321b87</load_address>
         <run_address>0x321b87</run_address>
         <size>0x20</size>
         <input_file_ref idref="fl-14"/>
      </object_component>
      <object_component id="oc-1aa">
         <name>.text</name>
         <load_address>0x321ba7</load_address>
         <run_address>0x321ba7</run_address>
         <size>0x1f</size>
         <input_file_ref idref="fl-4c"/>
      </object_component>
      <object_component id="oc-1b4">
         <name>.text</name>
         <load_address>0x321bc6</load_address>
         <run_address>0x321bc6</run_address>
         <size>0x1e</size>
         <input_file_ref idref="fl-4e"/>
      </object_component>
      <object_component id="oc-1be">
         <name>.text</name>
         <load_address>0x321be4</load_address>
         <run_address>0x321be4</run_address>
         <size>0x1d</size>
         <input_file_ref idref="fl-50"/>
      </object_component>
      <object_component id="oc-1e0">
         <name>.text</name>
         <load_address>0x321c01</load_address>
         <run_address>0x321c01</run_address>
         <size>0x1d</size>
         <input_file_ref idref="fl-31"/>
      </object_component>
      <object_component id="oc-1cd">
         <name>.text</name>
         <load_address>0x321c1e</load_address>
         <run_address>0x321c1e</run_address>
         <size>0x1c</size>
         <input_file_ref idref="fl-53"/>
      </object_component>
      <object_component id="oc-1c3">
         <name>.text</name>
         <load_address>0x321c3a</load_address>
         <run_address>0x321c3a</run_address>
         <size>0x1c</size>
         <input_file_ref idref="fl-51"/>
      </object_component>
      <object_component id="oc-1de">
         <name>.text</name>
         <load_address>0x321c56</load_address>
         <run_address>0x321c56</run_address>
         <size>0x19</size>
         <input_file_ref idref="fl-37"/>
      </object_component>
      <object_component id="oc-1af">
         <name>.text</name>
         <load_address>0x321c6f</load_address>
         <run_address>0x321c6f</run_address>
         <size>0x18</size>
         <input_file_ref idref="fl-4d"/>
      </object_component>
      <object_component id="oc-1e7">
         <name>.text</name>
         <load_address>0x321c87</load_address>
         <run_address>0x321c87</run_address>
         <size>0x17</size>
         <input_file_ref idref="fl-f"/>
      </object_component>
      <object_component id="oc-1ec">
         <name>.text</name>
         <load_address>0x321c9e</load_address>
         <run_address>0x321c9e</run_address>
         <size>0x14</size>
         <input_file_ref idref="fl-3"/>
      </object_component>
      <object_component id="oc-1e5">
         <name>.text</name>
         <load_address>0x321cb2</load_address>
         <run_address>0x321cb2</run_address>
         <size>0x13</size>
         <input_file_ref idref="fl-12"/>
      </object_component>
      <object_component id="oc-1a0">
         <name>.text</name>
         <load_address>0x321cc5</load_address>
         <run_address>0x321cc5</run_address>
         <size>0xe</size>
         <input_file_ref idref="fl-4a"/>
      </object_component>
      <object_component id="oc-1fc">
         <name>.text</name>
         <load_address>0x321cd3</load_address>
         <run_address>0x321cd3</run_address>
         <size>0xd</size>
         <input_file_ref idref="fl-3d"/>
      </object_component>
      <object_component id="oc-1fa">
         <name>.text</name>
         <load_address>0x321ce0</load_address>
         <run_address>0x321ce0</run_address>
         <size>0xc</size>
         <input_file_ref idref="fl-3e"/>
      </object_component>
      <object_component id="oc-1f9">
         <name>.text</name>
         <load_address>0x321cec</load_address>
         <run_address>0x321cec</run_address>
         <size>0xc</size>
         <input_file_ref idref="fl-3f"/>
      </object_component>
      <object_component id="oc-1ed">
         <name>.text</name>
         <load_address>0x321cf8</load_address>
         <run_address>0x321cf8</run_address>
         <size>0x9</size>
         <input_file_ref idref="fl-36"/>
      </object_component>
      <object_component id="oc-19b">
         <name>.text</name>
         <load_address>0x321d01</load_address>
         <run_address>0x321d01</run_address>
         <size>0x9</size>
         <input_file_ref idref="fl-49"/>
      </object_component>
      <object_component id="oc-1fd">
         <name>.text</name>
         <load_address>0x321d0a</load_address>
         <run_address>0x321d0a</run_address>
         <size>0x9</size>
         <input_file_ref idref="fl-42"/>
      </object_component>
      <object_component id="oc-59">
         <name>.text</name>
         <load_address>0x321d13</load_address>
         <run_address>0x321d13</run_address>
         <size>0x8</size>
         <input_file_ref idref="fl-5"/>
      </object_component>
      <object_component id="oc-1f5">
         <name>.text</name>
         <load_address>0x321d1b</load_address>
         <run_address>0x321d1b</run_address>
         <size>0x8</size>
         <input_file_ref idref="fl-41"/>
      </object_component>
      <object_component id="oc-75">
         <name>.text</name>
         <load_address>0x321d23</load_address>
         <run_address>0x321d23</run_address>
         <size>0x7</size>
         <input_file_ref idref="fl-a"/>
      </object_component>
      <object_component id="oc-1fb">
         <name>.text</name>
         <load_address>0x321d2a</load_address>
         <run_address>0x321d2a</run_address>
         <size>0x5</size>
         <input_file_ref idref="fl-40"/>
      </object_component>
      <object_component id="oc-65">
         <name>.text</name>
         <load_address>0x321d2f</load_address>
         <run_address>0x321d2f</run_address>
         <size>0x3</size>
         <input_file_ref idref="fl-7"/>
      </object_component>
      <object_component id="oc-1db">
         <name>.text</name>
         <load_address>0x321d32</load_address>
         <run_address>0x321d32</run_address>
         <size>0x2</size>
         <input_file_ref idref="fl-32"/>
      </object_component>
      <object_component id="oc-1dd">
         <name>.text</name>
         <load_address>0x321d34</load_address>
         <run_address>0x321d34</run_address>
         <size>0x1</size>
         <input_file_ref idref="fl-33"/>
      </object_component>
      <object_component id="oc-5a">
         <name>codestart</name>
         <load_address>0x33fff6</load_address>
         <run_address>0x33fff6</run_address>
         <size>0x2</size>
         <input_file_ref idref="fl-5"/>
      </object_component>
      <object_component id="oc-1e6">
         <name>ramfuncs</name>
         <load_address>0x321d35</load_address>
         <run_address>0x8000</run_address>
         <size>0x1b</size>
         <input_file_ref idref="fl-17"/>
      </object_component>
      <object_component id="oc-c0">
         <name>ramfuncs</name>
         <load_address>0x321d50</load_address>
         <run_address>0x801b</run_address>
         <size>0x4</size>
         <input_file_ref idref="fl-19"/>
      </object_component>
      <object_component id="oc-57">
         <name>csmpasswds</name>
         <load_address>0x33fff8</load_address>
         <run_address>0x33fff8</run_address>
         <size>0x8</size>
         <input_file_ref idref="fl-4"/>
      </object_component>
      <object_component id="oc-58">
         <name>csm_rsvd</name>
         <load_address>0x33ff80</load_address>
         <run_address>0x33ff80</run_address>
         <size>0x76</size>
         <input_file_ref idref="fl-4"/>
      </object_component>
      <object_component id="oc-10d">
         <name>.stack</name>
         <uninitialized>true</uninitialized>
         <run_address>0x200000</run_address>
         <size>0x0</size>
         <input_file_ref idref="fl-2e"/>
      </object_component>
      <object_component id="oc-257">
         <name>.stack</name>
         <uninitialized>true</uninitialized>
         <run_address>0x200000</run_address>
         <size>0x0</size>
      </object_component>
      <object_component id="oc-60">
         <name>.ebss</name>
         <uninitialized>true</uninitialized>
         <run_address>0xc0a0</run_address>
         <size>0x18</size>
         <input_file_ref idref="fl-6"/>
      </object_component>
      <object_component id="oc-fb">
         <name>.ebss</name>
         <uninitialized>true</uninitialized>
         <run_address>0xc000</run_address>
         <size>0xa0</size>
         <input_file_ref idref="fl-1b"/>
      </object_component>
      <object_component id="oc-12e">
         <name>.ebss</name>
         <uninitialized>true</uninitialized>
         <run_address>0xc0c0</run_address>
         <size>0x6</size>
         <input_file_ref idref="fl-34"/>
      </object_component>
      <object_component id="oc-135">
         <name>.ebss</name>
         <uninitialized>true</uninitialized>
         <run_address>0xc0b8</run_address>
         <size>0x8</size>
         <input_file_ref idref="fl-35"/>
      </object_component>
      <object_component id="oc-1f2">
         <name>.ebss:__unlock</name>
         <uninitialized>true</uninitialized>
         <run_address>0xc0c8</run_address>
         <size>0x2</size>
         <input_file_ref idref="fl-36"/>
      </object_component>
      <object_component id="oc-1e2">
         <name>.ebss:__lock</name>
         <uninitialized>true</uninitialized>
         <run_address>0xc0c6</run_address>
         <size>0x2</size>
         <input_file_ref idref="fl-36"/>
      </object_component>
      <object_component id="oc-1d4">
         <name>.ebss</name>
         <uninitialized>true</uninitialized>
         <run_address>0xc0ca</run_address>
         <size>0x1</size>
         <input_file_ref idref="fl-54"/>
      </object_component>
      <object_component id="oc-1fe">
         <name>.econst:.string:__ctypes_</name>
         <load_address>0x338000</load_address>
         <run_address>0x338000</run_address>
         <size>0x101</size>
         <input_file_ref idref="fl-3b"/>
      </object_component>
      <object_component id="oc-1ef">
         <name>.econst:_PieVectTableInit</name>
         <load_address>0x338102</load_address>
         <run_address>0x338102</run_address>
         <size>0x100</size>
         <input_file_ref idref="fl-14"/>
      </object_component>
      <object_component id="oc-14c">
         <name>.econst:.string</name>
         <load_address>0x338202</load_address>
         <run_address>0x338202</run_address>
         <size>0x26</size>
         <input_file_ref idref="fl-39"/>
      </object_component>
      <object_component id="oc-14b">
         <name>.econst</name>
         <load_address>0x338228</load_address>
         <run_address>0x338228</run_address>
         <size>0x1c</size>
         <input_file_ref idref="fl-39"/>
      </object_component>
      <object_component id="oc-182">
         <name>.econst</name>
         <load_address>0x338244</load_address>
         <run_address>0x338244</run_address>
         <size>0x1c</size>
         <input_file_ref idref="fl-44"/>
      </object_component>
      <object_component id="oc-108">
         <name>.econst:.string</name>
         <load_address>0x338260</load_address>
         <run_address>0x338260</run_address>
         <size>0xd</size>
         <input_file_ref idref="fl-1d"/>
      </object_component>
      <object_component id="oc-17c">
         <name>.econst</name>
         <load_address>0x33826e</load_address>
         <run_address>0x33826e</run_address>
         <size>0x8</size>
         <input_file_ref idref="fl-43"/>
      </object_component>
      <object_component id="oc-10e">
         <name>.reset</name>
         <load_address>0x3fffc0</load_address>
         <run_address>0x3fffc0</run_address>
         <size>0x2</size>
         <input_file_ref idref="fl-2e"/>
      </object_component>
      <object_component id="oc-4d">
         <name>.adc_cal</name>
         <load_address>0x380080</load_address>
         <run_address>0x380080</run_address>
         <size>0x7</size>
         <input_file_ref idref="fl-2"/>
      </object_component>
      <object_component id="oc-4e">
         <name>.debug_info</name>
         <load_address>0x0</load_address>
         <run_address>0x0</run_address>
         <size>0x12c</size>
         <input_file_ref idref="fl-2"/>
      </object_component>
      <object_component id="oc-52">
         <name>.debug_info</name>
         <load_address>0x12c</load_address>
         <run_address>0x12c</run_address>
         <size>0x1f75</size>
         <input_file_ref idref="fl-3"/>
      </object_component>
      <object_component id="oc-5b">
         <name>.debug_info</name>
         <load_address>0x20a1</load_address>
         <run_address>0x20a1</run_address>
         <size>0x17a</size>
         <input_file_ref idref="fl-5"/>
      </object_component>
      <object_component id="oc-5f">
         <name>.debug_info</name>
         <load_address>0x221b</load_address>
         <run_address>0x221b</run_address>
         <size>0xa31</size>
         <input_file_ref idref="fl-6"/>
      </object_component>
      <object_component id="oc-66">
         <name>.debug_info</name>
         <load_address>0x2c4c</load_address>
         <run_address>0x2c4c</run_address>
         <size>0x12a</size>
         <input_file_ref idref="fl-7"/>
      </object_component>
      <object_component id="oc-6a">
         <name>.debug_info</name>
         <load_address>0x2d76</load_address>
         <run_address>0x2d76</run_address>
         <size>0x1764</size>
         <input_file_ref idref="fl-8"/>
      </object_component>
      <object_component id="oc-6f">
         <name>.debug_info</name>
         <load_address>0x44da</load_address>
         <run_address>0x44da</run_address>
         <size>0x2e72</size>
         <input_file_ref idref="fl-9"/>
      </object_component>
      <object_component id="oc-76">
         <name>.debug_info</name>
         <load_address>0x734c</load_address>
         <run_address>0x734c</run_address>
         <size>0x130</size>
         <input_file_ref idref="fl-a"/>
      </object_component>
      <object_component id="oc-7a">
         <name>.debug_info</name>
         <load_address>0x747c</load_address>
         <run_address>0x747c</run_address>
         <size>0x5dcb</size>
         <input_file_ref idref="fl-b"/>
      </object_component>
      <object_component id="oc-7f">
         <name>.debug_info</name>
         <load_address>0xd247</load_address>
         <run_address>0xd247</run_address>
         <size>0x1bd9</size>
         <input_file_ref idref="fl-c"/>
      </object_component>
      <object_component id="oc-84">
         <name>.debug_info</name>
         <load_address>0xee20</load_address>
         <run_address>0xee20</run_address>
         <size>0x1bd9</size>
         <input_file_ref idref="fl-d"/>
      </object_component>
      <object_component id="oc-89">
         <name>.debug_info</name>
         <load_address>0x109f9</load_address>
         <run_address>0x109f9</run_address>
         <size>0x1bd9</size>
         <input_file_ref idref="fl-e"/>
      </object_component>
      <object_component id="oc-8e">
         <name>.debug_info</name>
         <load_address>0x125d2</load_address>
         <run_address>0x125d2</run_address>
         <size>0x1c5a</size>
         <input_file_ref idref="fl-f"/>
      </object_component>
      <object_component id="oc-93">
         <name>.debug_info</name>
         <load_address>0x1422c</load_address>
         <run_address>0x1422c</run_address>
         <size>0x1bd8</size>
         <input_file_ref idref="fl-10"/>
      </object_component>
      <object_component id="oc-98">
         <name>.debug_info</name>
         <load_address>0x15e04</load_address>
         <run_address>0x15e04</run_address>
         <size>0x49f8</size>
         <input_file_ref idref="fl-11"/>
      </object_component>
      <object_component id="oc-9d">
         <name>.debug_info</name>
         <load_address>0x1a7fc</load_address>
         <run_address>0x1a7fc</run_address>
         <size>0x4ca</size>
         <input_file_ref idref="fl-12"/>
      </object_component>
      <object_component id="oc-a2">
         <name>.debug_info</name>
         <load_address>0x1acc6</load_address>
         <run_address>0x1acc6</run_address>
         <size>0xbd9</size>
         <input_file_ref idref="fl-13"/>
      </object_component>
      <object_component id="oc-a7">
         <name>.debug_info</name>
         <load_address>0x1b89f</load_address>
         <run_address>0x1b89f</run_address>
         <size>0x2337</size>
         <input_file_ref idref="fl-14"/>
      </object_component>
      <object_component id="oc-ac">
         <name>.debug_info</name>
         <load_address>0x1dbd6</load_address>
         <run_address>0x1dbd6</run_address>
         <size>0x1ebe</size>
         <input_file_ref idref="fl-15"/>
      </object_component>
      <object_component id="oc-b1">
         <name>.debug_info</name>
         <load_address>0x1fa94</load_address>
         <run_address>0x1fa94</run_address>
         <size>0x1bd8</size>
         <input_file_ref idref="fl-16"/>
      </object_component>
      <object_component id="oc-b6">
         <name>.debug_info</name>
         <load_address>0x2166c</load_address>
         <run_address>0x2166c</run_address>
         <size>0x2233</size>
         <input_file_ref idref="fl-17"/>
      </object_component>
      <object_component id="oc-bb">
         <name>.debug_info</name>
         <load_address>0x2389f</load_address>
         <run_address>0x2389f</run_address>
         <size>0x2190</size>
         <input_file_ref idref="fl-18"/>
      </object_component>
      <object_component id="oc-c1">
         <name>.debug_info</name>
         <load_address>0x25a2f</load_address>
         <run_address>0x25a2f</run_address>
         <size>0x12c</size>
         <input_file_ref idref="fl-19"/>
      </object_component>
      <object_component id="oc-c5">
         <name>.debug_info</name>
         <load_address>0x25b5b</load_address>
         <run_address>0x25b5b</run_address>
         <size>0x13446</size>
         <input_file_ref idref="fl-1a"/>
      </object_component>
      <object_component id="oc-f9">
         <name>.debug_info</name>
         <load_address>0x38fa1</load_address>
         <run_address>0x38fa1</run_address>
         <size>0x520b</size>
         <input_file_ref idref="fl-1b"/>
      </object_component>
      <object_component id="oc-101">
         <name>.debug_info</name>
         <load_address>0x3e1ac</load_address>
         <run_address>0x3e1ac</run_address>
         <size>0x6cb</size>
         <input_file_ref idref="fl-1c"/>
      </object_component>
      <object_component id="oc-106">
         <name>.debug_info</name>
         <load_address>0x3e877</load_address>
         <run_address>0x3e877</run_address>
         <size>0x1bd8</size>
         <input_file_ref idref="fl-1d"/>
      </object_component>
      <object_component id="oc-10f">
         <name>.debug_info</name>
         <load_address>0x4044f</load_address>
         <run_address>0x4044f</run_address>
         <size>0x16b</size>
         <input_file_ref idref="fl-2e"/>
      </object_component>
      <object_component id="oc-114">
         <name>.debug_info</name>
         <load_address>0x405ba</load_address>
         <run_address>0x405ba</run_address>
         <size>0x10c</size>
         <input_file_ref idref="fl-2f"/>
      </object_component>
      <object_component id="oc-118">
         <name>.debug_info</name>
         <load_address>0x406c6</load_address>
         <run_address>0x406c6</run_address>
         <size>0x57f</size>
         <input_file_ref idref="fl-30"/>
      </object_component>
      <object_component id="oc-11d">
         <name>.debug_info</name>
         <load_address>0x40c45</load_address>
         <run_address>0x40c45</run_address>
         <size>0x47a</size>
         <input_file_ref idref="fl-31"/>
      </object_component>
      <object_component id="oc-122">
         <name>.debug_info</name>
         <load_address>0x410bf</load_address>
         <run_address>0x410bf</run_address>
         <size>0x3ed</size>
         <input_file_ref idref="fl-32"/>
      </object_component>
      <object_component id="oc-127">
         <name>.debug_info</name>
         <load_address>0x414ac</load_address>
         <run_address>0x414ac</run_address>
         <size>0x3ea</size>
         <input_file_ref idref="fl-33"/>
      </object_component>
      <object_component id="oc-12c">
         <name>.debug_info</name>
         <load_address>0x41896</load_address>
         <run_address>0x41896</run_address>
         <size>0x584</size>
         <input_file_ref idref="fl-34"/>
      </object_component>
      <object_component id="oc-133">
         <name>.debug_info</name>
         <load_address>0x41e1a</load_address>
         <run_address>0x41e1a</run_address>
         <size>0x561</size>
         <input_file_ref idref="fl-35"/>
      </object_component>
      <object_component id="oc-13b">
         <name>.debug_info</name>
         <load_address>0x4237b</load_address>
         <run_address>0x4237b</run_address>
         <size>0x50c</size>
         <input_file_ref idref="fl-36"/>
      </object_component>
      <object_component id="oc-140">
         <name>.debug_info</name>
         <load_address>0x42887</load_address>
         <run_address>0x42887</run_address>
         <size>0x4a7</size>
         <input_file_ref idref="fl-37"/>
      </object_component>
      <object_component id="oc-145">
         <name>.debug_info</name>
         <load_address>0x42d2e</load_address>
         <run_address>0x42d2e</run_address>
         <size>0x670</size>
         <input_file_ref idref="fl-38"/>
      </object_component>
      <object_component id="oc-14a">
         <name>.debug_info</name>
         <load_address>0x4339e</load_address>
         <run_address>0x4339e</run_address>
         <size>0x2632</size>
         <input_file_ref idref="fl-39"/>
      </object_component>
      <object_component id="oc-151">
         <name>.debug_info</name>
         <load_address>0x459d0</load_address>
         <run_address>0x459d0</run_address>
         <size>0x45f</size>
         <input_file_ref idref="fl-3a"/>
      </object_component>
      <object_component id="oc-156">
         <name>.debug_info</name>
         <load_address>0x45e2f</load_address>
         <run_address>0x45e2f</run_address>
         <size>0x1dc</size>
         <input_file_ref idref="fl-3b"/>
      </object_component>
      <object_component id="oc-158">
         <name>.debug_info</name>
         <load_address>0x4600b</load_address>
         <run_address>0x4600b</run_address>
         <size>0x49f</size>
         <input_file_ref idref="fl-3c"/>
      </object_component>
      <object_component id="oc-15d">
         <name>.debug_info</name>
         <load_address>0x464aa</load_address>
         <run_address>0x464aa</run_address>
         <size>0x478</size>
         <input_file_ref idref="fl-3d"/>
      </object_component>
      <object_component id="oc-162">
         <name>.debug_info</name>
         <load_address>0x46922</load_address>
         <run_address>0x46922</run_address>
         <size>0x532</size>
         <input_file_ref idref="fl-3e"/>
      </object_component>
      <object_component id="oc-167">
         <name>.debug_info</name>
         <load_address>0x46e54</load_address>
         <run_address>0x46e54</run_address>
         <size>0x521</size>
         <input_file_ref idref="fl-3f"/>
      </object_component>
      <object_component id="oc-16c">
         <name>.debug_info</name>
         <load_address>0x47375</load_address>
         <run_address>0x47375</run_address>
         <size>0x514</size>
         <input_file_ref idref="fl-40"/>
      </object_component>
      <object_component id="oc-171">
         <name>.debug_info</name>
         <load_address>0x47889</load_address>
         <run_address>0x47889</run_address>
         <size>0x4da</size>
         <input_file_ref idref="fl-41"/>
      </object_component>
      <object_component id="oc-176">
         <name>.debug_info</name>
         <load_address>0x47d63</load_address>
         <run_address>0x47d63</run_address>
         <size>0x42c</size>
         <input_file_ref idref="fl-42"/>
      </object_component>
      <object_component id="oc-17b">
         <name>.debug_info</name>
         <load_address>0x4818f</load_address>
         <run_address>0x4818f</run_address>
         <size>0x4d6</size>
         <input_file_ref idref="fl-43"/>
      </object_component>
      <object_component id="oc-181">
         <name>.debug_info</name>
         <load_address>0x48665</load_address>
         <run_address>0x48665</run_address>
         <size>0x562</size>
         <input_file_ref idref="fl-44"/>
      </object_component>
      <object_component id="oc-188">
         <name>.debug_info</name>
         <load_address>0x48bc7</load_address>
         <run_address>0x48bc7</run_address>
         <size>0x10c</size>
         <input_file_ref idref="fl-45"/>
      </object_component>
      <object_component id="oc-18d">
         <name>.debug_info</name>
         <load_address>0x48cd3</load_address>
         <run_address>0x48cd3</run_address>
         <size>0x118</size>
         <input_file_ref idref="fl-46"/>
      </object_component>
      <object_component id="oc-192">
         <name>.debug_info</name>
         <load_address>0x48deb</load_address>
         <run_address>0x48deb</run_address>
         <size>0x10c</size>
         <input_file_ref idref="fl-47"/>
      </object_component>
      <object_component id="oc-197">
         <name>.debug_info</name>
         <load_address>0x48ef7</load_address>
         <run_address>0x48ef7</run_address>
         <size>0x10c</size>
         <input_file_ref idref="fl-48"/>
      </object_component>
      <object_component id="oc-19c">
         <name>.debug_info</name>
         <load_address>0x49003</load_address>
         <run_address>0x49003</run_address>
         <size>0x10c</size>
         <input_file_ref idref="fl-49"/>
      </object_component>
      <object_component id="oc-1a1">
         <name>.debug_info</name>
         <load_address>0x4910f</load_address>
         <run_address>0x4910f</run_address>
         <size>0x11a</size>
         <input_file_ref idref="fl-4a"/>
      </object_component>
      <object_component id="oc-1a6">
         <name>.debug_info</name>
         <load_address>0x49229</load_address>
         <run_address>0x49229</run_address>
         <size>0x10c</size>
         <input_file_ref idref="fl-4b"/>
      </object_component>
      <object_component id="oc-1ab">
         <name>.debug_info</name>
         <load_address>0x49335</load_address>
         <run_address>0x49335</run_address>
         <size>0x10c</size>
         <input_file_ref idref="fl-4c"/>
      </object_component>
      <object_component id="oc-1b0">
         <name>.debug_info</name>
         <load_address>0x49441</load_address>
         <run_address>0x49441</run_address>
         <size>0x16e</size>
         <input_file_ref idref="fl-4d"/>
      </object_component>
      <object_component id="oc-1b5">
         <name>.debug_info</name>
         <load_address>0x495af</load_address>
         <run_address>0x495af</run_address>
         <size>0x146</size>
         <input_file_ref idref="fl-4e"/>
      </object_component>
      <object_component id="oc-1ba">
         <name>.debug_info</name>
         <load_address>0x496f5</load_address>
         <run_address>0x496f5</run_address>
         <size>0x229</size>
         <input_file_ref idref="fl-4f"/>
      </object_component>
      <object_component id="oc-1bf">
         <name>.debug_info</name>
         <load_address>0x4991e</load_address>
         <run_address>0x4991e</run_address>
         <size>0x110</size>
         <input_file_ref idref="fl-50"/>
      </object_component>
      <object_component id="oc-1c4">
         <name>.debug_info</name>
         <load_address>0x49a2e</load_address>
         <run_address>0x49a2e</run_address>
         <size>0x110</size>
         <input_file_ref idref="fl-51"/>
      </object_component>
      <object_component id="oc-1c9">
         <name>.debug_info</name>
         <load_address>0x49b3e</load_address>
         <run_address>0x49b3e</run_address>
         <size>0x19d</size>
         <input_file_ref idref="fl-52"/>
      </object_component>
      <object_component id="oc-1ce">
         <name>.debug_info</name>
         <load_address>0x49cdb</load_address>
         <run_address>0x49cdb</run_address>
         <size>0x112</size>
         <input_file_ref idref="fl-53"/>
      </object_component>
      <object_component id="oc-1d2">
         <name>.debug_info</name>
         <load_address>0x49ded</load_address>
         <run_address>0x49ded</run_address>
         <size>0x1bb</size>
         <input_file_ref idref="fl-54"/>
      </object_component>
      <object_component id="oc-1d6">
         <name>.debug_info</name>
         <load_address>0x49fa8</load_address>
         <run_address>0x49fa8</run_address>
         <size>0x463</size>
         <input_file_ref idref="fl-55"/>
      </object_component>
      <object_component id="oc-259">
         <name>.debug_info</name>
         <load_address>0x4a40b</load_address>
         <run_address>0x4a40b</run_address>
         <size>0xb7</size>
      </object_component>
      <object_component id="oc-4f">
         <name>.debug_line</name>
         <load_address>0x0</load_address>
         <run_address>0x0</run_address>
         <size>0x60</size>
         <input_file_ref idref="fl-2"/>
      </object_component>
      <object_component id="oc-54">
         <name>.debug_line</name>
         <load_address>0x60</load_address>
         <run_address>0x60</run_address>
         <size>0x68</size>
         <input_file_ref idref="fl-3"/>
      </object_component>
      <object_component id="oc-5c">
         <name>.debug_line</name>
         <load_address>0xc8</load_address>
         <run_address>0xc8</run_address>
         <size>0x78</size>
         <input_file_ref idref="fl-5"/>
      </object_component>
      <object_component id="oc-62">
         <name>.debug_line</name>
         <load_address>0x140</load_address>
         <run_address>0x140</run_address>
         <size>0x9b</size>
         <input_file_ref idref="fl-6"/>
      </object_component>
      <object_component id="oc-67">
         <name>.debug_line</name>
         <load_address>0x1db</load_address>
         <run_address>0x1db</run_address>
         <size>0x5e</size>
         <input_file_ref idref="fl-7"/>
      </object_component>
      <object_component id="oc-6c">
         <name>.debug_line</name>
         <load_address>0x239</load_address>
         <run_address>0x239</run_address>
         <size>0x49</size>
         <input_file_ref idref="fl-8"/>
      </object_component>
      <object_component id="oc-72">
         <name>.debug_line</name>
         <load_address>0x282</load_address>
         <run_address>0x282</run_address>
         <size>0x765</size>
         <input_file_ref idref="fl-9"/>
      </object_component>
      <object_component id="oc-77">
         <name>.debug_line</name>
         <load_address>0x9e7</load_address>
         <run_address>0x9e7</run_address>
         <size>0x62</size>
         <input_file_ref idref="fl-a"/>
      </object_component>
      <object_component id="oc-7c">
         <name>.debug_line</name>
         <load_address>0xa49</load_address>
         <run_address>0xa49</run_address>
         <size>0x4a</size>
         <input_file_ref idref="fl-b"/>
      </object_component>
      <object_component id="oc-81">
         <name>.debug_line</name>
         <load_address>0xa93</load_address>
         <run_address>0xa93</run_address>
         <size>0x4a</size>
         <input_file_ref idref="fl-c"/>
      </object_component>
      <object_component id="oc-86">
         <name>.debug_line</name>
         <load_address>0xadd</load_address>
         <run_address>0xadd</run_address>
         <size>0x4a</size>
         <input_file_ref idref="fl-d"/>
      </object_component>
      <object_component id="oc-8b">
         <name>.debug_line</name>
         <load_address>0xb27</load_address>
         <run_address>0xb27</run_address>
         <size>0x4a</size>
         <input_file_ref idref="fl-e"/>
      </object_component>
      <object_component id="oc-90">
         <name>.debug_line</name>
         <load_address>0xb71</load_address>
         <run_address>0xb71</run_address>
         <size>0x71</size>
         <input_file_ref idref="fl-f"/>
      </object_component>
      <object_component id="oc-95">
         <name>.debug_line</name>
         <load_address>0xbe2</load_address>
         <run_address>0xbe2</run_address>
         <size>0x49</size>
         <input_file_ref idref="fl-10"/>
      </object_component>
      <object_component id="oc-9a">
         <name>.debug_line</name>
         <load_address>0xc2b</load_address>
         <run_address>0xc2b</run_address>
         <size>0x4b</size>
         <input_file_ref idref="fl-11"/>
      </object_component>
      <object_component id="oc-9f">
         <name>.debug_line</name>
         <load_address>0xc76</load_address>
         <run_address>0xc76</run_address>
         <size>0x6e</size>
         <input_file_ref idref="fl-12"/>
      </object_component>
      <object_component id="oc-a4">
         <name>.debug_line</name>
         <load_address>0xce4</load_address>
         <run_address>0xce4</run_address>
         <size>0x9d</size>
         <input_file_ref idref="fl-13"/>
      </object_component>
      <object_component id="oc-a9">
         <name>.debug_line</name>
         <load_address>0xd81</load_address>
         <run_address>0xd81</run_address>
         <size>0x7f</size>
         <input_file_ref idref="fl-14"/>
      </object_component>
      <object_component id="oc-ae">
         <name>.debug_line</name>
         <load_address>0xe00</load_address>
         <run_address>0xe00</run_address>
         <size>0xe2</size>
         <input_file_ref idref="fl-15"/>
      </object_component>
      <object_component id="oc-b3">
         <name>.debug_line</name>
         <load_address>0xee2</load_address>
         <run_address>0xee2</run_address>
         <size>0x49</size>
         <input_file_ref idref="fl-16"/>
      </object_component>
      <object_component id="oc-b8">
         <name>.debug_line</name>
         <load_address>0xf2b</load_address>
         <run_address>0xf2b</run_address>
         <size>0x17c</size>
         <input_file_ref idref="fl-17"/>
      </object_component>
      <object_component id="oc-bd">
         <name>.debug_line</name>
         <load_address>0x10a7</load_address>
         <run_address>0x10a7</run_address>
         <size>0x4b</size>
         <input_file_ref idref="fl-18"/>
      </object_component>
      <object_component id="oc-c2">
         <name>.debug_line</name>
         <load_address>0x10f2</load_address>
         <run_address>0x10f2</run_address>
         <size>0x5f</size>
         <input_file_ref idref="fl-19"/>
      </object_component>
      <object_component id="oc-fe">
         <name>.debug_line</name>
         <load_address>0x1151</load_address>
         <run_address>0x1151</run_address>
         <size>0xed</size>
         <input_file_ref idref="fl-1b"/>
      </object_component>
      <object_component id="oc-103">
         <name>.debug_line</name>
         <load_address>0x123e</load_address>
         <run_address>0x123e</run_address>
         <size>0x2f</size>
         <input_file_ref idref="fl-1c"/>
      </object_component>
      <object_component id="oc-10a">
         <name>.debug_line</name>
         <load_address>0x126d</load_address>
         <run_address>0x126d</run_address>
         <size>0x200</size>
         <input_file_ref idref="fl-1d"/>
      </object_component>
      <object_component id="oc-110">
         <name>.debug_line</name>
         <load_address>0x146d</load_address>
         <run_address>0x146d</run_address>
         <size>0x7e</size>
         <input_file_ref idref="fl-2e"/>
      </object_component>
      <object_component id="oc-115">
         <name>.debug_line</name>
         <load_address>0x14eb</load_address>
         <run_address>0x14eb</run_address>
         <size>0xad</size>
         <input_file_ref idref="fl-2f"/>
      </object_component>
      <object_component id="oc-11a">
         <name>.debug_line</name>
         <load_address>0x1598</load_address>
         <run_address>0x1598</run_address>
         <size>0x50</size>
         <input_file_ref idref="fl-30"/>
      </object_component>
      <object_component id="oc-11f">
         <name>.debug_line</name>
         <load_address>0x15e8</load_address>
         <run_address>0x15e8</run_address>
         <size>0x62</size>
         <input_file_ref idref="fl-31"/>
      </object_component>
      <object_component id="oc-124">
         <name>.debug_line</name>
         <load_address>0x164a</load_address>
         <run_address>0x164a</run_address>
         <size>0x3e</size>
         <input_file_ref idref="fl-32"/>
      </object_component>
      <object_component id="oc-129">
         <name>.debug_line</name>
         <load_address>0x1688</load_address>
         <run_address>0x1688</run_address>
         <size>0x3a</size>
         <input_file_ref idref="fl-33"/>
      </object_component>
      <object_component id="oc-130">
         <name>.debug_line</name>
         <load_address>0x16c2</load_address>
         <run_address>0x16c2</run_address>
         <size>0x65</size>
         <input_file_ref idref="fl-34"/>
      </object_component>
      <object_component id="oc-138">
         <name>.debug_line</name>
         <load_address>0x1727</load_address>
         <run_address>0x1727</run_address>
         <size>0x29</size>
         <input_file_ref idref="fl-35"/>
      </object_component>
      <object_component id="oc-13d">
         <name>.debug_line</name>
         <load_address>0x1750</load_address>
         <run_address>0x1750</run_address>
         <size>0x5e</size>
         <input_file_ref idref="fl-36"/>
      </object_component>
      <object_component id="oc-142">
         <name>.debug_line</name>
         <load_address>0x17ae</load_address>
         <run_address>0x17ae</run_address>
         <size>0x55</size>
         <input_file_ref idref="fl-37"/>
      </object_component>
      <object_component id="oc-147">
         <name>.debug_line</name>
         <load_address>0x1803</load_address>
         <run_address>0x1803</run_address>
         <size>0x7e</size>
         <input_file_ref idref="fl-38"/>
      </object_component>
      <object_component id="oc-14e">
         <name>.debug_line</name>
         <load_address>0x1881</load_address>
         <run_address>0x1881</run_address>
         <size>0xcc1</size>
         <input_file_ref idref="fl-39"/>
      </object_component>
      <object_component id="oc-153">
         <name>.debug_line</name>
         <load_address>0x2542</load_address>
         <run_address>0x2542</run_address>
         <size>0x6a</size>
         <input_file_ref idref="fl-3a"/>
      </object_component>
      <object_component id="oc-15a">
         <name>.debug_line</name>
         <load_address>0x25ac</load_address>
         <run_address>0x25ac</run_address>
         <size>0x5f</size>
         <input_file_ref idref="fl-3c"/>
      </object_component>
      <object_component id="oc-15f">
         <name>.debug_line</name>
         <load_address>0x260b</load_address>
         <run_address>0x260b</run_address>
         <size>0x48</size>
         <input_file_ref idref="fl-3d"/>
      </object_component>
      <object_component id="oc-164">
         <name>.debug_line</name>
         <load_address>0x2653</load_address>
         <run_address>0x2653</run_address>
         <size>0xa9</size>
         <input_file_ref idref="fl-3e"/>
      </object_component>
      <object_component id="oc-169">
         <name>.debug_line</name>
         <load_address>0x26fc</load_address>
         <run_address>0x26fc</run_address>
         <size>0xa7</size>
         <input_file_ref idref="fl-3f"/>
      </object_component>
      <object_component id="oc-16e">
         <name>.debug_line</name>
         <load_address>0x27a3</load_address>
         <run_address>0x27a3</run_address>
         <size>0xa0</size>
         <input_file_ref idref="fl-40"/>
      </object_component>
      <object_component id="oc-173">
         <name>.debug_line</name>
         <load_address>0x2843</load_address>
         <run_address>0x2843</run_address>
         <size>0xa7</size>
         <input_file_ref idref="fl-41"/>
      </object_component>
      <object_component id="oc-178">
         <name>.debug_line</name>
         <load_address>0x28ea</load_address>
         <run_address>0x28ea</run_address>
         <size>0x3e</size>
         <input_file_ref idref="fl-42"/>
      </object_component>
      <object_component id="oc-17e">
         <name>.debug_line</name>
         <load_address>0x2928</load_address>
         <run_address>0x2928</run_address>
         <size>0x58</size>
         <input_file_ref idref="fl-43"/>
      </object_component>
      <object_component id="oc-184">
         <name>.debug_line</name>
         <load_address>0x2980</load_address>
         <run_address>0x2980</run_address>
         <size>0x72</size>
         <input_file_ref idref="fl-44"/>
      </object_component>
      <object_component id="oc-189">
         <name>.debug_line</name>
         <load_address>0x29f2</load_address>
         <run_address>0x29f2</run_address>
         <size>0xc4</size>
         <input_file_ref idref="fl-45"/>
      </object_component>
      <object_component id="oc-18e">
         <name>.debug_line</name>
         <load_address>0x2ab6</load_address>
         <run_address>0x2ab6</run_address>
         <size>0x60</size>
         <input_file_ref idref="fl-46"/>
      </object_component>
      <object_component id="oc-193">
         <name>.debug_line</name>
         <load_address>0x2b16</load_address>
         <run_address>0x2b16</run_address>
         <size>0xb3</size>
         <input_file_ref idref="fl-47"/>
      </object_component>
      <object_component id="oc-198">
         <name>.debug_line</name>
         <load_address>0x2bc9</load_address>
         <run_address>0x2bc9</run_address>
         <size>0xa2</size>
         <input_file_ref idref="fl-48"/>
      </object_component>
      <object_component id="oc-19d">
         <name>.debug_line</name>
         <load_address>0x2c6b</load_address>
         <run_address>0x2c6b</run_address>
         <size>0x45</size>
         <input_file_ref idref="fl-49"/>
      </object_component>
      <object_component id="oc-1a2">
         <name>.debug_line</name>
[...]
      </symbol>
      <symbol id="sm-2e1">
         <name>_ECap4Regs</name>
         <value>0x6a60</value>
         <object_component_ref idref="oc-d8"/>
      </symbol>
      <symbol id="sm-2e2">
         <name>_CsmRegs</name>
         <value>0xae0</value>
         <object_component_ref idref="oc-d1"/>
      </symbol>
      <symbol id="sm-2e3">
         <name>_ECanaLAMRegs</name>
         <value>0x6040</value>
         <object_component_ref idref="oc-ed"/>
      </symbol>
      <symbol id="sm-2e4">
         <name>_ECanbMOTORegs</name>
         <value>0x62c0</value>
         <object_component_ref idref="oc-ef"/>
      </symbol>
      <symbol id="sm-2e5">
         <name>_EPwm4Regs</name>
         <value>0x68c0</value>
         <object_component_ref idref="oc-e5"/>
      </symbol>
      <symbol id="sm-2e6">
         <name>_ECap5Regs</name>
         <value>0x6a80</value>
         <object_component_ref idref="oc-dd"/>
      </symbol>
      <symbol id="sm-2e7">
         <name>_CpuTimer1Regs</name>
         <value>0xc08</value>
         <object_component_ref idref="oc-cb"/>
      </symbol>
      <symbol id="sm-2e8">
         <name>_SysCtrlRegs</name>
         <value>0x7010</value>
         <object_component_ref idref="oc-dc"/>
      </symbol>
      <symbol id="sm-2e9">
         <name>_EPwm5Regs</name>
         <value>0x6900</value>
         <object_component_ref idref="oc-e2"/>
      </symbol>
      <symbol id="sm-2ea">
         <name>_SpiaRegs</name>
         <value>0x7040</value>
         <object_component_ref idref="oc-cd"/>
      </symbol>
      <symbol id="sm-2eb">
         <name>_ECanaMOTSRegs</name>
         <value>0x6080</value>
         <object_component_ref idref="oc-ee"/>
      </symbol>
      <symbol id="sm-2ec">
         <name>_ECap6Regs</name>
         <value>0x6aa0</value>
         <object_component_ref idref="oc-de"/>
      </symbol>
      <symbol id="sm-2ed">
         <name>_DmaRegs</name>
         <value>0x1000</value>
         <object_component_ref idref="oc-f4"/>
      </symbol>
      <symbol id="sm-2ee">
         <name>_FlashRegs</name>
         <value>0xa80</value>
         <object_component_ref idref="oc-c9"/>
      </symbol>
      <symbol id="sm-2ef">
         <name>_CpuTimer0Regs</name>
         <value>0xc00</value>
         <object_component_ref idref="oc-ca"/>
      </symbol>
      <symbol id="sm-2f0">
         <name>_DevEmuRegs</name>
         <value>0x880</value>
         <object_component_ref idref="oc-f3"/>
      </symbol>
      <symbol id="sm-2f1">
         <name>_McbspbRegs</name>
         <value>0x5040</value>
         <object_component_ref idref="oc-e6"/>
      </symbol>
      <symbol id="sm-2f2">
         <name>_EPwm6Regs</name>
         <value>0x6940</value>
         <object_component_ref idref="oc-e3"/>
      </symbol>
      <symbol id="sm-2f3">
         <name>_SciaRegs</name>
         <value>0x7050</value>
         <object_component_ref idref="oc-d0"/>
      </symbol>
      <symbol id="sm-2f4">
         <name>_GpioDataRegs</name>
         <value>0x6fc0</value>
         <object_component_ref idref="oc-db"/>
      </symbol>
      <symbol id="sm-2f5">
         <name>_CsmPwl</name>
         <value>0x33fff8</value>
         <object_component_ref idref="oc-c8"/>
      </symbol>
      <symbol id="sm-2f6">
         <name>_AdcRegs</name>
         <value>0x7100</value>
         <object_component_ref idref="oc-d5"/>
      </symbol>
      <symbol id="sm-2f7">
         <name>_XIntruptRegs</name>
         <value>0x7070</value>
         <object_component_ref idref="oc-d3"/>
      </symbol>
      <symbol id="sm-2f8">
         <name>_CpuTimer2Regs</name>
         <value>0xc10</value>
         <object_component_ref idref="oc-c7"/>
      </symbol>
      <symbol id="sm-2f9">
         <name>_PieCtrlRegs</name>
         <value>0xce0</value>
         <object_component_ref idref="oc-d4"/>
      </symbol>
      <symbol id="sm-2fa">
         <name>_ECanbMOTSRegs</name>
         <value>0x6280</value>
         <object_component_ref idref="oc-ec"/>
      </symbol>
      <symbol id="sm-2fb">
         <name>_ECanaRegs</name>
         <value>0x6000</value>
         <object_component_ref idref="oc-e9"/>
      </symbol>
      <symbol id="sm-2fc">
         <name>_AdcMirror</name>
         <value>0xb00</value>
         <object_component_ref idref="oc-d2"/>
      </symbol>
      <symbol id="sm-2fd">
         <name>_ECanbMboxes</name>
         <value>0x6300</value>
         <object_component_ref idref="oc-f5"/>
      </symbol>
      <symbol id="sm-2fe">
         <name>_XintfRegs</name>
         <value>0xb20</value>
         <object_component_ref idref="oc-d6"/>
      </symbol>
      <symbol id="sm-2ff">
         <name>_ScicRegs</name>
         <value>0x7770</value>
         <object_component_ref idref="oc-cf"/>
      </symbol>
      <symbol id="sm-300">
         <name>_ECap1Regs</name>
         <value>0x6a00</value>
         <object_component_ref idref="oc-d9"/>
      </symbol>
      <symbol id="sm-301">
         <name>_EQep1Regs</name>
         <value>0x6b00</value>
         <object_component_ref idref="oc-f0"/>
      </symbol>
      <symbol id="sm-302">
         <name>_McbspaRegs</name>
         <value>0x5000</value>
         <object_component_ref idref="oc-e7"/>
      </symbol>
      <symbol id="sm-303">
         <name>_EPwm1Regs</name>
         <value>0x6800</value>
         <object_component_ref idref="oc-e4"/>
      </symbol>
      <symbol id="sm-304">
         <name>_ECanbRegs</name>
         <value>0x6200</value>
         <object_component_ref idref="oc-ea"/>
      </symbol>
      <symbol id="sm-305">
         <name>_ScibRegs</name>
         <value>0x7750</value>
         <object_component_ref idref="oc-ce"/>
      </symbol>
      <symbol id="sm-306">
         <name>_ECap2Regs</name>
         <value>0x6a20</value>
         <object_component_ref idref="oc-da"/>
      </symbol>
      <symbol id="sm-307">
         <name>_GpioIntRegs</name>
         <value>0x6fe0</value>
         <object_component_ref idref="oc-cc"/>
      </symbol>
      <symbol id="sm-308">
         <name>_EQep2Regs</name>
         <value>0x6b40</value>
         <object_component_ref idref="oc-f1"/>
      </symbol>
      <symbol id="sm-309">
         <name>_PartIdRegs</name>
         <value>0x380090</value>
         <object_component_ref idref="oc-c6"/>
      </symbol>
      <symbol id="sm-30a">
         <name>_EPwm2Regs</name>
         <value>0x6840</value>
         <object_component_ref idref="oc-df"/>
      </symbol>
      <symbol id="sm-30b">
         <name>_ECanaMboxes</name>
         <value>0x6100</value>
         <object_component_ref idref="oc-f6"/>
      </symbol>
      <symbol id="sm-30c">
         <name>_ECap3Regs</name>
         <value>0x6a40</value>
         <object_component_ref idref="oc-d7"/>
      </symbol>
      <symbol id="sm-30d">
         <name>_ECanaMOTORegs</name>
         <value>0x60c0</value>
         <object_component_ref idref="oc-eb"/>
      </symbol>
      <symbol id="sm-30e">
         <name>_EPwm3Regs</name>
         <value>0x6880</value>
         <object_component_ref idref="oc-e0"/>
      </symbol>
      <symbol id="sm-30f">
         <name>_ECanbLAMRegs</name>
         <value>0x6240</value>
         <object_component_ref idref="oc-f2"/>
      </symbol>
      <symbol id="sm-310">
         <name>_I2caRegs</name>
         <value>0x7900</value>
         <object_component_ref idref="oc-e1"/>
      </symbol>
      <symbol id="sm-327">
         <name>_main</name>
         <value>0x3215f3</value>
         <object_component_ref idref="oc-1e1"/>
      </symbol>
      <symbol id="sm-328">
         <name>_adc_isr</name>
         <value>0x321073</value>
         <object_component_ref idref="oc-fc"/>
      </symbol>
      <symbol id="sm-329">
         <name>_adc_result</name>
         <value>0xc040</value>
         <object_component_ref idref="oc-fb"/>
      </symbol>
      <symbol id="sm-32a">
         <name>_tint0_isr</name>
         <value>0x3211be</value>
         <object_component_ref idref="oc-fc"/>
      </symbol>
      <symbol id="sm-32b">
         <name>_adc_count</name>
         <value>0xc000</value>
         <object_component_ref idref="oc-fb"/>
      </symbol>
      <symbol id="sm-32c">
         <name>_adc_temp_value</name>
         <value>0xc002</value>
         <object_component_ref idref="oc-fb"/>
      </symbol>
      <symbol id="sm-357">
         <name>_scibRxFifoIsr</name>
         <value>0x3218af</value>
         <object_component_ref idref="oc-107"/>
      </symbol>
      <symbol id="sm-358">
         <name>_scicRxFifoIsr</name>
         <value>0x3218cc</value>
         <object_component_ref idref="oc-107"/>
      </symbol>
      <symbol id="sm-359">
         <name>_sciaRxFifoIsr</name>
         <value>0x32188c</value>
         <object_component_ref idref="oc-107"/>
      </symbol>
      <symbol id="sm-35a">
         <name>_SCI_INIT</name>
         <value>0x3213e1</value>
         <object_component_ref idref="oc-1eb"/>
      </symbol>
      <symbol id="sm-35b">
         <name>_scia_send_temp</name>
         <value>0x32144d</value>
         <object_component_ref idref="oc-1eb"/>
      </symbol>
      <symbol id="sm-35c">
         <name>_scia_xmit</name>
         <value>0x3213ea</value>
         <object_component_ref idref="oc-1eb"/>
      </symbol>
      <symbol id="sm-35d">
         <name>_scib_xmit</name>
         <value>0x32140b</value>
         <object_component_ref idref="oc-1eb"/>
      </symbol>
      <symbol id="sm-35e">
         <name>_scic_xmit</name>
         <value>0x32142c</value>
         <object_component_ref idref="oc-1eb"/>
      </symbol>
      <symbol id="sm-35f">
         <name>_scia_msg</name>
         <value>0x3213f8</value>
         <object_component_ref idref="oc-1eb"/>
      </symbol>
      <symbol id="sm-360">
         <name>_scia_fifo_init</name>
         <value>0x321467</value>
         <object_component_ref idref="oc-1eb"/>
      </symbol>
      <symbol id="sm-361">
         <name>_scib_fifo_init</name>
         <value>0x32147d</value>
         <object_component_ref idref="oc-1eb"/>
      </symbol>
      <symbol id="sm-362">
         <name>_scic_fifo_init</name>
         <value>0x321493</value>
         <object_component_ref idref="oc-1eb"/>
      </symbol>
      <symbol id="sm-363">
         <name>_scic_msg</name>
         <value>0x32143a</value>
         <object_component_ref idref="oc-1eb"/>
      </symbol>
      <symbol id="sm-364">
         <name>_scib_msg</name>
         <value>0x321419</value>
         <object_component_ref idref="oc-1eb"/>
      </symbol>
      <symbol id="sm-37f">
         <name>_c_int00</name>
         <value>0x321943</value>
         <object_component_ref idref="oc-4c"/>
      </symbol>
      <symbol id="sm-380">
         <name>__stack</name>
         <value>0x200000</value>
         <object_component_ref idref="oc-10d"/>
      </symbol>
      <symbol id="sm-391">
         <name>FS$$DIV</name>
         <value>0x32170e</value>
         <object_component_ref idref="oc-113"/>
      </symbol>
      <symbol id="sm-3a0">
         <name>_copy_in</name>
         <value>0x321b42</value>
         <object_component_ref idref="oc-1dc"/>
      </symbol>
      <symbol id="sm-3b1">
         <name>_memcpy</name>
         <value>0x321c01</value>
         <object_component_ref idref="oc-1e0"/>
      </symbol>
      <symbol id="sm-3bd">
         <name>__system_pre_init</name>
         <value>0x321d32</value>
         <object_component_ref idref="oc-1db"/>
      </symbol>
      <symbol id="sm-3ca">
         <name>__system_post_cinit</name>
         <value>0x321d34</value>
         <object_component_ref idref="oc-1dd"/>
      </symbol>
      <symbol id="sm-3de">
         <name>C$$EXIT</name>
         <value>0x321acc</value>
         <object_component_ref idref="oc-1df"/>
      </symbol>
      <symbol id="sm-3df">
         <name>_exit</name>
         <value>0x321ace</value>
         <object_component_ref idref="oc-1df"/>
      </symbol>
      <symbol id="sm-3e0">
         <name>___TI_cleanup_ptr</name>
         <value>0xc0c2</value>
         <object_component_ref idref="oc-12e"/>
      </symbol>
      <symbol id="sm-3e1">
         <name>___TI_enable_exit_profile_output</name>
         <value>0xc0c0</value>
         <object_component_ref idref="oc-12e"/>
      </symbol>
      <symbol id="sm-3e2">
         <name>_abort</name>
         <value>0x321acc</value>
         <object_component_ref idref="oc-1df"/>
      </symbol>
      <symbol id="sm-3e3">
         <name>___TI_dtors_ptr</name>
         <value>0xc0c4</value>
         <object_component_ref idref="oc-12e"/>
      </symbol>
      <symbol id="sm-3f7">
         <name>__sys_memory</name>
         <value>0xd000</value>
         <object_component_ref idref="oc-136"/>
      </symbol>
      <symbol id="sm-40b">
         <name>__unlock</name>
         <value>0xc0c8</value>
         <object_component_ref idref="oc-1f2"/>
      </symbol>
      <symbol id="sm-40c">
         <name>__lock</name>
         <value>0xc0c6</value>
         <object_component_ref idref="oc-1e2"/>
      </symbol>
      <symbol id="sm-40d">
         <name>__register_lock</name>
         <value>0x321cfc</value>
         <object_component_ref idref="oc-1ed"/>
      </symbol>
      <symbol id="sm-40e">
         <name>__nop</name>
         <value>0x321d00</value>
         <object_component_ref idref="oc-1ed"/>
      </symbol>
      <symbol id="sm-40f">
         <name>__register_unlock</name>
         <value>0x321cf8</value>
         <object_component_ref idref="oc-1ed"/>
      </symbol>
      <symbol id="sm-41e">
         <name>__args_main</name>
         <value>0x321c56</value>
         <object_component_ref idref="oc-1de"/>
      </symbol>
      <symbol id="sm-42c">
         <name>_sprintf</name>
         <value>0x3219e7</value>
         <object_component_ref idref="oc-1f1"/>
      </symbol>
      <symbol id="sm-586">
         <name>___TI_printfi</name>
         <value>0x320bbe</value>
         <object_component_ref idref="oc-1f3"/>
      </symbol>
      <symbol id="sm-59a">
         <name>_atoi</name>
         <value>0x321a19</value>
         <object_component_ref idref="oc-1f4"/>
      </symbol>
      <symbol id="sm-5a2">
         <name>__ctypes_</name>
         <value>0x338000</value>
         <object_component_ref idref="oc-1fe"/>
      </symbol>
      <symbol id="sm-5b0">
         <name>_ltoa</name>
         <value>0x321a4a</value>
         <object_component_ref idref="oc-1f6"/>
      </symbol>
      <symbol id="sm-5bf">
         <name>_memccpy</name>
         <value>0x321cd3</value>
         <object_component_ref idref="oc-1fc"/>
      </symbol>
      <symbol id="sm-5cd">
         <name>_memset</name>
         <value>0x321ce0</value>
         <object_component_ref idref="oc-1fa"/>
      </symbol>
      <symbol id="sm-5dc">
         <name>_strchr</name>
         <value>0x321cec</value>
         <object_component_ref idref="oc-1f9"/>
      </symbol>
      <symbol id="sm-5e9">
         <name>_strcpy</name>
         <value>0x321d2a</value>
         <object_component_ref idref="oc-1fb"/>
      </symbol>
      <symbol id="sm-5f6">
         <name>_strlen</name>
         <value>0x321d1b</value>
         <object_component_ref idref="oc-1f5"/>
      </symbol>
      <symbol id="sm-604">
         <name>_wcslen</name>
         <value>0x321d0a</value>
         <object_component_ref idref="oc-1fd"/>
      </symbol>
      <symbol id="sm-617">
         <name>_frexpl</name>
         <value>0x3218e9</value>
         <object_component_ref idref="oc-1f7"/>
      </symbol>
      <symbol id="sm-635">
         <name>_scalbnl</name>
         <value>0x3214a9</value>
         <object_component_ref idref="oc-1f8"/>
      </symbol>
      <symbol id="sm-636">
         <name>_ldexpl</name>
         <value>0x3214a9</value>
         <object_component_ref idref="oc-1f8"/>
      </symbol>
      <symbol id="sm-651">
         <name>FD$$ADD</name>
         <value>0x321557</value>
         <object_component_ref idref="oc-187"/>
      </symbol>
      <symbol id="sm-661">
         <name>FD$$CMP</name>
         <value>0x321a78</value>
         <object_component_ref idref="oc-18c"/>
      </symbol>
      <symbol id="sm-678">
         <name>FD$$DIV</name>
         <value>0x321683</value>
         <object_component_ref idref="oc-191"/>
      </symbol>
      <symbol id="sm-68a">
         <name>FD$$MPY</name>
         <value>0x321796</value>
         <object_component_ref idref="oc-196"/>
      </symbol>
      <symbol id="sm-697">
         <name>FD$$NEG</name>
         <value>0x321d01</value>
         <object_component_ref idref="oc-19b"/>
      </symbol>
      <symbol id="sm-6a3">
         <name>FD$$SUB</name>
         <value>0x321cc5</value>
         <object_component_ref idref="oc-1a0"/>
      </symbol>
      <symbol id="sm-6b2">
         <name>FD$$TOI</name>
         <value>0x321b66</value>
         <object_component_ref idref="oc-1a5"/>
      </symbol>
      <symbol id="sm-6c1">
         <name>FD$$TOL</name>
         <value>0x321ba7</value>
         <object_component_ref idref="oc-1aa"/>
      </symbol>
      <symbol id="sm-6cd">
         <name>LL$$AND</name>
         <value>0x321c6f</value>
         <object_component_ref idref="oc-1af"/>
      </symbol>
      <symbol id="sm-6ce">
         <name>LL$$OR</name>
         <value>0x321c77</value>
         <object_component_ref idref="oc-1af"/>
      </symbol>
      <symbol id="sm-6cf">
         <name>LL$$XOR</name>
         <value>0x321c7f</value>
         <object_component_ref idref="oc-1af"/>
      </symbol>
      <symbol id="sm-6dd">
         <name>ULL$$CMP</name>
         <value>0x321bd8</value>
         <object_component_ref idref="oc-1b4"/>
      </symbol>
      <symbol id="sm-6de">
         <name>LL$$CMP</name>
         <value>0x321bc6</value>
         <object_component_ref idref="oc-1b4"/>
      </symbol>
      <symbol id="sm-70a">
         <name>ULL$$MOD</name>
         <value>0x321287</value>
         <object_component_ref idref="oc-1b9"/>
      </symbol>
      <symbol id="sm-70b">
         <name>ULL$$DIV</name>
         <value>0x321258</value>
         <object_component_ref idref="oc-1b9"/>
      </symbol>
      <symbol id="sm-70c">
         <name>LL$$MOD</name>
         <value>0x32121e</value>
         <object_component_ref idref="oc-1b9"/>
      </symbol>
      <symbol id="sm-70d">
         <name>LL$$DIV</name>
         <value>0x3211e2</value>
         <object_component_ref idref="oc-1b9"/>
      </symbol>
      <symbol id="sm-71d">
         <name>I$$TOFD</name>
         <value>0x321be4</value>
         <object_component_ref idref="oc-1be"/>
      </symbol>
      <symbol id="sm-72d">
         <name>L$$TOFD</name>
         <value>0x321c3a</value>
         <object_component_ref idref="oc-1c3"/>
      </symbol>
      <symbol id="sm-739">
         <name>UL$$MOD</name>
         <value>0x321ac6</value>
         <object_component_ref idref="oc-1c8"/>
      </symbol>
      <symbol id="sm-73a">
         <name>L$$MOD</name>
         <value>0x321ab1</value>
         <object_component_ref idref="oc-1c8"/>
      </symbol>
      <symbol id="sm-73b">
         <name>L$$DIV</name>
         <value>0x321aa2</value>
         <object_component_ref idref="oc-1c8"/>
      </symbol>
      <symbol id="sm-73c">
         <name>UL$$DIV</name>
         <value>0x321abf</value>
         <object_component_ref idref="oc-1c8"/>
      </symbol>
      <symbol id="sm-74c">
         <name>FS$$TOFD</name>
         <value>0x321c1e</value>
         <object_component_ref idref="oc-1cd"/>
      </symbol>
      <symbol id="sm-756">
         <name>_errno</name>
         <value>0xc0ca</value>
         <object_component_ref idref="oc-1d4"/>
      </symbol>
      <symbol id="sm-763">
         <name>_copysignl</name>
         <value>0x321b1d</value>
         <object_component_ref idref="oc-1ff"/>
      </symbol>
   </symbol_table>
   <title>Link successful</title>
</link_info>
