******************************************************************************
             TMS320C2000 Linker Unix v18.1.3                   
******************************************************************************
>> Linked Sat Dec  8 14:37:34 2018

OUTPUT FILE NAME:   <Q34_MULTI_T_SAMPLE_F2833X_CCS8.out>
ENTRY POINT SYMBOL: "_c_int00"  address: 00321943


MEMORY CONFIGURATION

         name            origin    length      used     unused   attr    fill
----------------------  --------  ---------  --------  --------  ----  --------
PAGE 0:
  ZONE0                 00004000   00001000  00000000  00001000  RWIX
  RAML0                 00008000   00001000  0000001f  00000fe1  RWIX
  RAML1                 00009000   00001000  00000000  00001000  RWIX
  RAML2                 0000a000   00001000  00000000  00001000  RWIX
  RAML3                 0000b000   00001000  00000000  00001000  RWIX
  ZONE6                 00100000   00100000  00000000  00100000  RWIX
  ZONE7A                00200000   00100000  00000300  000ffd00  RWIX
  FLASHH                00300000   00008000  00000000  00008000  RWIX
  FLASHG                00308000   00008000  00000000  00008000  RWIX
  FLASHF                00310000   00008000  00000000  00008000  RWIX
  FLASHE                00318000   00008000  00000000  00008000  RWIX
  FLASHD                00320000   00008000  00001d54  000062ac  RWIX
  FLASHC                00328000   00008000  00000000  00008000  RWIX
  FLASHA                00338000   00007f80  0000029c  00007ce4  RWIX
  CSM_RSVD              0033ff80   00000076  00000076  00000000  RWIX
  BEGIN                 0033fff6   00000002  00000002  00000000  RWIX
  CSM_PWL               0033fff8   00000008  00000008  00000000  RWIX
  ADC_CAL               00380080   00000009  00000007  00000002  RWIX
  OTP                   00380400   00000400  00000000  00000400  RWIX
  IQTABLES              003fe000   00000b50  00000000  00000b50  RWIX
  IQTABLES2             003feb50   0000008c  00000000  0000008c  RWIX
  FPUTABLES             003febdc   000006a0  00000000  000006a0  RWIX
  ROM                   003ff27c   00000d44  00000000  00000d44  RWIX
  RESET                 003fffc0   00000002  00000000  00000002  RWIX
  VECTORS               003fffc2   0000003e  00000000  0000003e  RWIX

PAGE 1:
  BOOT_RSVD             00000000   00000050  00000000  00000050  RWIX
  RAMM0                 00000050   000003b0  00000000  000003b0  RWIX
  RAMM1                 00000400   00000400  00000000  00000400  RWIX
  DEV_EMU               00000880   00000180  000000d0  000000b0  RWIX
  FLASH_REGS            00000a80   00000060  00000008  00000058  RWIX
  CSM                   00000ae0   00000010  00000010  00000000  RWIX
  ADC_MIRROR            00000b00   00000010  00000010  00000000  RWIX
  XINTF                 00000b20   00000020  0000001e  00000002  RWIX
  CPU_TIMER0            00000c00   00000008  00000008  00000000  RWIX
  CPU_TIMER1            00000c08   00000008  00000008  00000000  RWIX
  CPU_TIMER2            00000c10   00000008  00000008  00000000  RWIX
  PIE_CTRL              00000ce0   00000020  0000001a  00000006  RWIX
  PIE_VECT              00000d00   00000100  00000100  00000000  RWIX
  DMA                   00001000   00000200  000000e0  00000120  RWIX
  MCBSPA                00005000   00000040  00000025  0000001b  RWIX
  MCBSPB                00005040   00000040  00000025  0000001b  RWIX
  ECANA                 00006000   00000040  00000034  0000000c  RWIX
  ECANA_LAM             00006040   00000040  00000040  00000000  RWIX
  ECANA_MOTS            00006080   00000040  00000040  00000000  RWIX
  ECANA_MOTO            000060c0   00000040  00000040  00000000  RWIX
  ECANA_MBOX            00006100   00000100  00000100  00000000  RWIX
  ECANB                 00006200   00000040  00000034  0000000c  RWIX
  ECANB_LAM             00006240   00000040  00000040  00000000  RWIX
  ECANB_MOTS            00006280   00000040  00000040  00000000  RWIX
  ECANB_MOTO            000062c0   00000040  00000040  00000000  RWIX
  ECANB_MBOX            00006300   00000100  00000100  00000000  RWIX
  EPWM1                 00006800   00000022  00000022  00000000  RWIX
  EPWM2                 00006840   00000022  00000022  00000000  RWIX
  EPWM3                 00006880   00000022  00000022  00000000  RWIX
  EPWM4                 000068c0   00000022  00000022  00000000  RWIX
  EPWM5                 00006900   00000022  00000022  00000000  RWIX
  EPWM6                 00006940   00000022  00000022  00000000  RWIX
  ECAP1                 00006a00   00000020  00000020  00000000  RWIX
  ECAP2                 00006a20   00000020  00000020  00000000  RWIX
  ECAP3                 00006a40   00000020  00000020  00000000  RWIX
  ECAP4                 00006a60   00000020  00000020  00000000  RWIX
  ECAP5                 00006a80   00000020  00000020  00000000  RWIX
  ECAP6                 00006aa0   00000020  00000020  00000000  RWIX
  EQEP1                 00006b00   00000040  00000040  00000000  RWIX
  EQEP2                 00006b40   00000040  00000040  00000000  RWIX
  GPIOCTRL              00006f80   00000040  0000002e  00000012  RWIX
  GPIODAT               00006fc0   00000020  00000020  00000000  RWIX
  GPIOINT               00006fe0   00000020  0000000a  00000016  RWIX
  SYSTEM                00007010   00000020  00000020  00000000  RWIX
  SPIA                  00007040   00000010  00000010  00000000  RWIX
  SCIA                  00007050   00000010  00000010  00000000  RWIX
  XINTRUPT              00007070   00000010  00000010  00000000  RWIX
  ADC                   00007100   00000020  0000001e  00000002  RWIX
  SCIB                  00007750   00000010  00000010  00000000  RWIX
  SCIC                  00007770   00000010  00000010  00000000  RWIX
  I2CA                  00007900   00000040  00000022  0000001e  RWIX
  RAML4                 0000c000   00001000  000000cb  00000f35  RWIX
  RAML5                 0000d000   00001000  00001000  00000000  RWIX
  RAML6                 0000e000   00001000  00000000  00001000  RWIX
  RAML7                 0000f000   00001000  00000000  00001000  RWIX
  ZONE7B                0020fc00   00000400  00000000  00000400  RWIX
  FLASHB                00330000   00008000  00000000  00008000  RWIX
  CSM_PWL               0033fff8   00000008  00000008  00000000  RWIX
  PARTID                00380090   00000001  00000001  00000000  RWIX


SECTION ALLOCATION MAP

 output                                  attributes/
section   page    origin      length       input sections
--------  ----  ----------  ----------   ----------------
.stack     0    00200000    00000300     UNINITIALIZED
                  00200000    00000300     --HOLE--

ramfuncs   0    00321d35    0000001f     RUN ADDR = 00008000
                  00321d35    0000001b     DSP2833x_SysCtrl.obj (ramfuncs)
                  00321d50    00000004     DSP2833x_usDelay.obj (ramfuncs)

.cinit     0    00338276    00000026     
                  00338276    0000000e     rts2800_fpu32.lib : exit.c.obj (.cinit)
                  00338284    00000005                       : _lock.c.obj (.cinit:__lock)
                  00338289    00000005                       : _lock.c.obj (.cinit:__unlock)
                  0033828e    00000004     main.obj (.cinit)
                  00338292    00000004     rts2800_fpu32.lib : errno.c.obj (.cinit)
                  00338296    00000004                       : memory.c.obj (.cinit)
                  0033829a    00000002     --HOLE-- [fill = 0]

csm_rsvd   0    0033ff80    00000076     
                  0033ff80    00000076     DSP2833x_CSMPasswords.obj (csm_rsvd)

DevEmuRegsFile 
*          1    00000880    000000d0     UNINITIALIZED
                  00000880    000000d0     DSP2833x_GlobalVariableDefs.obj (DevEmuRegsFile)

FlashRegsFile 
*          1    00000a80    00000008     UNINITIALIZED
                  00000a80    00000008     DSP2833x_GlobalVariableDefs.obj (FlashRegsFile)

CsmRegsFile 
*          1    00000ae0    00000010     UNINITIALIZED
                  00000ae0    00000010     DSP2833x_GlobalVariableDefs.obj (CsmRegsFile)

AdcMirrorFile 
*          1    00000b00    00000010     UNINITIALIZED
                  00000b00    00000010     DSP2833x_GlobalVariableDefs.obj (AdcMirrorFile)

XintfRegsFile 
*          1    00000b20    0000001e     UNINITIALIZED
                  00000b20    0000001e     DSP2833x_GlobalVariableDefs.obj (XintfRegsFile)

CpuTimer0RegsFile 
*          1    00000c00    00000008     UNINITIALIZED
                  00000c00    00000008     DSP2833x_GlobalVariableDefs.obj (CpuTimer0RegsFile)

CpuTimer1RegsFile 
*          1    00000c08    00000008     UNINITIALIZED
                  00000c08    00000008     DSP2833x_GlobalVariableDefs.obj (CpuTimer1RegsFile)

CpuTimer2RegsFile 
*          1    00000c10    00000008     UNINITIALIZED
                  00000c10    00000008     DSP2833x_GlobalVariableDefs.obj (CpuTimer2RegsFile)

PieCtrlRegsFile 
*          1    00000ce0    0000001a     UNINITIALIZED
                  00000ce0    0000001a     DSP2833x_GlobalVariableDefs.obj (PieCtrlRegsFile)

PieVectTableFile 
*          1    00000d00    00000100     UNINITIALIZED
                  00000d00    00000100     DSP2833x_GlobalVariableDefs.obj (PieVectTableFile)

DmaRegsFile 
*          1    00001000    000000e0     UNINITIALIZED
                  00001000    000000e0     DSP2833x_GlobalVariableDefs.obj (DmaRegsFile)

McbspaRegsFile 
*          1    00005000    00000025     UNINITIALIZED
                  00005000    00000025     DSP2833x_GlobalVariableDefs.obj (McbspaRegsFile)

McbspbRegsFile 
*          1    00005040    00000025     UNINITIALIZED
                  00005040    00000025     DSP2833x_GlobalVariableDefs.obj (McbspbRegsFile)

ECanaRegsFile 
*          1    00006000    00000034     UNINITIALIZED
                  00006000    00000034     DSP2833x_GlobalVariableDefs.obj (ECanaRegsFile)

ECanaLAMRegsFile 
*          1    00006040    00000040     UNINITIALIZED
                  00006040    00000040     DSP2833x_GlobalVariableDefs.obj (ECanaLAMRegsFile)

ECanaMOTSRegsFile 
*          1    00006080    00000040     UNINITIALIZED
                  00006080    00000040     DSP2833x_GlobalVariableDefs.obj (ECanaMOTSRegsFile)

ECanaMOTORegsFile 
*          1    000060c0    00000040     UNINITIALIZED
                  000060c0    00000040     DSP2833x_GlobalVariableDefs.obj (ECanaMOTORegsFile)

ECanaMboxesFile 
*          1    00006100    00000100     UNINITIALIZED
                  00006100    00000100     DSP2833x_GlobalVariableDefs.obj (ECanaMboxesFile)

ECanbRegsFile 
*          1    00006200    00000034     UNINITIALIZED
                  00006200    00000034     DSP2833x_GlobalVariableDefs.obj (ECanbRegsFile)

ECanbLAMRegsFile 
*          1    00006240    00000040     UNINITIALIZED
                  00006240    00000040     DSP2833x_GlobalVariableDefs.obj (ECanbLAMRegsFile)

ECanbMOTSRegsFile 
*          1    00006280    00000040     UNINITIALIZED
                  00006280    00000040     DSP2833x_GlobalVariableDefs.obj (ECanbMOTSRegsFile)

ECanbMOTORegsFile 
*          1    000062c0    00000040     UNINITIALIZED
                  000062c0    00000040     DSP2833x_GlobalVariableDefs.obj (ECanbMOTORegsFile)

ECanbMboxesFile 
*          1    00006300    00000100     UNINITIALIZED
                  00006300    00000100     DSP2833x_GlobalVariableDefs.obj (ECanbMboxesFile)

EPwm1RegsFile 
*          1    00006800    00000022     UNINITIALIZED
                  00006800    00000022     DSP2833x_GlobalVariableDefs.obj (EPwm1RegsFile)

EPwm2RegsFile 
*          1    00006840    00000022     UNINITIALIZED
                  00006840    00000022     DSP2833x_GlobalVariableDefs.obj (EPwm2RegsFile)

EPwm3RegsFile 
*          1    00006880    00000022     UNINITIALIZED
                  00006880    00000022     DSP2833x_GlobalVariableDefs.obj (EPwm3RegsFile)

EPwm4RegsFile 
*          1    000068c0    00000022     UNINITIALIZED
                  000068c0    00000022     DSP2833x_GlobalVariableDefs.obj (EPwm4RegsFile)

EPwm5RegsFile 
*          1    00006900    00000022     UNINITIALIZED
                  00006900    00000022     DSP2833x_GlobalVariableDefs.obj (EPwm5RegsFile)

EPwm6RegsFile 
*          1    00006940    00000022     UNINITIALIZED
                  00006940    00000022     DSP2833x_GlobalVariableDefs.obj (EPwm6RegsFile)

ECap1RegsFile 
*          1    00006a00    00000020     UNINITIALIZED
                  00006a00    00000020     DSP2833x_GlobalVariableDefs.obj (ECap1RegsFile)

ECap2RegsFile 
*          1    00006a20    00000020     UNINITIALIZED
                  00006a20    00000020     DSP2833x_GlobalVariableDefs.obj (ECap2RegsFile)

ECap3RegsFile 
*          1    00006a40    00000020     UNINITIALIZED
                  00006a40    00000020     DSP2833x_GlobalVariableDefs.obj (ECap3RegsFile)

ECap4RegsFile 
*          1    00006a60    00000020     UNINITIALIZED
                  00006a60    00000020     DSP2833x_GlobalVariableDefs.obj (ECap4RegsFile)

ECap5RegsFile 
*          1    00006a80    00000020     UNINITIALIZED
                  00006a80    00000020     DSP2833x_GlobalVariableDefs.obj (ECap5RegsFile)

ECap6RegsFile 
*          1    00006aa0    00000020     UNINITIALIZED
                  00006aa0    00000020     DSP2833x_GlobalVariableDefs.obj (ECap6RegsFile)

EQep1RegsFile 
*          1    00006b00    00000040     UNINITIALIZED
                  00006b00    00000040     DSP2833x_GlobalVariableDefs.obj (EQep1RegsFile)

EQep2RegsFile 
*          1    00006b40    00000040     UNINITIALIZED
                  00006b40    00000040     DSP2833x_GlobalVariableDefs.obj (EQep2RegsFile)

GpioCtrlRegsFile 
*          1    00006f80    0000002e     UNINITIALIZED
                  00006f80    0000002e     DSP2833x_GlobalVariableDefs.obj (GpioCtrlRegsFile)

GpioDataRegsFile 
*          1    00006fc0    00000020     UNINITIALIZED
                  00006fc0    00000020     DSP2833x_GlobalVariableDefs.obj (GpioDataRegsFile)

GpioIntRegsFile 
*          1    00006fe0    0000000a     UNINITIALIZED
                  00006fe0    0000000a     DSP2833x_GlobalVariableDefs.obj (GpioIntRegsFile)

SysCtrlRegsFile 
*          1    00007010    00000020     UNINITIALIZED
                  00007010    00000020     DSP2833x_GlobalVariableDefs.obj (SysCtrlRegsFile)

SpiaRegsFile 
*          1    00007040    00000010     UNINITIALIZED
                  00007040    00000010     DSP2833x_GlobalVariableDefs.obj (SpiaRegsFile)

SciaRegsFile 
*          1    00007050    00000010     UNINITIALIZED
                  00007050    00000010     DSP2833x_GlobalVariableDefs.obj (SciaRegsFile)

XIntruptRegsFile 
*          1    00007070    00000010     UNINITIALIZED
                  00007070    00000010     DSP2833x_GlobalVariableDefs.obj (XIntruptRegsFile)

AdcRegsFile 
*          1    00007100    0000001e     UNINITIALIZED
                  00007100    0000001e     DSP2833x_GlobalVariableDefs.obj (AdcRegsFile)

ScibRegsFile 
*          1    00007750    00000010     UNINITIALIZED
                  00007750    00000010     DSP2833x_GlobalVariableDefs.obj (ScibRegsFile)

ScicRegsFile 
*          1    00007770    00000010     UNINITIALIZED
                  00007770    00000010     DSP2833x_GlobalVariableDefs.obj (ScicRegsFile)

I2caRegsFile 
*          1    00007900    00000022     UNINITIALIZED
                  00007900    00000022     DSP2833x_GlobalVariableDefs.obj (I2caRegsFile)

CsmPwlFile 
*          1    0033fff8    00000008     UNINITIALIZED
                  0033fff8    00000008     DSP2833x_GlobalVariableDefs.obj (CsmPwlFile)

PartIdRegsFile 
*          1    00380090    00000001     UNINITIALIZED
                  00380090    00000001     DSP2833x_GlobalVariableDefs.obj (PartIdRegsFile)

.pinit     0    00338000    00000000     UNINITIALIZED

.text      0    00320000    00001d35     
                  00320000    00000d5d     rts2800_fpu32.lib : _printfi.c.obj (.text)
                  00320d5d    00000316     DSP2833x_DefaultIsr.obj (.text:retain)
                  00321073    0000016f     main.obj (.text:retain)
                  003211e2    00000107     rts2800_fpu32.lib : ll_div28.asm.obj (.text)
                  003212e9    000000f8     DSP2833x_SysCtrl.obj (.text)
                  003213e1    000000c8     sci.obj (.text)
                  003214a9    000000ae     rts2800_fpu32.lib : s_scalbn.c.obj (.text)
                  00321557    0000009c                       : fd_add28.asm.obj (.text)
                  003215f3    00000090     main.obj (.text)
                  00321683    0000008b     rts2800_fpu32.lib : fd_div28.asm.obj (.text)
                  0032170e    00000088                       : fs_div28.asm.obj (.text)
                  00321796    00000083                       : fd_mpy28.asm.obj (.text)
                  00321819    00000073     DSP2833x_CpuTimers.obj (.text)
                  0032188c    0000005d     sci.obj (.text:retain)
                  003218e9    0000005a     rts2800_fpu32.lib : s_frexp.c.obj (.text)
                  00321943    00000056                       : boot28.asm.obj (.text)
                  00321999    0000004e     DSP2833x_Sci.obj (.text)
                  003219e7    00000032     rts2800_fpu32.lib : sprintf.c.obj (.text)
                  00321a19    00000031                       : atoi.c.obj (.text)
                  00321a4a    0000002e                       : ltoa.c.obj (.text)
                  00321a78    0000002a                       : fd_cmp28.asm.obj (.text)
                  00321aa2    0000002a                       : l_div28.asm.obj (.text)
                  00321acc    00000029                       : exit.c.obj (.text)
                  00321af5    00000028     DSP2833x_PieCtrl.obj (.text)
                  00321b1d    00000025     rts2800_fpu32.lib : s_copysign.c.obj (.text)
                  00321b42    00000024                       : cpy_tbl.c.obj (.text)
                  00321b66    00000021                       : fd_toi28.asm.obj (.text)
                  00321b87    00000020     DSP2833x_PieVect.obj (.text)
                  00321ba7    0000001f     rts2800_fpu32.lib : fd_tol28.asm.obj (.text)
                  00321bc6    0000001e                       : ll_cmp28.asm.obj (.text)
                  00321be4    0000001d                       : i_tofd28.asm.obj (.text)
                  00321c01    0000001d                       : memcpy.c.obj (.text)
                  00321c1e    0000001c                       : fs_tofdfpu32.asm.obj (.text)
                  00321c3a    0000001c                       : l_tofd28.asm.obj (.text)
                  00321c56    00000019                       : args_main.c.obj (.text)
                  00321c6f    00000018                       : ll_aox28.asm.obj (.text)
                  00321c87    00000017     DSP2833x_Gpio.obj (.text)
                  00321c9e    00000014     DSP2833x_Adc.obj (.text)
                  00321cb2    00000013     DSP2833x_MemCopy.obj (.text)
                  00321cc5    0000000e     rts2800_fpu32.lib : fd_sub28.asm.obj (.text)
                  00321cd3    0000000d                       : memccpy.c.obj (.text)
                  00321ce0    0000000c                       : memset.c.obj (.text)
                  00321cec    0000000c                       : strchr.c.obj (.text)
                  00321cf8    00000009                       : _lock.c.obj (.text)
                  00321d01    00000009                       : fd_neg28.asm.obj (.text)
                  00321d0a    00000009                       : wcslen.c.obj (.text)
                  00321d13    00000008     DSP2833x_CodeStartBranch.obj (.text)
                  00321d1b    00000008     rts2800_fpu32.lib : strlen.c.obj (.text)
                  00321d23    00000007     DSP2833x_DisInt.obj (.text)
                  00321d2a    00000005     rts2800_fpu32.lib : strcpy.c.obj (.text)
                  00321d2f    00000003     DSP2833x_DBGIER.obj (.text)
                  00321d32    00000002     rts2800_fpu32.lib : pre_init.c.obj (.text)
                  00321d34    00000001                       : startup.c.obj (.text)

codestart 
*          0    0033fff6    00000002     
                  0033fff6    00000002     DSP2833x_CodeStartBranch.obj (codestart)

csmpasswds 
*          0    0033fff8    00000008     
                  0033fff8    00000008     DSP2833x_CSMPasswords.obj (csmpasswds)

.ebss      1    0000c000    000000cb     UNINITIALIZED
                  0000c000    000000a0     main.obj (.ebss)
                  0000c0a0    00000018     DSP2833x_CpuTimers.obj (.ebss)
                  0000c0b8    00000008     rts2800_fpu32.lib : memory.c.obj (.ebss)
                  0000c0c0    00000006                       : exit.c.obj (.ebss)
                  0000c0c6    00000002                       : _lock.c.obj (.ebss:__lock)
                  0000c0c8    00000002                       : _lock.c.obj (.ebss:__unlock)
                  0000c0ca    00000001                       : errno.c.obj (.ebss)

.econst    0    00338000    00000276     
                  00338000    00000101     rts2800_fpu32.lib : ctype.c.obj (.econst:.string:__ctypes_)
                  00338101    00000001     --HOLE-- [fill = 0]
                  00338102    00000100     DSP2833x_PieVect.obj (.econst:_PieVectTableInit)
                  00338202    00000026     rts2800_fpu32.lib : _printfi.c.obj (.econst:.string)
                  00338228    0000001c                       : _printfi.c.obj (.econst)
                  00338244    0000001c                       : s_scalbn.c.obj (.econst)
                  00338260    0000000d     sci.obj (.econst:.string)
                  0033826d    00000001     --HOLE-- [fill = 0]
                  0033826e    00000008     rts2800_fpu32.lib : s_frexp.c.obj (.econst)

.reset     0    003fffc0    00000002     DSECT
                  003fffc0    00000002     rts2800_fpu32.lib : boot28.asm.obj (.reset)

vectors    0    003fffc2    00000000     DSECT

.adc_cal   0    00380080    00000007     NOLOAD SECTION
                  00380080    00000007     DSP2833x_ADC_cal.obj (.adc_cal)

.esysmem   1    0000d000    00001000     UNINITIALIZED
                  0000d000    00000001     rts2800_fpu32.lib : memory.c.obj (.esysmem)
                  0000d001    00000fff     --HOLE--

MODULE SUMMARY

       Module                            code   initialized data   uninitialized data
       ------                            ----   ----------------   ------------------
    ./DSP2833x_common/source/
       DSP2833x_DefaultIsr.obj           790    0                  0                 
       DSP2833x_SysCtrl.obj              302    0                  0                 
       DSP2833x_PieVect.obj              32     256                0                 
       DSP2833x_CpuTimers.obj            115    0                  24                
       DSP2833x_CSMPasswords.obj         0      126                0                 
       DSP2833x_Sci.obj                  78     0                  0                 
       DSP2833x_PieCtrl.obj              40     0                  0                 
       DSP2833x_Gpio.obj                 23     0                  0                 
       DSP2833x_Adc.obj                  20     0                  0                 
       DSP2833x_MemCopy.obj              19     0                  0                 
       DSP2833x_CodeStartBranch.obj      10     0                  0                 
       DSP2833x_usDelay.obj              8      0                  0                 
       DSP2833x_ADC_cal.obj              7      0                  0                 
       DSP2833x_DisInt.obj               7      0                  0                 
       DSP2833x_DBGIER.obj               3      0                  0                 
    +--+---------------------------------+------+------------------+--------------------+
       Total:                            1454   382                24                
                                                                                     
    ./DSP2833x_headers/source/
       DSP2833x_GlobalVariableDefs.obj   0      0                  2679              
    +--+---------------------------------+------+------------------+--------------------+
       Total:                            0      0                  2679              
                                                                                     
    ./src/
       main.obj                          511    4                  160               
       sci.obj                           293    13                 0                 
    +--+---------------------------------+------+------------------+--------------------+
       Total:                            804    17                 160               
                                                                                     
    /opt/ti/ccsv8/tools/compiler/ti-cgt-c2000_18.1.3.LTS/lib/rts2800_fpu32.lib
       _printfi.c.obj                    3421   66                 0                 
       ll_div28.asm.obj                  263    0                  0                 
       ctype.c.obj                       0      257                0                 
       s_scalbn.c.obj                    174    28                 0                 
       fd_add28.asm.obj                  156    0                  0                 
       fd_div28.asm.obj                  139    0                  0                 
       fs_div28.asm.obj                  136    0                  0                 
       fd_mpy28.asm.obj                  131    0                  0                 
       s_frexp.c.obj                     90     8                  0                 
       boot28.asm.obj                    86     0                  0                 
       exit.c.obj                        41     14                 6                 
       sprintf.c.obj                     50     0                  0                 
       atoi.c.obj                        49     0                  0                 
       ltoa.c.obj                        46     0                  0                 
       fd_cmp28.asm.obj                  42     0                  0                 
       l_div28.asm.obj                   42     0                  0                 
       s_copysign.c.obj                  37     0                  0                 
       cpy_tbl.c.obj                     36     0                  0                 
       fd_toi28.asm.obj                  33     0                  0                 
       fd_tol28.asm.obj                  31     0                  0                 
       ll_cmp28.asm.obj                  30     0                  0                 
       i_tofd28.asm.obj                  29     0                  0                 
       memcpy.c.obj                      29     0                  0                 
       fs_tofdfpu32.asm.obj              28     0                  0                 
       l_tofd28.asm.obj                  28     0                  0                 
       args_main.c.obj                   25     0                  0                 
       ll_aox28.asm.obj                  24     0                  0                 
       _lock.c.obj                       9      10                 4                 
       fd_sub28.asm.obj                  14     0                  0                 
       memccpy.c.obj                     13     0                  0                 
       memory.c.obj                      0      4                  8                 
       memset.c.obj                      12     0                  0                 
       strchr.c.obj                      12     0                  0                 
       fd_neg28.asm.obj                  9      0                  0                 
       wcslen.c.obj                      9      0                  0                 
       strlen.c.obj                      8      0                  0                 
       errno.c.obj                       0      4                  1                 
       strcpy.c.obj                      5      0                  0                 
       pre_init.c.obj                    2      0                  0                 
       startup.c.obj                     1      0                  0                 
    +--+---------------------------------+------+------------------+--------------------+
       Total:                            5290   391                19                
                                                                                     
       Heap:                             0      0                  4096              
       Stack:                            0      0                  768               
    +--+---------------------------------+------+------------------+--------------------+
       Grand Total:                      7548   790                7746              


GLOBAL DATA SYMBOLS: SORTED BY DATA PAGE

address     data page           name
--------    ----------------    ----
00000880      22 (00000880)     _DevEmuRegs

00000a80      2a (00000a80)     _FlashRegs

00000ae0      2b (00000ac0)     _CsmRegs

00000b00      2c (00000b00)     _AdcMirror
00000b20      2c (00000b00)     _XintfRegs

00000c00      30 (00000c00)     _CpuTimer0Regs
00000c08      30 (00000c00)     _CpuTimer1Regs
00000c10      30 (00000c00)     _CpuTimer2Regs

00000ce0      33 (00000cc0)     _PieCtrlRegs

00000d00      34 (00000d00)     _PieVectTable

00001000      40 (00001000)     _DmaRegs

00005000     140 (00005000)     _McbspaRegs

00005040     141 (00005040)     _McbspbRegs

00006000     180 (00006000)     _ECanaRegs

00006040     181 (00006040)     _ECanaLAMRegs

00006080     182 (00006080)     _ECanaMOTSRegs

000060c0     183 (000060c0)     _ECanaMOTORegs

00006100     184 (00006100)     _ECanaMboxes

00006200     188 (00006200)     _ECanbRegs

00006240     189 (00006240)     _ECanbLAMRegs

00006280     18a (00006280)     _ECanbMOTSRegs

000062c0     18b (000062c0)     _ECanbMOTORegs

00006300     18c (00006300)     _ECanbMboxes

00006800     1a0 (00006800)     _EPwm1Regs

00006840     1a1 (00006840)     _EPwm2Regs

00006880     1a2 (00006880)     _EPwm3Regs

000068c0     1a3 (000068c0)     _EPwm4Regs

00006900     1a4 (00006900)     _EPwm5Regs

00006940     1a5 (00006940)     _EPwm6Regs

00006a00     1a8 (00006a00)     _ECap1Regs
00006a20     1a8 (00006a00)     _ECap2Regs

00006a40     1a9 (00006a40)     _ECap3Regs
00006a60     1a9 (00006a40)     _ECap4Regs

00006a80     1aa (00006a80)     _ECap5Regs
00006aa0     1aa (00006a80)     _ECap6Regs

00006b00     1ac (00006b00)     _EQep1Regs

00006b40     1ad (00006b40)     _EQep2Regs

00006f80     1be (00006f80)     _GpioCtrlRegs

00006fc0     1bf (00006fc0)     _GpioDataRegs
00006fe0     1bf (00006fc0)     _GpioIntRegs

00007010     1c0 (00007000)     _SysCtrlRegs

00007040     1c1 (00007040)     _SpiaRegs
00007050     1c1 (00007040)     _SciaRegs
00007070     1c1 (00007040)     _XIntruptRegs

00007100     1c4 (00007100)     _AdcRegs

00007750     1dd (00007740)     _ScibRegs
00007770     1dd (00007740)     _ScicRegs

00007900     1e4 (00007900)     _I2caRegs

0000c000     300 (0000c000)     _adc_count
0000c002     300 (0000c000)     _adc_temp_value

0000c040     301 (0000c040)     _adc_result

0000c0a0     302 (0000c080)     _CpuTimer1
0000c0a8     302 (0000c080)     _CpuTimer2
0000c0b0     302 (0000c080)     _CpuTimer0

0000c0c0     303 (0000c0c0)     ___TI_enable_exit_profile_output
0000c0c2     303 (0000c0c0)     ___TI_cleanup_ptr
0000c0c4     303 (0000c0c0)     ___TI_dtors_ptr
0000c0c6     303 (0000c0c0)     __lock
0000c0c8     303 (0000c0c0)     __unlock
0000c0ca     303 (0000c0c0)     _errno

0000d000     340 (0000d000)     __sys_memory

00200000    8000 (00200000)     __stack

00338000    ce00 (00338000)     __ctypes_

00338102    ce04 (00338100)     _PieVectTableInit

0033fff8    cfff (0033ffc0)     _CsmPwl

00380090    e002 (00380080)     _PartIdRegs


GLOBAL SYMBOLS: SORTED ALPHABETICALLY BY Name 

page  address   name                            
----  -------   ----                            
0     00320000  .text                           
0     00321acc  C$$EXIT                         
0     00321557  FD$$ADD                         
0     00321a78  FD$$CMP                         
0     00321683  FD$$DIV                         
0     00321796  FD$$MPY                         
0     00321d01  FD$$NEG                         
0     00321cc5  FD$$SUB                         
0     00321b66  FD$$TOI                         
0     00321ba7  FD$$TOL                         
0     0032170e  FS$$DIV                         
0     00321c1e  FS$$TOFD                        
0     00321be4  I$$TOFD                         
0     00321aa2  L$$DIV                          
0     00321ab1  L$$MOD                          
0     00321c3a  L$$TOFD                         
0     00321c6f  LL$$AND                         
0     00321bc6  LL$$CMP                         
0     003211e2  LL$$DIV                         
0     0032121e  LL$$MOD                         
0     00321c77  LL$$OR                          
0     00321c7f  LL$$XOR                         
0     00321abf  UL$$DIV                         
0     00321ac6  UL$$MOD                         
0     00321bd8  ULL$$CMP                        
0     00321258  ULL$$DIV                        
0     00321287  ULL$$MOD                        
0     00320e43  _ADCINT_ISR                     
0     00380080  _ADC_cal                        
1     00000b00  _AdcMirror                      
1     00007100  _AdcRegs                        
0     00321852  _ConfigCpuTimer                 
1     0000c0b0  _CpuTimer0                      
1     00000c00  _CpuTimer0Regs                  
1     0000c0a0  _CpuTimer1                      
1     00000c08  _CpuTimer1Regs                  
1     0000c0a8  _CpuTimer2                      
1     00000c10  _CpuTimer2Regs                  
1     0033fff8  _CsmPwl                         
1     00000ae0  _CsmRegs                        
0     003213b0  _CsmUnlock                      
0     00320d71  _DATALOG_ISR                    
0     00320f65  _DINTCH1_ISR                    
0     00320f6f  _DINTCH2_ISR                    
0     00320f79  _DINTCH3_ISR                    
0     00320f83  _DINTCH4_ISR                    
0     00320f8d  _DINTCH5_ISR                    
0     00320f97  _DINTCH6_ISR                    
0     00321d23  _DSP28x_DisableInt              
0     00321d27  _DSP28x_RestoreInt              
0     0000801b  _DSP28x_usDelay                 
1     00000880  _DevEmuRegs                     
0     003212fc  _DisableDog                     
1     00001000  _DmaRegs                        
0     00320ff1  _ECAN0INTA_ISR                  
0     00321005  _ECAN0INTB_ISR                  
0     00320ffb  _ECAN1INTA_ISR                  
0     0032100f  _ECAN1INTB_ISR                  
0     00320ed9  _ECAP1_INT_ISR                  
0     00320ee3  _ECAP2_INT_ISR                  
0     00320eed  _ECAP3_INT_ISR                  
0     00320ef7  _ECAP4_INT_ISR                  
0     00320f01  _ECAP5_INT_ISR                  
0     00320f0b  _ECAP6_INT_ISR                  
1     00006040  _ECanaLAMRegs                   
1     000060c0  _ECanaMOTORegs                  
1     00006080  _ECanaMOTSRegs                  
1     00006100  _ECanaMboxes                    
1     00006000  _ECanaRegs                      
1     00006240  _ECanbLAMRegs                   
1     000062c0  _ECanbMOTORegs                  
1     00006280  _ECanbMOTSRegs                  
1     00006300  _ECanbMboxes                    
1     00006200  _ECanbRegs                      
1     00006a00  _ECap1Regs                      
1     00006a20  _ECap2Regs                      
1     00006a40  _ECap3Regs                      
1     00006a60  _ECap4Regs                      
1     00006a80  _ECap5Regs                      
1     00006aa0  _ECap6Regs                      
0     00320d85  _EMUINT_ISR                     
0     00320e9d  _EPWM1_INT_ISR                  
0     00320e61  _EPWM1_TZINT_ISR                
0     00320ea7  _EPWM2_INT_ISR                  
0     00320e6b  _EPWM2_TZINT_ISR                
0     00320eb1  _EPWM3_INT_ISR                  
0     00320e75  _EPWM3_TZINT_ISR                
0     00320ebb  _EPWM4_INT_ISR                  
0     00320e7f  _EPWM4_TZINT_ISR                
0     00320ec5  _EPWM5_INT_ISR                  
0     00320e89  _EPWM5_TZINT_ISR                
0     00320ecf  _EPWM6_INT_ISR                  
0     00320e93  _EPWM6_TZINT_ISR                
1     00006800  _EPwm1Regs                      
1     00006840  _EPwm2Regs                      
1     00006880  _EPwm3Regs                      
1     000068c0  _EPwm4Regs                      
1     00006900  _EPwm5Regs                      
1     00006940  _EPwm6Regs                      
0     00320f15  _EQEP1_INT_ISR                  
0     00320f1f  _EQEP2_INT_ISR                  
1     00006b00  _EQep1Regs                      
1     00006b40  _EQep2Regs                      
0     00321b14  _EnableInterrupts               
1     00000a80  _FlashRegs                      
1     00006f80  _GpioCtrlRegs                   
1     00006fc0  _GpioDataRegs                   
1     00006fe0  _GpioIntRegs                    
0     00320fa1  _I2CINT1A_ISR                   
0     00320fab  _I2CINT2A_ISR                   
1     00007900  _I2caRegs                       
0     00320d99  _ILLEGAL_ISR                    
0     00320d5d  _INT13_ISR                      
0     00320d67  _INT14_ISR                      
0     00321c9e  _InitAdc                        
0     00321819  _InitCpuTimers                  
0     00008000  _InitFlash                      
0     00321c87  _InitGpio                       
0     00321355  _InitPeripheralClocks           
0     00321af5  _InitPieCtrl                    
0     00321b87  _InitPieVectTable               
0     00321304  _InitPll                        
0     00321999  _InitSci                        
0     0032199c  _InitSciGpio                    
0     003219a3  _InitSciaGpio                   
0     003219bb  _InitScibGpio                   
0     003219d1  _InitScicGpio                   
0     003212e9  _InitSysCtrl                    
0     00321055  _LUF_ISR                        
0     0032104b  _LVF_ISR                        
0     00320f51  _MRINTA_ISR                     
0     00320f3d  _MRINTB_ISR                     
0     00320f5b  _MXINTA_ISR                     
0     00320f47  _MXINTB_ISR                     
1     00005000  _McbspaRegs                     
1     00005040  _McbspbRegs                     
0     00321cb2  _MemCopy                        
0     00320d8f  _NMI_ISR                        
0     0032105f  _PIE_RESERVED                   
1     00380090  _PartIdRegs                     
1     00000ce0  _PieCtrlRegs                    
1     00000d00  _PieVectTable                   
0     00338102  _PieVectTableInit               
0     00320d7b  _RTOSINT_ISR                    
0     00321d54  _RamfuncsLoadEnd                
abs   0000001f  _RamfuncsLoadSize               
0     00321d35  _RamfuncsLoadStart              
0     00008000  _RamfuncsRunStart               
0     00320fc9  _SCIRXINTA_ISR                  
0     00320fdd  _SCIRXINTB_ISR                  
0     00320fb5  _SCIRXINTC_ISR                  
0     00320fd3  _SCITXINTA_ISR                  
0     00320fe7  _SCITXINTB_ISR                  
0     00320fbf  _SCITXINTC_ISR                  
0     003213e1  _SCI_INIT                       
0     00320e1b  _SEQ1INT_ISR                    
0     00320e25  _SEQ2INT_ISR                    
0     00320f29  _SPIRXINTA_ISR                  
0     00320f33  _SPITXINTA_ISR                  
1     00007050  _SciaRegs                       
1     00007750  _ScibRegs                       
1     00007770  _ScicRegs                       
0     003212f2  _ServiceDog                     
0     00321d2f  _SetDBGIER                      
1     00007040  _SpiaRegs                       
1     00007010  _SysCtrlRegs                    
0     00320e4d  _TINT0_ISR                      
0     00320dfd  _USER10_ISR                     
0     00320e07  _USER11_ISR                     
0     00320e11  _USER12_ISR                     
0     00320da3  _USER1_ISR                      
0     00320dad  _USER2_ISR                      
0     00320db7  _USER3_ISR                      
0     00320dc1  _USER4_ISR                      
0     00320dcb  _USER5_ISR                      
0     00320dd5  _USER6_ISR                      
0     00320ddf  _USER7_ISR                      
0     00320de9  _USER8_ISR                      
0     00320df3  _USER9_ISR                      
0     00320e57  _WAKEINT_ISR                    
0     00320e2f  _XINT1_ISR                      
0     00320e39  _XINT2_ISR                      
0     00321019  _XINT3_ISR                      
0     00321023  _XINT4_ISR                      
0     0032102d  _XINT5_ISR                      
0     00321037  _XINT6_ISR                      
0     00321041  _XINT7_ISR                      
1     00007070  _XIntruptRegs                   
1     00000b20  _XintfRegs                      
0     00200300  __STACK_END                     
abs   00000300  __STACK_SIZE                    
abs   00001000  __SYSMEM_SIZE                   
1     0000c0c2  ___TI_cleanup_ptr               
1     0000c0c4  ___TI_dtors_ptr                 
1     0000c0c0  ___TI_enable_exit_profile_output
abs   ffffffff  ___TI_pprof_out_hndl            
0     00320bbe  ___TI_printfi                   
abs   ffffffff  ___TI_prof_data_size            
abs   ffffffff  ___TI_prof_data_start           
abs   ffffffff  ___binit__                      
abs   ffffffff  ___c_args__                     
0     00338276  ___cinit__                      
0     00321d35  ___etext__                      
abs   ffffffff  ___pinit__                      
0     00320000  ___text__                       
0     00321c56  __args_main                     
0     00338000  __ctypes_                       
1     0000c0c6  __lock                          
0     00321d00  __nop                           
0     00321cfc  __register_lock                 
0     00321cf8  __register_unlock               
0     00200000  __stack                         
1     0000d000  __sys_memory                    
0     00321d34  __system_post_cinit             
0     00321d32  __system_pre_init               
1     0000c0c8  __unlock                        
0     00321acc  _abort                          
1     0000c000  _adc_count                      
0     00321073  _adc_isr                        
1     0000c040  _adc_result                     
1     0000c002  _adc_temp_value                 
0     00321a19  _atoi                           
0     00321943  _c_int00                        
0     00321b42  _copy_in                        
0     00321b1d  _copysignl                      
1     0000c0ca  _errno                          
0     00321ace  _exit                           
0     003218e9  _frexpl                         
0     003214a9  _ldexpl                         
0     00321a4a  _ltoa                           
0     003215f3  _main                           
0     00321cd3  _memccpy                        
0     00321c01  _memcpy                         
0     00321ce0  _memset                         
0     00321069  _rsvd_ISR                       
0     003214a9  _scalbnl                        
0     0032188c  _sciaRxFifoIsr                  
0     00321467  _scia_fifo_init                 
0     003213f8  _scia_msg                       
0     0032144d  _scia_send_temp                 
0     003213ea  _scia_xmit                      
0     003218af  _scibRxFifoIsr                  
0     0032147d  _scib_fifo_init                 
0     00321419  _scib_msg                       
0     0032140b  _scib_xmit                      
0     003218cc  _scicRxFifoIsr                  
0     00321493  _scic_fifo_init                 
0     0032143a  _scic_msg                       
0     0032142c  _scic_xmit                      
0     003219e7  _sprintf                        
0     00321cec  _strchr                         
0     00321d2a  _strcpy                         
0     00321d1b  _strlen                         
0     003211be  _tint0_isr                      
0     00321d0a  _wcslen                         
abs   ffffffff  binit                           
0     00338276  cinit                           
0     0033fff6  code_start                      
0     00321d35  etext                           
abs   ffffffff  pinit                           


GLOBAL SYMBOLS: SORTED BY Symbol Address 

page  address   name                            
----  -------   ----                            
0     00008000  _InitFlash                      
0     00008000  _RamfuncsRunStart               
0     0000801b  _DSP28x_usDelay                 
0     00200000  __stack                         
0     00200300  __STACK_END                     
0     00320000  .text                           
0     00320000  ___text__                       
0     00320bbe  ___TI_printfi                   
0     00320d5d  _INT13_ISR                      
0     00320d67  _INT14_ISR                      
0     00320d71  _DATALOG_ISR                    
0     00320d7b  _RTOSINT_ISR                    
0     00320d85  _EMUINT_ISR                     
0     00320d8f  _NMI_ISR                        
0     00320d99  _ILLEGAL_ISR                    
0     00320da3  _USER1_ISR                      
0     00320dad  _USER2_ISR                      
0     00320db7  _USER3_ISR                      
0     00320dc1  _USER4_ISR                      
0     00320dcb  _USER5_ISR                      
0     00320dd5  _USER6_ISR                      
0     00320ddf  _USER7_ISR                      
0     00320de9  _USER8_ISR                      
0     00320df3  _USER9_ISR                      
0     00320dfd  _USER10_ISR                     
0     00320e07  _USER11_ISR                     
0     00320e11  _USER12_ISR                     
0     00320e1b  _SEQ1INT_ISR                    
0     00320e25  _SEQ2INT_ISR                    
0     00320e2f  _XINT1_ISR                      
0     00320e39  _XINT2_ISR                      
0     00320e43  _ADCINT_ISR                     
0     00320e4d  _TINT0_ISR                      
0     00320e57  _WAKEINT_ISR                    
0     00320e61  _EPWM1_TZINT_ISR                
0     00320e6b  _EPWM2_TZINT_ISR                
0     00320e75  _EPWM3_TZINT_ISR                
0     00320e7f  _EPWM4_TZINT_ISR                
0     00320e89  _EPWM5_TZINT_ISR                
0     00320e93  _EPWM6_TZINT_ISR                
0     00320e9d  _EPWM1_INT_ISR                  
0     00320ea7  _EPWM2_INT_ISR                  
0     00320eb1  _EPWM3_INT_ISR                  
0     00320ebb  _EPWM4_INT_ISR                  
0     00320ec5  _EPWM5_INT_ISR                  
0     00320ecf  _EPWM6_INT_ISR                  
0     00320ed9  _ECAP1_INT_ISR                  
0     00320ee3  _ECAP2_INT_ISR                  
0     00320eed  _ECAP3_INT_ISR                  
0     00320ef7  _ECAP4_INT_ISR                  
0     00320f01  _ECAP5_INT_ISR                  
0     00320f0b  _ECAP6_INT_ISR                  
0     00320f15  _EQEP1_INT_ISR                  
0     00320f1f  _EQEP2_INT_ISR                  
0     00320f29  _SPIRXINTA_ISR                  
0     00320f33  _SPITXINTA_ISR                  
0     00320f3d  _MRINTB_ISR                     
0     00320f47  _MXINTB_ISR                     
0     00320f51  _MRINTA_ISR                     
0     00320f5b  _MXINTA_ISR                     
0     00320f65  _DINTCH1_ISR                    
0     00320f6f  _DINTCH2_ISR                    
0     00320f79  _DINTCH3_ISR                    
0     00320f83  _DINTCH4_ISR                    
0     00320f8d  _DINTCH5_ISR                    
0     00320f97  _DINTCH6_ISR                    
0     00320fa1  _I2CINT1A_ISR                   
0     00320fab  _I2CINT2A_ISR                   
0     00320fb5  _SCIRXINTC_ISR                  
0     00320fbf  _SCITXINTC_ISR                  
0     00320fc9  _SCIRXINTA_ISR                  
0     00320fd3  _SCITXINTA_ISR                  
0     00320fdd  _SCIRXINTB_ISR                  
0     00320fe7  _SCITXINTB_ISR                  
0     00320ff1  _ECAN0INTA_ISR                  
0     00320ffb  _ECAN1INTA_ISR                  
0     00321005  _ECAN0INTB_ISR                  
0     0032100f  _ECAN1INTB_ISR                  
0     00321019  _XINT3_ISR                      
0     00321023  _XINT4_ISR                      
0     0032102d  _XINT5_ISR                      
0     00321037  _XINT6_ISR                      
0     00321041  _XINT7_ISR                      
0     0032104b  _LVF_ISR                        
0     00321055  _LUF_ISR                        
0     0032105f  _PIE_RESERVED                   
0     00321069  _rsvd_ISR                       
0     00321073  _adc_isr                        
0     003211be  _tint0_isr                      
0     003211e2  LL$$DIV                         
0     0032121e  LL$$MOD                         
0     00321258  ULL$$DIV                        
0     00321287  ULL$$MOD                        
0     003212e9  _InitSysCtrl                    
0     003212f2  _ServiceDog                     
0     003212fc  _DisableDog                     
0     00321304  _InitPll                        
0     00321355  _InitPeripheralClocks           
0     003213b0  _CsmUnlock                      
0     003213e1  _SCI_INIT                       
0     003213ea  _scia_xmit                      
0     003213f8  _scia_msg                       
0     0032140b  _scib_xmit                      
0     00321419  _scib_msg                       
0     0032142c  _scic_xmit                      
0     0032143a  _scic_msg                       
0     0032144d  _scia_send_temp                 
0     00321467  _scia_fifo_init                 
0     0032147d  _scib_fifo_init                 
0     00321493  _scic_fifo_init                 
0     003214a9  _ldexpl                         
0     003214a9  _scalbnl                        
0     00321557  FD$$ADD                         
0     003215f3  _main                           
0     00321683  FD$$DIV                         
0     0032170e  FS$$DIV                         
0     00321796  FD$$MPY                         
0     00321819  _InitCpuTimers                  
0     00321852  _ConfigCpuTimer                 
0     0032188c  _sciaRxFifoIsr                  
0     003218af  _scibRxFifoIsr                  
0     003218cc  _scicRxFifoIsr                  
0     003218e9  _frexpl                         
0     00321943  _c_int00                        
0     00321999  _InitSci                        
0     0032199c  _InitSciGpio                    
0     003219a3  _InitSciaGpio                   
0     003219bb  _InitScibGpio                   
0     003219d1  _InitScicGpio                   
0     003219e7  _sprintf                        
0     00321a19  _atoi                           
0     00321a4a  _ltoa                           
0     00321a78  FD$$CMP                         
0     00321aa2  L$$DIV                          
0     00321ab1  L$$MOD                          
0     00321abf  UL$$DIV                         
0     00321ac6  UL$$MOD                         
0     00321acc  C$$EXIT                         
0     00321acc  _abort                          
0     00321ace  _exit                           
0     00321af5  _InitPieCtrl                    
0     00321b14  _EnableInterrupts               
0     00321b1d  _copysignl                      
0     00321b42  _copy_in                        
0     00321b66  FD$$TOI                         
0     00321b87  _InitPieVectTable               
0     00321ba7  FD$$TOL                         
0     00321bc6  LL$$CMP                         
0     00321bd8  ULL$$CMP                        
0     00321be4  I$$TOFD                         
0     00321c01  _memcpy                         
0     00321c1e  FS$$TOFD                        
0     00321c3a  L$$TOFD                         
0     00321c56  __args_main                     
0     00321c6f  LL$$AND                         
0     00321c77  LL$$OR                          
0     00321c7f  LL$$XOR                         
0     00321c87  _InitGpio                       
0     00321c9e  _InitAdc                        
0     00321cb2  _MemCopy                        
0     00321cc5  FD$$SUB                         
0     00321cd3  _memccpy                        
0     00321ce0  _memset                         
0     00321cec  _strchr                         
0     00321cf8  __register_unlock               
0     00321cfc  __register_lock                 
0     00321d00  __nop                           
0     00321d01  FD$$NEG                         
0     00321d0a  _wcslen                         
0     00321d1b  _strlen                         
0     00321d23  _DSP28x_DisableInt              
0     00321d27  _DSP28x_RestoreInt              
0     00321d2a  _strcpy                         
0     00321d2f  _SetDBGIER                      
0     00321d32  __system_pre_init               
0     00321d34  __system_post_cinit             
0     00321d35  _RamfuncsLoadStart              
0     00321d35  ___etext__                      
0     00321d35  etext                           
0     00321d54  _RamfuncsLoadEnd                
0     00338000  __ctypes_                       
0     00338102  _PieVectTableInit               
0     00338276  ___cinit__                      
0     00338276  cinit                           
0     0033fff6  code_start                      
0     00380080  _ADC_cal                        
1     00000880  _DevEmuRegs                     
1     00000a80  _FlashRegs                      
1     00000ae0  _CsmRegs                        
1     00000b00  _AdcMirror                      
1     00000b20  _XintfRegs                      
1     00000c00  _CpuTimer0Regs                  
1     00000c08  _CpuTimer1Regs                  
1     00000c10  _CpuTimer2Regs                  
1     00000ce0  _PieCtrlRegs                    
1     00000d00  _PieVectTable                   
1     00001000  _DmaRegs                        
1     00005000  _McbspaRegs                     
1     00005040  _McbspbRegs                     
1     00006000  _ECanaRegs                      
1     00006040  _ECanaLAMRegs                   
1     00006080  _ECanaMOTSRegs                  
1     000060c0  _ECanaMOTORegs                  
1     00006100  _ECanaMboxes                    
1     00006200  _ECanbRegs                      
1     00006240  _ECanbLAMRegs                   
1     00006280  _ECanbMOTSRegs                  
1     000062c0  _ECanbMOTORegs                  
1     00006300  _ECanbMboxes                    
1     00006800  _EPwm1Regs                      
1     00006840  _EPwm2Regs                      
1     00006880  _EPwm3Regs                      
1     000068c0  _EPwm4Regs                      
1     00006900  _EPwm5Regs                      
1     00006940  _EPwm6Regs                      
1     00006a00  _ECap1Regs                      
1     00006a20  _ECap2Regs                      
1     00006a40  _ECap3Regs                      
1     00006a60  _ECap4Regs                      
1     00006a80  _ECap5Regs                      
1     00006aa0  _ECap6Regs                      
1     00006b00  _EQep1Regs                      
1     00006b40  _EQep2Regs                      
1     00006f80  _GpioCtrlRegs                   
1     00006fc0  _GpioDataRegs                   
1     00006fe0  _GpioIntRegs                    
1     00007010  _SysCtrlRegs                    
1     00007040  _SpiaRegs                       
1     00007050  _SciaRegs                       
1     00007070  _XIntruptRegs                   
1     00007100  _AdcRegs                        
1     00007750  _ScibRegs                       
1     00007770  _ScicRegs                       
1     00007900  _I2caRegs                       
1     0000c000  _adc_count                      
1     0000c002  _adc_temp_value                 
1     0000c040  _adc_result                     
1     0000c0a0  _CpuTimer1                      
1     0000c0a8  _CpuTimer2                      
1     0000c0b0  _CpuTimer0                      
1     0000c0c0  ___TI_enable_exit_profile_output
1     0000c0c2  ___TI_cleanup_ptr               
1     0000c0c4  ___TI_dtors_ptr                 
1     0000c0c6  __lock                          
1     0000c0c8  __unlock                        
1     0000c0ca  _errno                          
1     0000d000  __sys_memory                    
1     0033fff8  _CsmPwl                         
1     00380090  _PartIdRegs                     
abs   0000001f  _RamfuncsLoadSize               
abs   00000300  __STACK_SIZE                    
abs   00001000  __SYSMEM_SIZE                   
abs   ffffffff  ___TI_pprof_out_hndl            
abs   ffffffff  ___TI_prof_data_size            
abs   ffffffff  ___TI_prof_data_start           
abs   ffffffff  ___binit__                      
abs   ffffffff  ___c_args__                     
abs   ffffffff  ___pinit__                      
abs   ffffffff  binit                           
abs   ffffffff  pinit                           

[260 symbols]
